Component: ARM Compiler 5.06 update 5 (build 528) Tool: armlink [4d35e2]

==============================================================================

Section Cross References

    startup_stm32f40xx.o(RESET) refers to startup_stm32f40xx.o(STACK) for __initial_sp
    startup_stm32f40xx.o(RESET) refers to startup_stm32f40xx.o(.text) for Reset_Handler
    startup_stm32f40xx.o(RESET) refers to stm32f4xx_it.o(i.NMI_Handler) for NMI_Handler
    startup_stm32f40xx.o(RESET) refers to stm32f4xx_it.o(i.HardFault_Handler) for HardFault_Handler
    startup_stm32f40xx.o(RESET) refers to stm32f4xx_it.o(i.MemManage_Handler) for MemManage_Handler
    startup_stm32f40xx.o(RESET) refers to stm32f4xx_it.o(i.BusFault_Handler) for BusFault_Handler
    startup_stm32f40xx.o(RESET) refers to stm32f4xx_it.o(i.UsageFault_Handler) for UsageFault_Handler
    startup_stm32f40xx.o(RESET) refers to port.o(.emb_text) for SVC_Handler
    startup_stm32f40xx.o(RESET) refers to stm32f4xx_it.o(i.DebugMon_Handler) for DebugMon_Handler
    startup_stm32f40xx.o(RESET) refers to port.o(i.SysTick_Handler) for SysTick_Handler
    startup_stm32f40xx.o(RESET) refers to main.o(i.TIM2_IRQHandler) for TIM2_IRQHandler
    startup_stm32f40xx.o(RESET) refers to usart1.o(i.USART1_IRQHandler) for USART1_IRQHandler
    startup_stm32f40xx.o(.text) refers to system_stm32f4xx.o(i.SystemInit) for SystemInit
    startup_stm32f40xx.o(.text) refers to entry.o(.ARM.Collect$$$$00000000) for __main
    system_stm32f4xx.o(i.SystemCoreClockUpdate) refers to system_stm32f4xx.o(.data) for .data
    system_stm32f4xx.o(i.SystemInit) refers to system_stm32f4xx.o(i.SetSysClock) for SetSysClock
    stm32f4xx_adc.o(i.ADC_DeInit) refers to stm32f4xx_rcc.o(i.RCC_APB2PeriphResetCmd) for RCC_APB2PeriphResetCmd
    stm32f4xx_can.o(i.CAN_DeInit) refers to stm32f4xx_rcc.o(i.RCC_APB1PeriphResetCmd) for RCC_APB1PeriphResetCmd
    stm32f4xx_can.o(i.CAN_GetITStatus) refers to stm32f4xx_can.o(i.CheckITStatus) for CheckITStatus
    stm32f4xx_cryp.o(i.CRYP_DeInit) refers to stm32f4xx_rcc.o(i.RCC_AHB2PeriphResetCmd) for RCC_AHB2PeriphResetCmd
    stm32f4xx_cryp_aes.o(i.CRYP_AES_CBC) refers to stm32f4xx_cryp.o(i.CRYP_KeyStructInit) for CRYP_KeyStructInit
    stm32f4xx_cryp_aes.o(i.CRYP_AES_CBC) refers to stm32f4xx_cryp.o(i.CRYP_KeyInit) for CRYP_KeyInit
    stm32f4xx_cryp_aes.o(i.CRYP_AES_CBC) refers to stm32f4xx_cryp.o(i.CRYP_Init) for CRYP_Init
    stm32f4xx_cryp_aes.o(i.CRYP_AES_CBC) refers to stm32f4xx_cryp.o(i.CRYP_IVInit) for CRYP_IVInit
    stm32f4xx_cryp_aes.o(i.CRYP_AES_CBC) refers to stm32f4xx_cryp.o(i.CRYP_FIFOFlush) for CRYP_FIFOFlush
    stm32f4xx_cryp_aes.o(i.CRYP_AES_CBC) refers to stm32f4xx_cryp.o(i.CRYP_Cmd) for CRYP_Cmd
    stm32f4xx_cryp_aes.o(i.CRYP_AES_CBC) refers to stm32f4xx_cryp.o(i.CRYP_GetCmdStatus) for CRYP_GetCmdStatus
    stm32f4xx_cryp_aes.o(i.CRYP_AES_CBC) refers to stm32f4xx_cryp.o(i.CRYP_GetFlagStatus) for CRYP_GetFlagStatus
    stm32f4xx_cryp_aes.o(i.CRYP_AES_CBC) refers to stm32f4xx_cryp.o(i.CRYP_DataIn) for CRYP_DataIn
    stm32f4xx_cryp_aes.o(i.CRYP_AES_CBC) refers to stm32f4xx_cryp.o(i.CRYP_DataOut) for CRYP_DataOut
    stm32f4xx_cryp_aes.o(i.CRYP_AES_CCM) refers to stm32f4xx_cryp.o(i.CRYP_KeyStructInit) for CRYP_KeyStructInit
    stm32f4xx_cryp_aes.o(i.CRYP_AES_CCM) refers to stm32f4xx_cryp.o(i.CRYP_FIFOFlush) for CRYP_FIFOFlush
    stm32f4xx_cryp_aes.o(i.CRYP_AES_CCM) refers to stm32f4xx_cryp.o(i.CRYP_KeyInit) for CRYP_KeyInit
    stm32f4xx_cryp_aes.o(i.CRYP_AES_CCM) refers to stm32f4xx_cryp.o(i.CRYP_IVInit) for CRYP_IVInit
    stm32f4xx_cryp_aes.o(i.CRYP_AES_CCM) refers to stm32f4xx_cryp.o(i.CRYP_Init) for CRYP_Init
    stm32f4xx_cryp_aes.o(i.CRYP_AES_CCM) refers to stm32f4xx_cryp.o(i.CRYP_PhaseConfig) for CRYP_PhaseConfig
    stm32f4xx_cryp_aes.o(i.CRYP_AES_CCM) refers to stm32f4xx_cryp.o(i.CRYP_DataIn) for CRYP_DataIn
    stm32f4xx_cryp_aes.o(i.CRYP_AES_CCM) refers to stm32f4xx_cryp.o(i.CRYP_Cmd) for CRYP_Cmd
    stm32f4xx_cryp_aes.o(i.CRYP_AES_CCM) refers to stm32f4xx_cryp.o(i.CRYP_GetCmdStatus) for CRYP_GetCmdStatus
    stm32f4xx_cryp_aes.o(i.CRYP_AES_CCM) refers to stm32f4xx_cryp.o(i.CRYP_GetFlagStatus) for CRYP_GetFlagStatus
    stm32f4xx_cryp_aes.o(i.CRYP_AES_CCM) refers to stm32f4xx_cryp.o(i.CRYP_DataOut) for CRYP_DataOut
    stm32f4xx_cryp_aes.o(i.CRYP_AES_CTR) refers to stm32f4xx_cryp.o(i.CRYP_KeyStructInit) for CRYP_KeyStructInit
    stm32f4xx_cryp_aes.o(i.CRYP_AES_CTR) refers to stm32f4xx_cryp.o(i.CRYP_KeyInit) for CRYP_KeyInit
    stm32f4xx_cryp_aes.o(i.CRYP_AES_CTR) refers to stm32f4xx_cryp.o(i.CRYP_Init) for CRYP_Init
    stm32f4xx_cryp_aes.o(i.CRYP_AES_CTR) refers to stm32f4xx_cryp.o(i.CRYP_IVInit) for CRYP_IVInit
    stm32f4xx_cryp_aes.o(i.CRYP_AES_CTR) refers to stm32f4xx_cryp.o(i.CRYP_FIFOFlush) for CRYP_FIFOFlush
    stm32f4xx_cryp_aes.o(i.CRYP_AES_CTR) refers to stm32f4xx_cryp.o(i.CRYP_Cmd) for CRYP_Cmd
    stm32f4xx_cryp_aes.o(i.CRYP_AES_CTR) refers to stm32f4xx_cryp.o(i.CRYP_GetCmdStatus) for CRYP_GetCmdStatus
[...]
    ..\..\User\main.c                        0x00000000   Number         0  main.o ABSOLUTE
    ..\..\User\stm32f4xx_it.c                0x00000000   Number         0  stm32f4xx_it.o ABSOLUTE
    ..\\..\\FreeRTOS\\port\\MemMang\\heap_4.c 0x00000000   Number         0  heap_4.o ABSOLUTE
    ..\\..\\FreeRTOS\\port\\RVDS\\ARM_CM4F\\port.c 0x00000000   Number         0  port.o ABSOLUTE
    ..\\..\\FreeRTOS\\src\\croutine.c        0x00000000   Number         0  croutine.o ABSOLUTE
    ..\\..\\FreeRTOS\\src\\event_groups.c    0x00000000   Number         0  event_groups.o ABSOLUTE
    ..\\..\\FreeRTOS\\src\\list.c            0x00000000   Number         0  list.o ABSOLUTE
    ..\\..\\FreeRTOS\\src\\queue.c           0x00000000   Number         0  queue.o ABSOLUTE
    ..\\..\\FreeRTOS\\src\\tasks.c           0x00000000   Number         0  tasks.o ABSOLUTE
    ..\\..\\FreeRTOS\\src\\timers.c          0x00000000   Number         0  timers.o ABSOLUTE
    ..\\..\\Libraries\\CMSIS\\Device\\ST\\STM32F4xx\\Source\\Templates\\system_stm32f4xx.c 0x00000000   Number         0  system_stm32f4xx.o ABSOLUTE
    ..\\..\\Libraries\\STM32F4xx_StdPeriph_Driver\\src\\misc.c 0x00000000   Number         0  misc.o ABSOLUTE
    ..\\..\\Libraries\\STM32F4xx_StdPeriph_Driver\\src\\stm32f4xx_adc.c 0x00000000   Number         0  stm32f4xx_adc.o ABSOLUTE
    ..\\..\\Libraries\\STM32F4xx_StdPeriph_Driver\\src\\stm32f4xx_can.c 0x00000000   Number         0  stm32f4xx_can.o ABSOLUTE
    ..\\..\\Libraries\\STM32F4xx_StdPeriph_Driver\\src\\stm32f4xx_cec.c 0x00000000   Number         0  stm32f4xx_cec.o ABSOLUTE
    ..\\..\\Libraries\\STM32F4xx_StdPeriph_Driver\\src\\stm32f4xx_crc.c 0x00000000   Number         0  stm32f4xx_crc.o ABSOLUTE
    ..\\..\\Libraries\\STM32F4xx_StdPeriph_Driver\\src\\stm32f4xx_cryp.c 0x00000000   Number         0  stm32f4xx_cryp.o ABSOLUTE
    ..\\..\\Libraries\\STM32F4xx_StdPeriph_Driver\\src\\stm32f4xx_cryp_aes.c 0x00000000   Number         0  stm32f4xx_cryp_aes.o ABSOLUTE
    ..\\..\\Libraries\\STM32F4xx_StdPeriph_Driver\\src\\stm32f4xx_cryp_des.c 0x00000000   Number         0  stm32f4xx_cryp_des.o ABSOLUTE
    ..\\..\\Libraries\\STM32F4xx_StdPeriph_Driver\\src\\stm32f4xx_cryp_tdes.c 0x00000000   Number         0  stm32f4xx_cryp_tdes.o ABSOLUTE
    ..\\..\\Libraries\\STM32F4xx_StdPeriph_Driver\\src\\stm32f4xx_dac.c 0x00000000   Number         0  stm32f4xx_dac.o ABSOLUTE
    ..\\..\\Libraries\\STM32F4xx_StdPeriph_Driver\\src\\stm32f4xx_dbgmcu.c 0x00000000   Number         0  stm32f4xx_dbgmcu.o ABSOLUTE
    ..\\..\\Libraries\\STM32F4xx_StdPeriph_Driver\\src\\stm32f4xx_dcmi.c 0x00000000   Number         0  stm32f4xx_dcmi.o ABSOLUTE
    ..\\..\\Libraries\\STM32F4xx_StdPeriph_Driver\\src\\stm32f4xx_dma.c 0x00000000   Number         0  stm32f4xx_dma.o ABSOLUTE
    ..\\..\\Libraries\\STM32F4xx_StdPeriph_Driver\\src\\stm32f4xx_exti.c 0x00000000   Number         0  stm32f4xx_exti.o ABSOLUTE
    ..\\..\\Libraries\\STM32F4xx_StdPeriph_Driver\\src\\stm32f4xx_flash.c 0x00000000   Number         0  stm32f4xx_flash.o ABSOLUTE
    ..\\..\\Libraries\\STM32F4xx_StdPeriph_Driver\\src\\stm32f4xx_flash_ramfunc.c 0x00000000   Number         0  stm32f4xx_flash_ramfunc.o ABSOLUTE
    ..\\..\\Libraries\\STM32F4xx_StdPeriph_Driver\\src\\stm32f4xx_fmpi2c.c 0x00000000   Number         0  stm32f4xx_fmpi2c.o ABSOLUTE
    ..\\..\\Libraries\\STM32F4xx_StdPeriph_Driver\\src\\stm32f4xx_fsmc.c 0x00000000   Number         0  stm32f4xx_fsmc.o ABSOLUTE
    ..\\..\\Libraries\\STM32F4xx_StdPeriph_Driver\\src\\stm32f4xx_gpio.c 0x00000000   Number         0  stm32f4xx_gpio.o ABSOLUTE
    ..\\..\\Libraries\\STM32F4xx_StdPeriph_Driver\\src\\stm32f4xx_hash.c 0x00000000   Number         0  stm32f4xx_hash.o ABSOLUTE
    ..\\..\\Libraries\\STM32F4xx_StdPeriph_Driver\\src\\stm32f4xx_hash_md5.c 0x00000000   Number         0  stm32f4xx_hash_md5.o ABSOLUTE
    ..\\..\\Libraries\\STM32F4xx_StdPeriph_Driver\\src\\stm32f4xx_hash_sha1.c 0x00000000   Number         0  stm32f4xx_hash_sha1.o ABSOLUTE
    ..\\..\\Libraries\\STM32F4xx_StdPeriph_Driver\\src\\stm32f4xx_i2c.c 0x00000000   Number         0  stm32f4xx_i2c.o ABSOLUTE
    ..\\..\\Libraries\\STM32F4xx_StdPeriph_Driver\\src\\stm32f4xx_iwdg.c 0x00000000   Number         0  stm32f4xx_iwdg.o ABSOLUTE
    ..\\..\\Libraries\\STM32F4xx_StdPeriph_Driver\\src\\stm32f4xx_pwr.c 0x00000000   Number         0  stm32f4xx_pwr.o ABSOLUTE
    ..\\..\\Libraries\\STM32F4xx_StdPeriph_Driver\\src\\stm32f4xx_qspi.c 0x00000000   Number         0  stm32f4xx_qspi.o ABSOLUTE
    ..\\..\\Libraries\\STM32F4xx_StdPeriph_Driver\\src\\stm32f4xx_rcc.c 0x00000000   Number         0  stm32f4xx_rcc.o ABSOLUTE
    ..\\..\\Libraries\\STM32F4xx_StdPeriph_Driver\\src\\stm32f4xx_rng.c 0x00000000   Number         0  stm32f4xx_rng.o ABSOLUTE
    ..\\..\\Libraries\\STM32F4xx_StdPeriph_Driver\\src\\stm32f4xx_rtc.c 0x00000000   Number         0  stm32f4xx_rtc.o ABSOLUTE
    ..\\..\\Libraries\\STM32F4xx_StdPeriph_Driver\\src\\stm32f4xx_sai.c 0x00000000   Number         0  stm32f4xx_sai.o ABSOLUTE
    ..\\..\\Libraries\\STM32F4xx_StdPeriph_Driver\\src\\stm32f4xx_sdio.c 0x00000000   Number         0  stm32f4xx_sdio.o ABSOLUTE
    ..\\..\\Libraries\\STM32F4xx_StdPeriph_Driver\\src\\stm32f4xx_spdifrx.c 0x00000000   Number         0  stm32f4xx_spdifrx.o ABSOLUTE
    ..\\..\\Libraries\\STM32F4xx_StdPeriph_Driver\\src\\stm32f4xx_spi.c 0x00000000   Number         0  stm32f4xx_spi.o ABSOLUTE
    ..\\..\\Libraries\\STM32F4xx_StdPeriph_Driver\\src\\stm32f4xx_syscfg.c 0x00000000   Number         0  stm32f4xx_syscfg.o ABSOLUTE
    ..\\..\\Libraries\\STM32F4xx_StdPeriph_Driver\\src\\stm32f4xx_tim.c 0x00000000   Number         0  stm32f4xx_tim.o ABSOLUTE
    ..\\..\\Libraries\\STM32F4xx_StdPeriph_Driver\\src\\stm32f4xx_usart.c 0x00000000   Number         0  stm32f4xx_usart.o ABSOLUTE
    ..\\..\\Libraries\\STM32F4xx_StdPeriph_Driver\\src\\stm32f4xx_wwdg.c 0x00000000   Number         0  stm32f4xx_wwdg.o ABSOLUTE
    ..\\..\\User\\UART\\usart1.c             0x00000000   Number         0  usart1.o ABSOLUTE
    ..\\..\\User\\key\\key.c                 0x00000000   Number         0  key.o ABSOLUTE
    ..\\..\\User\\led\\bsp_led.c             0x00000000   Number         0  bsp_led.o ABSOLUTE
    ..\\..\\User\\main.c                     0x00000000   Number         0  main.o ABSOLUTE
    ..\\..\\User\\stm32f4xx_it.c             0x00000000   Number         0  stm32f4xx_it.o ABSOLUTE
    cdrcmple.s                               0x00000000   Number         0  cdrcmple.o ABSOLUTE
    dc.s                                     0x00000000   Number         0  dc.o ABSOLUTE
    handlers.s                               0x00000000   Number         0  handlers.o ABSOLUTE
    init.s                                   0x00000000   Number         0  init.o ABSOLUTE
    RESET                                    0x08000000   Section      392  startup_stm32f40xx.o(RESET)
    .ARM.Collect$$$$00000000                 0x08000188   Section        0  entry.o(.ARM.Collect$$$$00000000)
    .ARM.Collect$$$$00000001                 0x08000188   Section        4  entry2.o(.ARM.Collect$$$$00000001)
    .ARM.Collect$$$$00000004                 0x0800018c   Section        4  entry5.o(.ARM.Collect$$$$00000004)
    .ARM.Collect$$$$00000008                 0x08000190   Section        0  entry7b.o(.ARM.Collect$$$$00000008)
    .ARM.Collect$$$$0000000A                 0x08000190   Section        0  entry8b.o(.ARM.Collect$$$$0000000A)
    .ARM.Collect$$$$0000000B                 0x08000190   Section        8  entry9a.o(.ARM.Collect$$$$0000000B)
    .ARM.Collect$$$$0000000D                 0x08000198   Section        0  entry10a.o(.ARM.Collect$$$$0000000D)
    .ARM.Collect$$$$0000000F                 0x08000198   Section        0  entry11a.o(.ARM.Collect$$$$0000000F)
    .ARM.Collect$$$$00002712                 0x08000198   Section        4  entry2.o(.ARM.Collect$$$$00002712)
    __lit__00000000                          0x08000198   Data           4  entry2.o(.ARM.Collect$$$$00002712)
    .emb_text                                0x0800019c   Section      182  port.o(.emb_text)
    $v0                                      0x0800019c   Number         0  port.o(.emb_text)
    .text                                    0x08000254   Section       36  startup_stm32f40xx.o(.text)
    $v0                                      0x08000254   Number         0  startup_stm32f40xx.o(.text)
    .text                                    0x08000278   Section        0  memcpya.o(.text)
    .text                                    0x0800029c   Section        0  memseta.o(.text)
    .text                                    0x080002c0   Section        0  strlen.o(.text)
    .text                                    0x080002ce   Section        0  strcpy.o(.text)
    .text                                    0x080002e0   Section        0  uidiv.o(.text)
    .text                                    0x0800030c   Section        0  uldiv.o(.text)
    .text                                    0x0800036e   Section        0  dadd.o(.text)
    .text                                    0x0800036e   Section        0  iusefp.o(.text)
    .text                                    0x080004bc   Section        0  dmul.o(.text)
    .text                                    0x080005a0   Section        0  ddiv.o(.text)
    .text                                    0x0800067e   Section        0  dfixul.o(.text)
    .text                                    0x080006b0   Section       48  cdrcmple.o(.text)
    .text                                    0x080006e0   Section       36  init.o(.text)
    .text                                    0x08000704   Section        0  llshl.o(.text)
    .text                                    0x08000722   Section        0  llushr.o(.text)
    .text                                    0x08000742   Section        0  llsshr.o(.text)
    .text                                    0x08000766   Section        0  depilogue.o(.text)
    i.BusFault_Handler                       0x08000820   Section        0  stm32f4xx_it.o(i.BusFault_Handler)
    i.DebugMon_Handler                       0x08000822   Section        0  stm32f4xx_it.o(i.DebugMon_Handler)
    i.GPIO_Init                              0x08000824   Section        0  stm32f4xx_gpio.o(i.GPIO_Init)
    i.GPIO_PinAFConfig                       0x080008a0   Section        0  stm32f4xx_gpio.o(i.GPIO_PinAFConfig)
    i.GPIO_ReadInputDataBit                  0x080008c0   Section        0  stm32f4xx_gpio.o(i.GPIO_ReadInputDataBit)
    i.GPIO_SetBits                           0x080008ce   Section        0  stm32f4xx_gpio.o(i.GPIO_SetBits)
    i.GPIO_ToggleBits                        0x080008d2   Section        0  stm32f4xx_gpio.o(i.GPIO_ToggleBits)
    i.HardFault_Handler                      0x080008da   Section        0  stm32f4xx_it.o(i.HardFault_Handler)
    i.MemManage_Handler                      0x080008dc   Section        0  stm32f4xx_it.o(i.MemManage_Handler)
    i.NMI_Handler                            0x080008de   Section        0  stm32f4xx_it.o(i.NMI_Handler)
    i.NVIC_Init                              0x080008e0   Section        0  misc.o(i.NVIC_Init)
    i.NVIC_PriorityGroupConfig               0x08000948   Section        0  misc.o(i.NVIC_PriorityGroupConfig)
    i.RCC_AHB1PeriphClockCmd                 0x0800095c   Section        0  stm32f4xx_rcc.o(i.RCC_AHB1PeriphClockCmd)
    i.RCC_APB1PeriphClockCmd                 0x08000978   Section        0  stm32f4xx_rcc.o(i.RCC_APB1PeriphClockCmd)
    i.RCC_APB2PeriphClockCmd                 0x08000994   Section        0  stm32f4xx_rcc.o(i.RCC_APB2PeriphClockCmd)
    i.RCC_GetClocksFreq                      0x080009b0   Section        0  stm32f4xx_rcc.o(i.RCC_GetClocksFreq)
    i.Serial_Init                            0x08000a50   Section        0  usart1.o(i.Serial_Init)
    i.Serial_Printf                          0x08000b38   Section        0  usart1.o(i.Serial_Printf)
    i.Serial_ReceivePacket                   0x08000b54   Section        0  usart1.o(i.Serial_ReceivePacket)
    i.Serial_SendByte                        0x08000b78   Section        0  usart1.o(i.Serial_SendByte)
    i.Serial_SendString                      0x08000bd8   Section        0  usart1.o(i.Serial_SendString)
    i.SetSysClock                            0x08000c4c   Section        0  system_stm32f4xx.o(i.SetSysClock)
    SetSysClock                              0x08000c4d   Thumb Code   168  system_stm32f4xx.o(i.SetSysClock)
    i.SysTick_Handler                        0x08000d04   Section        0  port.o(i.SysTick_Handler)
    i.SystemInit                             0x08000d30   Section        0  system_stm32f4xx.o(i.SystemInit)
    i.TIM2_IRQHandler                        0x08000d8c   Section        0  main.o(i.TIM2_IRQHandler)
    i.TIM_ClearITPendingBit                  0x08000db8   Section        0  stm32f4xx_tim.o(i.TIM_ClearITPendingBit)
    i.TIM_Cmd                                0x08000dbe   Section        0  stm32f4xx_tim.o(i.TIM_Cmd)
    i.TIM_GetITStatus                        0x08000dd6   Section        0  stm32f4xx_tim.o(i.TIM_GetITStatus)
    i.TIM_ITConfig                           0x08000dee   Section        0  stm32f4xx_tim.o(i.TIM_ITConfig)
    i.TIM_TimeBaseInit                       0x08000e04   Section        0  stm32f4xx_tim.o(i.TIM_TimeBaseInit)
    i.USART1_IRQHandler                      0x08000e80   Section        0  usart1.o(i.USART1_IRQHandler)
    i.USART_ClearITPendingBit                0x08000f84   Section        0  stm32f4xx_usart.o(i.USART_ClearITPendingBit)
    i.USART_Cmd                              0x08000f94   Section        0  stm32f4xx_usart.o(i.USART_Cmd)
    i.USART_GetFlagStatus                    0x08000fac   Section        0  stm32f4xx_usart.o(i.USART_GetFlagStatus)
    i.USART_GetITStatus                      0x08000fba   Section        0  stm32f4xx_usart.o(i.USART_GetITStatus)
    i.USART_ITConfig                         0x08000ffa   Section        0  stm32f4xx_usart.o(i.USART_ITConfig)
    i.USART_Init                             0x08001030   Section        0  stm32f4xx_usart.o(i.USART_Init)
    i.USART_ReceiveData                      0x080010ec   Section        0  stm32f4xx_usart.o(i.USART_ReceiveData)
    i.USART_SendData                         0x080010f4   Section        0  stm32f4xx_usart.o(i.USART_SendData)
    i.UsageFault_Handler                     0x080010fc   Section        0  stm32f4xx_it.o(i.UsageFault_Handler)
    i.__0printf$3                            0x08001100   Section        0  printf3.o(i.__0printf$3)
    i.__0sprintf$3                           0x08001120   Section        0  printf3.o(i.__0sprintf$3)
    i.__0vsprintf                            0x08001148   Section        0  printfa.o(i.__0vsprintf)
    i.__scatterload_copy                     0x0800116c   Section       14  handlers.o(i.__scatterload_copy)
    i.__scatterload_null                     0x0800117a   Section        2  handlers.o(i.__scatterload_null)
    i.__scatterload_zeroinit                 0x0800117c   Section       14  handlers.o(i.__scatterload_zeroinit)
    i._fp_digits                             0x0800118c   Section        0  printfa.o(i._fp_digits)
    _fp_digits                               0x0800118d   Thumb Code   366  printfa.o(i._fp_digits)
    i._printf_core                           0x08001310   Section        0  printf3.o(i._printf_core)
    _printf_core                             0x08001311   Thumb Code   436  printf3.o(i._printf_core)
    i._printf_core                           0x080014c8   Section        0  printfa.o(i._printf_core)
    _printf_core                             0x080014c9   Thumb Code  1744  printfa.o(i._printf_core)
    i._printf_post_padding                   0x08001ba4   Section        0  printfa.o(i._printf_post_padding)
    _printf_post_padding                     0x08001ba5   Thumb Code    36  printfa.o(i._printf_post_padding)
    i._printf_pre_padding                    0x08001bc8   Section        0  printfa.o(i._printf_pre_padding)
    _printf_pre_padding                      0x08001bc9   Thumb Code    46  printfa.o(i._printf_pre_padding)
    i._sputc                                 0x08001bf6   Section        0  printf3.o(i._sputc)
    _sputc                                   0x08001bf7   Thumb Code    10  printf3.o(i._sputc)
    i._sputc                                 0x08001c00   Section        0  printfa.o(i._sputc)
    _sputc                                   0x08001c01   Thumb Code    10  printfa.o(i._sputc)
    i.eTaskGetState                          0x08001c0c   Section        0  tasks.o(i.eTaskGetState)
    i.fputc                                  0x08001ca0   Section        0  usart1.o(i.fputc)
    i.getRunTimeCounterValue                 0x08001cb0   Section        0  main.o(i.getRunTimeCounterValue)
    i.key_get                                0x08001cbc   Section        0  key.o(i.key_get)
    i.key_init                               0x08001cf0   Section        0  key.o(i.key_init)
    i.led_init                               0x08001d38   Section        0  bsp_led.o(i.led_init)
    i.main                                   0x08001d74   Section        0  main.o(i.main)
    i.prvAddCurrentTaskToDelayedList         0x08001e1c   Section        0  tasks.o(i.prvAddCurrentTaskToDelayedList)
    prvAddCurrentTaskToDelayedList           0x08001e1d   Thumb Code   104  tasks.o(i.prvAddCurrentTaskToDelayedList)
    i.prvAddNewTaskToReadyList               0x08001e8c   Section        0  tasks.o(i.prvAddNewTaskToReadyList)
    prvAddNewTaskToReadyList                 0x08001e8d   Thumb Code   126  tasks.o(i.prvAddNewTaskToReadyList)
    i.prvCheckForValidListAndQueue           0x08001f18   Section        0  timers.o(i.prvCheckForValidListAndQueue)
    prvCheckForValidListAndQueue             0x08001f19   Thumb Code    62  timers.o(i.prvCheckForValidListAndQueue)
    i.prvCheckTasksWaitingTermination        0x08001f68   Section        0  tasks.o(i.prvCheckTasksWaitingTermination)
    prvCheckTasksWaitingTermination          0x08001f69   Thumb Code    74  tasks.o(i.prvCheckTasksWaitingTermination)
    i.prvCopyDataFromQueue                   0x08001fbc   Section        0  queue.o(i.prvCopyDataFromQueue)
    prvCopyDataFromQueue                     0x08001fbd   Thumb Code    40  queue.o(i.prvCopyDataFromQueue)
    i.prvCopyDataToQueue                     0x08001fe4   Section        0  queue.o(i.prvCopyDataToQueue)
    prvCopyDataToQueue                       0x08001fe5   Thumb Code   110  queue.o(i.prvCopyDataToQueue)
    i.prvDeleteTCB                           0x08002052   Section        0  tasks.o(i.prvDeleteTCB)
    prvDeleteTCB                             0x08002053   Thumb Code    20  tasks.o(i.prvDeleteTCB)
    i.prvGetNextExpireTime                   0x08002068   Section        0  timers.o(i.prvGetNextExpireTime)
    prvGetNextExpireTime                     0x08002069   Thumb Code    30  timers.o(i.prvGetNextExpireTime)
    i.prvHeapInit                            0x0800208c   Section        0  heap_4.o(i.prvHeapInit)
    prvHeapInit                              0x0800208d   Thumb Code    68  heap_4.o(i.prvHeapInit)
    i.prvIdleTask                            0x080020d8   Section        0  tasks.o(i.prvIdleTask)
    prvIdleTask                              0x080020d9   Thumb Code    30  tasks.o(i.prvIdleTask)
    i.prvInitialiseMutex                     0x08002100   Section        0  queue.o(i.prvInitialiseMutex)
    prvInitialiseMutex                       0x08002101   Thumb Code    24  queue.o(i.prvInitialiseMutex)
    i.prvInitialiseNewQueue                  0x08002118   Section        0  queue.o(i.prvInitialiseNewQueue)
    prvInitialiseNewQueue                    0x08002119   Thumb Code    38  queue.o(i.prvInitialiseNewQueue)
    i.prvInitialiseNewTask                   0x08002140   Section        0  tasks.o(i.prvInitialiseNewTask)
    prvInitialiseNewTask                     0x08002141   Thumb Code   152  tasks.o(i.prvInitialiseNewTask)
    i.prvInitialiseNewTimer                  0x08002204   Section        0  timers.o(i.prvInitialiseNewTimer)
    prvInitialiseNewTimer                    0x08002205   Thumb Code    68  timers.o(i.prvInitialiseNewTimer)
    i.prvInitialiseTaskLists                 0x08002274   Section        0  tasks.o(i.prvInitialiseTaskLists)
    prvInitialiseTaskLists                   0x08002275   Thumb Code    74  tasks.o(i.prvInitialiseTaskLists)
    i.prvInsertBlockIntoFreeList             0x080022cc   Section        0  heap_4.o(i.prvInsertBlockIntoFreeList)
    prvInsertBlockIntoFreeList               0x080022cd   Thumb Code    78  heap_4.o(i.prvInsertBlockIntoFreeList)
    i.prvInsertTimerInActiveList             0x08002320   Section        0  timers.o(i.prvInsertTimerInActiveList)
    prvInsertTimerInActiveList               0x08002321   Thumb Code    60  timers.o(i.prvInsertTimerInActiveList)
    i.prvIsQueueEmpty                        0x08002360   Section        0  queue.o(i.prvIsQueueEmpty)
    prvIsQueueEmpty                          0x08002361   Thumb Code    26  queue.o(i.prvIsQueueEmpty)
    i.prvIsQueueFull                         0x0800237a   Section        0  queue.o(i.prvIsQueueFull)
    prvIsQueueFull                           0x0800237b   Thumb Code    30  queue.o(i.prvIsQueueFull)
    i.prvListTasksWithinSingleList           0x08002398   Section        0  tasks.o(i.prvListTasksWithinSingleList)
    prvListTasksWithinSingleList             0x08002399   Thumb Code    92  tasks.o(i.prvListTasksWithinSingleList)
    i.prvNotifyQueueSetContainer             0x080023f4   Section        0  queue.o(i.prvNotifyQueueSetContainer)
    prvNotifyQueueSetContainer               0x080023f5   Thumb Code   110  queue.o(i.prvNotifyQueueSetContainer)
    i.prvProcessExpiredTimer                 0x08002490   Section        0  timers.o(i.prvProcessExpiredTimer)
    prvProcessExpiredTimer                   0x08002491   Thumb Code    84  timers.o(i.prvProcessExpiredTimer)
    i.prvProcessReceivedCommands             0x08002514   Section        0  timers.o(i.prvProcessReceivedCommands)
    prvProcessReceivedCommands               0x08002515   Thumb Code   196  timers.o(i.prvProcessReceivedCommands)
    i.prvProcessTimerOrBlockTask             0x08002608   Section        0  timers.o(i.prvProcessTimerOrBlockTask)
    prvProcessTimerOrBlockTask               0x08002609   Thumb Code   100  timers.o(i.prvProcessTimerOrBlockTask)
    i.prvResetNextTaskUnblockTime            0x08002674   Section        0  tasks.o(i.prvResetNextTaskUnblockTime)
    prvResetNextTaskUnblockTime              0x08002675   Thumb Code    30  tasks.o(i.prvResetNextTaskUnblockTime)
    i.prvSampleTimeNow                       0x08002698   Section        0  timers.o(i.prvSampleTimeNow)
    prvSampleTimeNow                         0x08002699   Thumb Code    38  timers.o(i.prvSampleTimeNow)
    i.prvSwitchTimerLists                    0x080026c4   Section        0  timers.o(i.prvSwitchTimerLists)
    prvSwitchTimerLists                      0x080026c5   Thumb Code   100  timers.o(i.prvSwitchTimerLists)
    i.prvTaskCheckFreeStackSpace             0x08002758   Section        0  tasks.o(i.prvTaskCheckFreeStackSpace)
    prvTaskCheckFreeStackSpace               0x08002759   Thumb Code    20  tasks.o(i.prvTaskCheckFreeStackSpace)
    i.prvTaskExitError                       0x0800276c   Section        0  port.o(i.prvTaskExitError)
    prvTaskExitError                         0x0800276d   Thumb Code    36  port.o(i.prvTaskExitError)
    i.prvTimerTask                           0x080027d0   Section        0  timers.o(i.prvTimerTask)
    prvTimerTask                             0x080027d1   Thumb Code    20  timers.o(i.prvTimerTask)
    i.prvUnlockQueue                         0x080027e4   Section        0  queue.o(i.prvUnlockQueue)
    prvUnlockQueue                           0x080027e5   Thumb Code   126  queue.o(i.prvUnlockQueue)
    i.prvWriteNameToBuffer                   0x08002862   Section        0  tasks.o(i.prvWriteNameToBuffer)
    prvWriteNameToBuffer                     0x08002863   Thumb Code    36  tasks.o(i.prvWriteNameToBuffer)
    i.pvPortMalloc                           0x08002888   Section        0  heap_4.o(i.pvPortMalloc)
    i.pvTaskIncrementMutexHeldCount          0x08002994   Section        0  tasks.o(i.pvTaskIncrementMutexHeldCount)
    i.pxPortInitialiseStack                  0x080029ac   Section        0  port.o(i.pxPortInitialiseStack)
    i.ulTaskNotifyTake                       0x080029d0   Section        0  tasks.o(i.ulTaskNotifyTake)
    i.uxListRemove                           0x08002a38   Section        0  list.o(i.uxListRemove)
    i.uxTaskGetSystemState                   0x08002a5c   Section        0  tasks.o(i.uxTaskGetSystemState)
    i.vInitHardware                          0x08002b08   Section        0  main.o(i.vInitHardware)
    i.vInitStatsTimer                        0x08002b34   Section        0  main.o(i.vInitStatsTimer)
    i.vInitTask                              0x08002b90   Section        0  main.o(i.vInitTask)
    i.vListInitialise                        0x08002cc4   Section        0  list.o(i.vListInitialise)
    i.vListInitialiseItem                    0x08002cda   Section        0  list.o(i.vListInitialiseItem)
    i.vListInsert                            0x08002ce0   Section        0  list.o(i.vListInsert)
    i.vListInsertEnd                         0x08002d10   Section        0  list.o(i.vListInsertEnd)
    i.vPortEnterCritical                     0x08002d28   Section        0  port.o(i.vPortEnterCritical)
    i.vPortExitCritical                      0x08002da0   Section        0  port.o(i.vPortExitCritical)
    i.vPortFree                              0x08002e08   Section        0  heap_4.o(i.vPortFree)
    i.vPortSetupTimerInterrupt               0x08002ea4   Section        0  port.o(i.vPortSetupTimerInterrupt)
    i.vPortValidateInterruptPriority         0x08002ec4   Section        0  port.o(i.vPortValidateInterruptPriority)
    i.vQueueAddToRegistry                    0x08002f50   Section        0  queue.o(i.vQueueAddToRegistry)
    i.vQueueWaitForMessageRestricted         0x08002f74   Section        0  queue.o(i.vQueueWaitForMessageRestricted)
    i.vStatsTask                             0x08002fbc   Section        0  main.o(i.vStatsTask)
    i.vTask1                                 0x08003164   Section        0  main.o(i.vTask1)
    i.vTask2                                 0x08003180   Section        0  main.o(i.vTask2)
    i.vTask3                                 0x0800319c   Section        0  main.o(i.vTask3)
    i.vTaskDelay                             0x080031e0   Section        0  tasks.o(i.vTaskDelay)
    i.vTaskDelete                            0x08003258   Section        0  tasks.o(i.vTaskDelete)
    i.vTaskGetInfo                           0x0800332c   Section        0  tasks.o(i.vTaskGetInfo)
    i.vTaskGetRunTimeStats                   0x080033a4   Section        0  tasks.o(i.vTaskGetRunTimeStats)
    i.vTaskList                              0x08003464   Section        0  tasks.o(i.vTaskList)
    i.vTaskMissedYield                       0x08003520   Section        0  tasks.o(i.vTaskMissedYield)
    i.vTaskPlaceOnEventList                  0x0800352c   Section        0  tasks.o(i.vTaskPlaceOnEventList)
    i.vTaskPlaceOnEventListRestricted        0x0800358c   Section        0  tasks.o(i.vTaskPlaceOnEventListRestricted)
    i.vTaskPriorityInherit                   0x080035f4   Section        0  tasks.o(i.vTaskPriorityInherit)
    i.vTaskSetTimeOutState                   0x0800367c   Section        0  tasks.o(i.vTaskSetTimeOutState)
    i.vTaskStartScheduler                    0x080036cc   Section        0  tasks.o(i.vTaskStartScheduler)
    i.vTaskSuspendAll                        0x08003768   Section        0  tasks.o(i.vTaskSuspendAll)
    i.vTaskSwitchContext                     0x08003778   Section        0  tasks.o(i.vTaskSwitchContext)
    i.vTaskUART                              0x08003818   Section        0  main.o(i.vTaskUART)
    i.vTimerCallback                         0x08003880   Section        0  main.o(i.vTimerCallback)
    i.xPortStartScheduler                    0x08003894   Section        0  port.o(i.xPortStartScheduler)
    i.xQueueCreateMutex                      0x080039a4   Section        0  queue.o(i.xQueueCreateMutex)
    i.xQueueGenericCreate                    0x080039bc   Section        0  queue.o(i.xQueueGenericCreate)
    i.xQueueGenericReceive                   0x08003a28   Section        0  queue.o(i.xQueueGenericReceive)
    i.xQueueGenericReset                     0x08003bd0   Section        0  queue.o(i.xQueueGenericReset)
    i.xQueueGenericSend                      0x08003c84   Section        0  queue.o(i.xQueueGenericSend)
    i.xQueueGenericSendFromISR               0x08003e1c   Section        0  queue.o(i.xQueueGenericSendFromISR)
    i.xTaskCheckForTimeOut                   0x08003f10   Section        0  tasks.o(i.xTaskCheckForTimeOut)
    i.xTaskCreate                            0x08003fa8   Section        0  tasks.o(i.xTaskCreate)
    i.xTaskGenericNotify                     0x08004008   Section        0  tasks.o(i.xTaskGenericNotify)
    i.xTaskGetSchedulerState                 0x080040fc   Section        0  tasks.o(i.xTaskGetSchedulerState)
    i.xTaskGetTickCount                      0x08004118   Section        0  tasks.o(i.xTaskGetTickCount)
    i.xTaskGetTickCountFromISR               0x08004124   Section        0  tasks.o(i.xTaskGetTickCountFromISR)
    i.xTaskIncrementTick                     0x08004134   Section        0  tasks.o(i.xTaskIncrementTick)
    i.xTaskPriorityDisinherit                0x08004228   Section        0  tasks.o(i.xTaskPriorityDisinherit)
    i.xTaskRemoveFromEventList               0x080042e4   Section        0  tasks.o(i.xTaskRemoveFromEventList)
    i.xTaskResumeAll                         0x08004388   Section        0  tasks.o(i.xTaskResumeAll)
    i.xTimerCreate                           0x0800447c   Section        0  timers.o(i.xTimerCreate)
    i.xTimerCreateTimerTask                  0x080044ac   Section        0  timers.o(i.xTimerCreateTimerTask)
    i.xTimerGenericCommand                   0x08004524   Section        0  timers.o(i.xTimerGenericCommand)
    .data                                    0x20000000   Section       20  system_stm32f4xx.o(.data)
    .data                                    0x20000014   Section       16  stm32f4xx_rcc.o(.data)
    APBAHBPrescTable                         0x20000014   Data          16  stm32f4xx_rcc.o(.data)
    .data                                    0x20000024   Section       28  main.o(.data)
    lastCounterValue                         0x2000003c   Data           4  main.o(.data)
    .data                                    0x20000040   Section        8  usart1.o(.data)
    .data                                    0x20000048   Section       68  tasks.o(.data)
    uxDeletedTasksWaitingCleanUp             0x2000004c   Data           4  tasks.o(.data)
    uxCurrentNumberOfTasks                   0x20000050   Data           4  tasks.o(.data)
    xTickCount                               0x20000054   Data           4  tasks.o(.data)
    uxTopReadyPriority                       0x20000058   Data           4  tasks.o(.data)
    xSchedulerRunning                        0x2000005c   Data           4  tasks.o(.data)
    uxPendedTicks                            0x20000060   Data           4  tasks.o(.data)
    xYieldPending                            0x20000064   Data           4  tasks.o(.data)
    xNumOfOverflows                          0x20000068   Data           4  tasks.o(.data)
    uxTaskNumber                             0x2000006c   Data           4  tasks.o(.data)
    xNextTaskUnblockTime                     0x20000070   Data           4  tasks.o(.data)
    xIdleTaskHandle                          0x20000074   Data           4  tasks.o(.data)
    uxSchedulerSuspended                     0x20000078   Data           4  tasks.o(.data)
    ulTaskSwitchedInTime                     0x2000007c   Data           4  tasks.o(.data)
    ulTotalRunTime                           0x20000080   Data           4  tasks.o(.data)
    pxDelayedTaskList                        0x20000084   Data           4  tasks.o(.data)
    pxOverflowDelayedTaskList                0x20000088   Data           4  tasks.o(.data)
    .data                                    0x2000008c   Section       20  timers.o(.data)
    xTimerQueue                              0x2000008c   Data           4  timers.o(.data)
    xTimerTaskHandle                         0x20000090   Data           4  timers.o(.data)
    xLastTime                                0x20000094   Data           4  timers.o(.data)
    pxCurrentTimerList                       0x20000098   Data           4  timers.o(.data)
    pxOverflowTimerList                      0x2000009c   Data           4  timers.o(.data)
    .data                                    0x200000a0   Section       12  port.o(.data)
    ucMaxSysCallPriority                     0x200000a0   Data           1  port.o(.data)
    uxCriticalNesting                        0x200000a4   Data           4  port.o(.data)
    ulMaxPRIGROUPValue                       0x200000a8   Data           4  port.o(.data)
    .data                                    0x200000ac   Section       24  heap_4.o(.data)
    pxEnd                                    0x200000ac   Data           4  heap_4.o(.data)
    xFreeBytesRemaining                      0x200000b0   Data           4  heap_4.o(.data)
    xMinimumEverFreeBytesRemaining           0x200000b4   Data           4  heap_4.o(.data)
    xBlockAllocatedBit                       0x200000b8   Data           4  heap_4.o(.data)
    xStart                                   0x200000bc   Data           8  heap_4.o(.data)
    .data                                    0x200000c4   Section        4  stdout.o(.data)
    .bss                                     0x200000c8   Section      108  usart1.o(.bss)
    uart_sm                                  0x200000c8   Data         108  usart1.o(.bss)
    .bss                                     0x20000134   Section       80  queue.o(.bss)
    .bss                                     0x20000184   Section      740  tasks.o(.bss)
    pxReadyTasksLists                        0x20000184   Data         640  tasks.o(.bss)
    xDelayedTaskList1                        0x20000404   Data          20  tasks.o(.bss)
    xDelayedTaskList2                        0x20000418   Data          20  tasks.o(.bss)
    xPendingReadyList                        0x2000042c   Data          20  tasks.o(.bss)
    xTasksWaitingTermination                 0x20000440   Data          20  tasks.o(.bss)
    xSuspendedTaskList                       0x20000454   Data          20  tasks.o(.bss)
    .bss                                     0x20000468   Section       40  timers.o(.bss)
    xActiveTimerList1                        0x20000468   Data          20  timers.o(.bss)
    xActiveTimerList2                        0x2000047c   Data          20  timers.o(.bss)
    .bss                                     0x20000490   Section    36864  heap_4.o(.bss)
    ucHeap                                   0x20000490   Data       36864  heap_4.o(.bss)
    STACK                                    0x20009490   Section     1024  startup_stm32f40xx.o(STACK)

    Global Symbols

    Symbol Name                              Value     Ov Type        Size  Object(Section)

    BuildAttributes$$THM_ISAv4$E$P$D$K$B$S$7EM$VFPi3$EXTD16$VFPS$VFMA$PE$A:L22UL41UL21$X:L11$S22US41US21$IEEE1$IW$USESV6$~STKCKD$USESV7$~SHL$OSPACE$ROPI$EBA8$MICROLIB$REQ8$PRES8$EABIv2 0x00000000   Number         0  anon$$obj.o ABSOLUTE
    __ARM_use_no_argv                        0x00000000   Number         0  main.o ABSOLUTE
    _printf_a                                0x00000000   Number         0  stubs.o ABSOLUTE
    _printf_c                                0x00000000   Number         0  stubs.o ABSOLUTE
    _printf_charcount                        0x00000000   Number         0  stubs.o ABSOLUTE
    _printf_d                                0x00000000   Number         0  stubs.o ABSOLUTE
    _printf_e                                0x00000000   Number         0  stubs.o ABSOLUTE
    _printf_f                                0x00000000   Number         0  stubs.o ABSOLUTE
    _printf_flags                            0x00000000   Number         0  stubs.o ABSOLUTE
    _printf_fp_dec                           0x00000000   Number         0  stubs.o ABSOLUTE
    _printf_fp_hex                           0x00000000   Number         0  stubs.o ABSOLUTE
    _printf_g                                0x00000000   Number         0  stubs.o ABSOLUTE
    _printf_i                                0x00000000   Number         0  stubs.o ABSOLUTE
    _printf_int_dec                          0x00000000   Number         0  stubs.o ABSOLUTE
    _printf_l                                0x00000000   Number         0  stubs.o ABSOLUTE
    _printf_lc                               0x00000000   Number         0  stubs.o ABSOLUTE
    _printf_ll                               0x00000000   Number         0  stubs.o ABSOLUTE
    _printf_lld                              0x00000000   Number         0  stubs.o ABSOLUTE
    _printf_lli                              0x00000000   Number         0  stubs.o ABSOLUTE
    _printf_llo                              0x00000000   Number         0  stubs.o ABSOLUTE
    _printf_llu                              0x00000000   Number         0  stubs.o ABSOLUTE
    _printf_llx                              0x00000000   Number         0  stubs.o ABSOLUTE
    _printf_longlong_dec                     0x00000000   Number         0  stubs.o ABSOLUTE
    _printf_longlong_hex                     0x00000000   Number         0  stubs.o ABSOLUTE
    _printf_longlong_oct                     0x00000000   Number         0  stubs.o ABSOLUTE
    _printf_ls                               0x00000000   Number         0  stubs.o ABSOLUTE
    _printf_mbtowc                           0x00000000   Number         0  stubs.o ABSOLUTE
    _printf_n                                0x00000000   Number         0  stubs.o ABSOLUTE
    _printf_o                                0x00000000   Number         0  stubs.o ABSOLUTE
    _printf_p                                0x00000000   Number         0  stubs.o ABSOLUTE
    _printf_percent                          0x00000000   Number         0  stubs.o ABSOLUTE
    _printf_pre_padding                      0x00000000   Number         0  stubs.o ABSOLUTE
    _printf_return_value                     0x00000000   Number         0  stubs.o ABSOLUTE
    _printf_s                                0x00000000   Number         0  stubs.o ABSOLUTE
    _printf_sizespec                         0x00000000   Number         0  stubs.o ABSOLUTE
    _printf_str                              0x00000000   Number         0  stubs.o ABSOLUTE
    _printf_truncate_signed                  0x00000000   Number         0  stubs.o ABSOLUTE
    _printf_truncate_unsigned                0x00000000   Number         0  stubs.o ABSOLUTE
    _printf_u                                0x00000000   Number         0  stubs.o ABSOLUTE
    _printf_wc                               0x00000000   Number         0  stubs.o ABSOLUTE
    _printf_wctomb                           0x00000000   Number         0  stubs.o ABSOLUTE
    _printf_widthprec                        0x00000000   Number         0  stubs.o ABSOLUTE
    _printf_x                                0x00000000   Number         0  stubs.o ABSOLUTE
    __cpp_initialize__aeabi_                  - Undefined Weak Reference
    __cxa_finalize                            - Undefined Weak Reference
    __decompress                              - Undefined Weak Reference
    _clock_init                               - Undefined Weak Reference
    _microlib_exit                            - Undefined Weak Reference
    __Vectors_Size                           0x00000188   Number         0  startup_stm32f40xx.o ABSOLUTE
    __Vectors                                0x08000000   Data           4  startup_stm32f40xx.o(RESET)
    __Vectors_End                            0x08000188   Data           0  startup_stm32f40xx.o(RESET)
    __main                                   0x08000189   Thumb Code     0  entry.o(.ARM.Collect$$$$00000000)
    _main_stk                                0x08000189   Thumb Code     0  entry2.o(.ARM.Collect$$$$00000001)
    _main_scatterload                        0x0800018d   Thumb Code     0  entry5.o(.ARM.Collect$$$$00000004)
    __main_after_scatterload                 0x08000191   Thumb Code     0  entry5.o(.ARM.Collect$$$$00000004)
    _main_clock                              0x08000191   Thumb Code     0  entry7b.o(.ARM.Collect$$$$00000008)
    _main_cpp_init                           0x08000191   Thumb Code     0  entry8b.o(.ARM.Collect$$$$0000000A)
    _main_init                               0x08000191   Thumb Code     0  entry9a.o(.ARM.Collect$$$$0000000B)
    __rt_final_cpp                           0x08000199   Thumb Code     0  entry10a.o(.ARM.Collect$$$$0000000D)
    __rt_final_exit                          0x08000199   Thumb Code     0  entry11a.o(.ARM.Collect$$$$0000000F)
    SVC_Handler                              0x0800019d   Thumb Code    28  port.o(.emb_text)
    __asm___6_port_c_39a90d8d__prvStartFirstTask 0x080001bd   Thumb Code    28  port.o(.emb_text)
    __asm___6_port_c_39a90d8d__prvEnableVFP  0x080001dd   Thumb Code    16  port.o(.emb_text)
    PendSV_Handler                           0x080001f1   Thumb Code    88  port.o(.emb_text)
    vPortGetIPSR                             0x0800024d   Thumb Code     6  port.o(.emb_text)
    Reset_Handler                            0x08000255   Thumb Code     8  startup_stm32f40xx.o(.text)
    ADC_IRQHandler                           0x0800026f   Thumb Code     0  startup_stm32f40xx.o(.text)
    CAN1_RX0_IRQHandler                      0x0800026f   Thumb Code     0  startup_stm32f40xx.o(.text)
    CAN1_RX1_IRQHandler                      0x0800026f   Thumb Code     0  startup_stm32f40xx.o(.text)
    CAN1_SCE_IRQHandler                      0x0800026f   Thumb Code     0  startup_stm32f40xx.o(.text)
    CAN1_TX_IRQHandler                       0x0800026f   Thumb Code     0  startup_stm32f40xx.o(.text)
    CAN2_RX0_IRQHandler                      0x0800026f   Thumb Code     0  startup_stm32f40xx.o(.text)
    CAN2_RX1_IRQHandler                      0x0800026f   Thumb Code     0  startup_stm32f40xx.o(.text)
    CAN2_SCE_IRQHandler                      0x0800026f   Thumb Code     0  startup_stm32f40xx.o(.text)
    CAN2_TX_IRQHandler                       0x0800026f   Thumb Code     0  startup_stm32f40xx.o(.text)
    CRYP_IRQHandler                          0x0800026f   Thumb Code     0  startup_stm32f40xx.o(.text)
    DCMI_IRQHandler                          0x0800026f   Thumb Code     0  startup_stm32f40xx.o(.text)
    DMA1_Stream0_IRQHandler                  0x0800026f   Thumb Code     0  startup_stm32f40xx.o(.text)
    DMA1_Stream1_IRQHandler                  0x0800026f   Thumb Code     0  startup_stm32f40xx.o(.text)
    DMA1_Stream2_IRQHandler                  0x0800026f   Thumb Code     0  startup_stm32f40xx.o(.text)
    DMA1_Stream3_IRQHandler                  0x0800026f   Thumb Code     0  startup_stm32f40xx.o(.text)
    DMA1_Stream4_IRQHandler                  0x0800026f   Thumb Code     0  startup_stm32f40xx.o(.text)
    DMA1_Stream5_IRQHandler                  0x0800026f   Thumb Code     0  startup_stm32f40xx.o(.text)
    DMA1_Stream6_IRQHandler                  0x0800026f   Thumb Code     0  startup_stm32f40xx.o(.text)
    DMA1_Stream7_IRQHandler                  0x0800026f   Thumb Code     0  startup_stm32f40xx.o(.text)
    DMA2_Stream0_IRQHandler                  0x0800026f   Thumb Code     0  startup_stm32f40xx.o(.text)
    DMA2_Stream1_IRQHandler                  0x0800026f   Thumb Code     0  startup_stm32f40xx.o(.text)
    DMA2_Stream2_IRQHandler                  0x0800026f   Thumb Code     0  startup_stm32f40xx.o(.text)
    DMA2_Stream3_IRQHandler                  0x0800026f   Thumb Code     0  startup_stm32f40xx.o(.text)
    DMA2_Stream4_IRQHandler                  0x0800026f   Thumb Code     0  startup_stm32f40xx.o(.text)
    DMA2_Stream5_IRQHandler                  0x0800026f   Thumb Code     0  startup_stm32f40xx.o(.text)
    DMA2_Stream6_IRQHandler                  0x0800026f   Thumb Code     0  startup_stm32f40xx.o(.text)
    DMA2_Stream7_IRQHandler                  0x0800026f   Thumb Code     0  startup_stm32f40xx.o(.text)
    ETH_IRQHandler                           0x0800026f   Thumb Code     0  startup_stm32f40xx.o(.text)
    ETH_WKUP_IRQHandler                      0x0800026f   Thumb Code     0  startup_stm32f40xx.o(.text)
    EXTI0_IRQHandler                         0x0800026f   Thumb Code     0  startup_stm32f40xx.o(.text)
    EXTI15_10_IRQHandler                     0x0800026f   Thumb Code     0  startup_stm32f40xx.o(.text)
    EXTI1_IRQHandler                         0x0800026f   Thumb Code     0  startup_stm32f40xx.o(.text)
    EXTI2_IRQHandler                         0x0800026f   Thumb Code     0  startup_stm32f40xx.o(.text)
    EXTI3_IRQHandler                         0x0800026f   Thumb Code     0  startup_stm32f40xx.o(.text)
    EXTI4_IRQHandler                         0x0800026f   Thumb Code     0  startup_stm32f40xx.o(.text)
    EXTI9_5_IRQHandler                       0x0800026f   Thumb Code     0  startup_stm32f40xx.o(.text)
    FLASH_IRQHandler                         0x0800026f   Thumb Code     0  startup_stm32f40xx.o(.text)
    FPU_IRQHandler                           0x0800026f   Thumb Code     0  startup_stm32f40xx.o(.text)
    FSMC_IRQHandler                          0x0800026f   Thumb Code     0  startup_stm32f40xx.o(.text)
    HASH_RNG_IRQHandler                      0x0800026f   Thumb Code     0  startup_stm32f40xx.o(.text)
    I2C1_ER_IRQHandler                       0x0800026f   Thumb Code     0  startup_stm32f40xx.o(.text)
    I2C1_EV_IRQHandler                       0x0800026f   Thumb Code     0  startup_stm32f40xx.o(.text)
    I2C2_ER_IRQHandler                       0x0800026f   Thumb Code     0  startup_stm32f40xx.o(.text)
    I2C2_EV_IRQHandler                       0x0800026f   Thumb Code     0  startup_stm32f40xx.o(.text)
    I2C3_ER_IRQHandler                       0x0800026f   Thumb Code     0  startup_stm32f40xx.o(.text)
    I2C3_EV_IRQHandler                       0x0800026f   Thumb Code     0  startup_stm32f40xx.o(.text)
    OTG_FS_IRQHandler                        0x0800026f   Thumb Code     0  startup_stm32f40xx.o(.text)
    OTG_FS_WKUP_IRQHandler                   0x0800026f   Thumb Code     0  startup_stm32f40xx.o(.text)
    OTG_HS_EP1_IN_IRQHandler                 0x0800026f   Thumb Code     0  startup_stm32f40xx.o(.text)
    OTG_HS_EP1_OUT_IRQHandler                0x0800026f   Thumb Code     0  startup_stm32f40xx.o(.text)
    OTG_HS_IRQHandler                        0x0800026f   Thumb Code     0  startup_stm32f40xx.o(.text)
    OTG_HS_WKUP_IRQHandler                   0x0800026f   Thumb Code     0  startup_stm32f40xx.o(.text)
    PVD_IRQHandler                           0x0800026f   Thumb Code     0  startup_stm32f40xx.o(.text)
    RCC_IRQHandler                           0x0800026f   Thumb Code     0  startup_stm32f40xx.o(.text)
    RTC_Alarm_IRQHandler                     0x0800026f   Thumb Code     0  startup_stm32f40xx.o(.text)
    RTC_WKUP_IRQHandler                      0x0800026f   Thumb Code     0  startup_stm32f40xx.o(.text)
    SDIO_IRQHandler                          0x0800026f   Thumb Code     0  startup_stm32f40xx.o(.text)
    SPI1_IRQHandler                          0x0800026f   Thumb Code     0  startup_stm32f40xx.o(.text)
    SPI2_IRQHandler                          0x0800026f   Thumb Code     0  startup_stm32f40xx.o(.text)
    SPI3_IRQHandler                          0x0800026f   Thumb Code     0  startup_stm32f40xx.o(.text)
    TAMP_STAMP_IRQHandler                    0x0800026f   Thumb Code     0  startup_stm32f40xx.o(.text)
    TIM1_BRK_TIM9_IRQHandler                 0x0800026f   Thumb Code     0  startup_stm32f40xx.o(.text)
    TIM1_CC_IRQHandler                       0x0800026f   Thumb Code     0  startup_stm32f40xx.o(.text)
    TIM1_TRG_COM_TIM11_IRQHandler            0x0800026f   Thumb Code     0  startup_stm32f40xx.o(.text)
    TIM1_UP_TIM10_IRQHandler                 0x0800026f   Thumb Code     0  startup_stm32f40xx.o(.text)
    TIM3_IRQHandler                          0x0800026f   Thumb Code     0  startup_stm32f40xx.o(.text)
    TIM4_IRQHandler                          0x0800026f   Thumb Code     0  startup_stm32f40xx.o(.text)
    TIM5_IRQHandler                          0x0800026f   Thumb Code     0  startup_stm32f40xx.o(.text)
    TIM6_DAC_IRQHandler                      0x0800026f   Thumb Code     0  startup_stm32f40xx.o(.text)
    TIM7_IRQHandler                          0x0800026f   Thumb Code     0  startup_stm32f40xx.o(.text)
    TIM8_BRK_TIM12_IRQHandler                0x0800026f   Thumb Code     0  startup_stm32f40xx.o(.text)
    TIM8_CC_IRQHandler                       0x0800026f   Thumb Code     0  startup_stm32f40xx.o(.text)
    TIM8_TRG_COM_TIM14_IRQHandler            0x0800026f   Thumb Code     0  startup_stm32f40xx.o(.text)
    TIM8_UP_TIM13_IRQHandler                 0x0800026f   Thumb Code     0  startup_stm32f40xx.o(.text)
    UART4_IRQHandler                         0x0800026f   Thumb Code     0  startup_stm32f40xx.o(.text)
    UART5_IRQHandler                         0x0800026f   Thumb Code     0  startup_stm32f40xx.o(.text)
    USART2_IRQHandler                        0x0800026f   Thumb Code     0  startup_stm32f40xx.o(.text)
    USART3_IRQHandler                        0x0800026f   Thumb Code     0  startup_stm32f40xx.o(.text)
    USART6_IRQHandler                        0x0800026f   Thumb Code     0  startup_stm32f40xx.o(.text)
    WWDG_IRQHandler                          0x0800026f   Thumb Code     0  startup_stm32f40xx.o(.text)
    __aeabi_memcpy                           0x08000279   Thumb Code    36  memcpya.o(.text)
    __aeabi_memcpy4                          0x08000279   Thumb Code     0  memcpya.o(.text)
    __aeabi_memcpy8                          0x08000279   Thumb Code     0  memcpya.o(.text)
    __aeabi_memset                           0x0800029d   Thumb Code    14  memseta.o(.text)
    __aeabi_memset4                          0x0800029d   Thumb Code     0  memseta.o(.text)
    __aeabi_memset8                          0x0800029d   Thumb Code     0  memseta.o(.text)
    __aeabi_memclr                           0x080002ab   Thumb Code     4  memseta.o(.text)
    __aeabi_memclr4                          0x080002ab   Thumb Code     0  memseta.o(.text)
    __aeabi_memclr8                          0x080002ab   Thumb Code     0  memseta.o(.text)
    _memset$wrapper                          0x080002af   Thumb Code    18  memseta.o(.text)
    strlen                                   0x080002c1   Thumb Code    14  strlen.o(.text)
    strcpy                                   0x080002cf   Thumb Code    18  strcpy.o(.text)
    __aeabi_uidiv                            0x080002e1   Thumb Code     0  uidiv.o(.text)
    __aeabi_uidivmod                         0x080002e1   Thumb Code    44  uidiv.o(.text)
    __aeabi_uldivmod                         0x0800030d   Thumb Code    98  uldiv.o(.text)
    __I$use$fp                               0x0800036f   Thumb Code     0  iusefp.o(.text)
    __aeabi_dadd                             0x0800036f   Thumb Code   322  dadd.o(.text)
    __aeabi_dsub                             0x080004b1   Thumb Code     6  dadd.o(.text)
    __aeabi_drsub                            0x080004b7   Thumb Code     6  dadd.o(.text)
    __aeabi_dmul                             0x080004bd   Thumb Code   228  dmul.o(.text)
    __aeabi_ddiv                             0x080005a1   Thumb Code   222  ddiv.o(.text)
    __aeabi_d2ulz                            0x0800067f   Thumb Code    48  dfixul.o(.text)
    __aeabi_cdrcmple                         0x080006b1   Thumb Code    48  cdrcmple.o(.text)
    __scatterload                            0x080006e1   Thumb Code    28  init.o(.text)
    __scatterload_rt2                        0x080006e1   Thumb Code     0  init.o(.text)
    __aeabi_llsl                             0x08000705   Thumb Code    30  llshl.o(.text)
    _ll_shift_l                              0x08000705   Thumb Code     0  llshl.o(.text)
    __aeabi_llsr                             0x08000723   Thumb Code    32  llushr.o(.text)
    _ll_ushift_r                             0x08000723   Thumb Code     0  llushr.o(.text)
    __aeabi_lasr                             0x08000743   Thumb Code    36  llsshr.o(.text)
    _ll_sshift_r                             0x08000743   Thumb Code     0  llsshr.o(.text)
    _double_round                            0x08000767   Thumb Code    30  depilogue.o(.text)
    _double_epilogue                         0x08000785   Thumb Code   156  depilogue.o(.text)
    BusFault_Handler                         0x08000821   Thumb Code     2  stm32f4xx_it.o(i.BusFault_Handler)
    DebugMon_Handler                         0x08000823   Thumb Code     2  stm32f4xx_it.o(i.DebugMon_Handler)
    GPIO_Init                                0x08000825   Thumb Code   124  stm32f4xx_gpio.o(i.GPIO_Init)
    GPIO_PinAFConfig                         0x080008a1   Thumb Code    32  stm32f4xx_gpio.o(i.GPIO_PinAFConfig)
    GPIO_ReadInputDataBit                    0x080008c1   Thumb Code    14  stm32f4xx_gpio.o(i.GPIO_ReadInputDataBit)
    GPIO_SetBits                             0x080008cf   Thumb Code     4  stm32f4xx_gpio.o(i.GPIO_SetBits)
    GPIO_ToggleBits                          0x080008d3   Thumb Code     8  stm32f4xx_gpio.o(i.GPIO_ToggleBits)
    HardFault_Handler                        0x080008db   Thumb Code     2  stm32f4xx_it.o(i.HardFault_Handler)
    MemManage_Handler                        0x080008dd   Thumb Code     2  stm32f4xx_it.o(i.MemManage_Handler)
    NMI_Handler                              0x080008df   Thumb Code     2  stm32f4xx_it.o(i.NMI_Handler)
    NVIC_Init                                0x080008e1   Thumb Code    98  misc.o(i.NVIC_Init)
    NVIC_PriorityGroupConfig                 0x08000949   Thumb Code    10  misc.o(i.NVIC_PriorityGroupConfig)
    RCC_AHB1PeriphClockCmd                   0x0800095d   Thumb Code    22  stm32f4xx_rcc.o(i.RCC_AHB1PeriphClockCmd)
    RCC_APB1PeriphClockCmd                   0x08000979   Thumb Code    22  stm32f4xx_rcc.o(i.RCC_APB1PeriphClockCmd)
    RCC_APB2PeriphClockCmd                   0x08000995   Thumb Code    22  stm32f4xx_rcc.o(i.RCC_APB2PeriphClockCmd)
    RCC_GetClocksFreq                        0x080009b1   Thumb Code   148  stm32f4xx_rcc.o(i.RCC_GetClocksFreq)
    Serial_Init                              0x08000a51   Thumb Code   218  usart1.o(i.Serial_Init)
    Serial_Printf                            0x08000b39   Thumb Code    28  usart1.o(i.Serial_Printf)
    Serial_ReceivePacket                     0x08000b55   Thumb Code    32  usart1.o(i.Serial_ReceivePacket)
    Serial_SendByte                          0x08000b79   Thumb Code    82  usart1.o(i.Serial_SendByte)
    Serial_SendString                        0x08000bd9   Thumb Code   102  usart1.o(i.Serial_SendString)
    SysTick_Handler                          0x08000d05   Thumb Code    38  port.o(i.SysTick_Handler)
    SystemInit                               0x08000d31   Thumb Code    74  system_stm32f4xx.o(i.SystemInit)
    TIM2_IRQHandler                          0x08000d8d   Thumb Code    38  main.o(i.TIM2_IRQHandler)
    TIM_ClearITPendingBit                    0x08000db9   Thumb Code     6  stm32f4xx_tim.o(i.TIM_ClearITPendingBit)
    TIM_Cmd                                  0x08000dbf   Thumb Code    24  stm32f4xx_tim.o(i.TIM_Cmd)
    TIM_GetITStatus                          0x08000dd7   Thumb Code    24  stm32f4xx_tim.o(i.TIM_GetITStatus)
    TIM_ITConfig                             0x08000def   Thumb Code    20  stm32f4xx_tim.o(i.TIM_ITConfig)
    TIM_TimeBaseInit                         0x08000e05   Thumb Code    96  stm32f4xx_tim.o(i.TIM_TimeBaseInit)
    USART1_IRQHandler                        0x08000e81   Thumb Code   242  usart1.o(i.USART1_IRQHandler)
    USART_ClearITPendingBit                  0x08000f85   Thumb Code    16  stm32f4xx_usart.o(i.USART_ClearITPendingBit)
    USART_Cmd                                0x08000f95   Thumb Code    24  stm32f4xx_usart.o(i.USART_Cmd)
    USART_GetFlagStatus                      0x08000fad   Thumb Code    14  stm32f4xx_usart.o(i.USART_GetFlagStatus)
    USART_GetITStatus                        0x08000fbb   Thumb Code    64  stm32f4xx_usart.o(i.USART_GetITStatus)
    USART_ITConfig                           0x08000ffb   Thumb Code    54  stm32f4xx_usart.o(i.USART_ITConfig)
    USART_Init                               0x08001031   Thumb Code   180  stm32f4xx_usart.o(i.USART_Init)
    USART_ReceiveData                        0x080010ed   Thumb Code     8  stm32f4xx_usart.o(i.USART_ReceiveData)
    USART_SendData                           0x080010f5   Thumb Code     8  stm32f4xx_usart.o(i.USART_SendData)
    UsageFault_Handler                       0x080010fd   Thumb Code     2  stm32f4xx_it.o(i.UsageFault_Handler)
    __0printf$3                              0x08001101   Thumb Code    22  printf3.o(i.__0printf$3)
    __1printf$3                              0x08001101   Thumb Code     0  printf3.o(i.__0printf$3)
    __2printf                                0x08001101   Thumb Code     0  printf3.o(i.__0printf$3)
    __0sprintf$3                             0x08001121   Thumb Code    34  printf3.o(i.__0sprintf$3)
    __1sprintf$3                             0x08001121   Thumb Code     0  printf3.o(i.__0sprintf$3)
    __2sprintf                               0x08001121   Thumb Code     0  printf3.o(i.__0sprintf$3)
    __0vsprintf                              0x08001149   Thumb Code    30  printfa.o(i.__0vsprintf)
    __1vsprintf                              0x08001149   Thumb Code     0  printfa.o(i.__0vsprintf)
    __2vsprintf                              0x08001149   Thumb Code     0  printfa.o(i.__0vsprintf)
    __c89vsprintf                            0x08001149   Thumb Code     0  printfa.o(i.__0vsprintf)
    vsprintf                                 0x08001149   Thumb Code     0  printfa.o(i.__0vsprintf)
    __scatterload_copy                       0x0800116d   Thumb Code    14  handlers.o(i.__scatterload_copy)
    __scatterload_null                       0x0800117b   Thumb Code     2  handlers.o(i.__scatterload_null)
    __scatterload_zeroinit                   0x0800117d   Thumb Code    14  handlers.o(i.__scatterload_zeroinit)
    eTaskGetState                            0x08001c0d   Thumb Code    94  tasks.o(i.eTaskGetState)
    fputc                                    0x08001ca1   Thumb Code    14  usart1.o(i.fputc)
    getRunTimeCounterValue                   0x08001cb1   Thumb Code     6  main.o(i.getRunTimeCounterValue)
    key_get                                  0x08001cbd   Thumb Code    42  key.o(i.key_get)
    key_init                                 0x08001cf1   Thumb Code    64  key.o(i.key_init)
    led_init                                 0x08001d39   Thumb Code    56  bsp_led.o(i.led_init)
    main                                     0x08001d75   Thumb Code   106  main.o(i.main)
    pvPortMalloc                             0x08002889   Thumb Code   206  heap_4.o(i.pvPortMalloc)
    pvTaskIncrementMutexHeldCount            0x08002995   Thumb Code    20  tasks.o(i.pvTaskIncrementMutexHeldCount)
    pxPortInitialiseStack                    0x080029ad   Thumb Code    30  port.o(i.pxPortInitialiseStack)
    ulTaskNotifyTake                         0x080029d1   Thumb Code    96  tasks.o(i.ulTaskNotifyTake)
    uxListRemove                             0x08002a39   Thumb Code    36  list.o(i.uxListRemove)
    uxTaskGetSystemState                     0x08002a5d   Thumb Code   160  tasks.o(i.uxTaskGetSystemState)
    vInitHardware                            0x08002b09   Thumb Code    38  main.o(i.vInitHardware)
    vInitStatsTimer                          0x08002b35   Thumb Code    92  main.o(i.vInitStatsTimer)
    vInitTask                                0x08002b91   Thumb Code   142  main.o(i.vInitTask)
    vListInitialise                          0x08002cc5   Thumb Code    22  list.o(i.vListInitialise)
    vListInitialiseItem                      0x08002cdb   Thumb Code     6  list.o(i.vListInitialiseItem)
    vListInsert                              0x08002ce1   Thumb Code    48  list.o(i.vListInsert)
    vListInsertEnd                           0x08002d11   Thumb Code    24  list.o(i.vListInsertEnd)
    vPortEnterCritical                       0x08002d29   Thumb Code    50  port.o(i.vPortEnterCritical)
    vPortExitCritical                        0x08002da1   Thumb Code    38  port.o(i.vPortExitCritical)
    vPortFree                                0x08002e09   Thumb Code    94  heap_4.o(i.vPortFree)
    vPortSetupTimerInterrupt                 0x08002ea5   Thumb Code    26  port.o(i.vPortSetupTimerInterrupt)
    vPortValidateInterruptPriority           0x08002ec5   Thumb Code    70  port.o(i.vPortValidateInterruptPriority)
    vQueueAddToRegistry                      0x08002f51   Thumb Code    32  queue.o(i.vQueueAddToRegistry)
    vQueueWaitForMessageRestricted           0x08002f75   Thumb Code    70  queue.o(i.vQueueWaitForMessageRestricted)
    vStatsTask                               0x08002fbd   Thumb Code   142  main.o(i.vStatsTask)
    vTask1                                   0x08003165   Thumb Code    24  main.o(i.vTask1)
    vTask2                                   0x08003181   Thumb Code    24  main.o(i.vTask2)
    vTask3                                   0x0800319d   Thumb Code    62  main.o(i.vTask3)
    vTaskDelay                               0x080031e1   Thumb Code    66  tasks.o(i.vTaskDelay)
    vTaskDelete                              0x08003259   Thumb Code   152  tasks.o(i.vTaskDelete)
    vTaskGetInfo                             0x0800332d   Thumb Code   116  tasks.o(i.vTaskGetInfo)
    vTaskGetRunTimeStats                     0x080033a5   Thumb Code   162  tasks.o(i.vTaskGetRunTimeStats)
    vTaskList                                0x08003465   Thumb Code   168  tasks.o(i.vTaskList)
    vTaskMissedYield                         0x08003521   Thumb Code     8  tasks.o(i.vTaskMissedYield)
    vTaskPlaceOnEventList                    0x0800352d   Thumb Code    46  tasks.o(i.vTaskPlaceOnEventList)
    vTaskPlaceOnEventListRestricted          0x0800358d   Thumb Code    54  tasks.o(i.vTaskPlaceOnEventListRestricted)
    vTaskPriorityInherit                     0x080035f5   Thumb Code   126  tasks.o(i.vTaskPriorityInherit)
    vTaskSetTimeOutState                     0x0800367d   Thumb Code    32  tasks.o(i.vTaskSetTimeOutState)
    vTaskStartScheduler                      0x080036cd   Thumb Code    96  tasks.o(i.vTaskStartScheduler)
    vTaskSuspendAll                          0x08003769   Thumb Code    10  tasks.o(i.vTaskSuspendAll)
    vTaskSwitchContext                       0x08003779   Thumb Code   108  tasks.o(i.vTaskSwitchContext)
    vTaskUART                                0x08003819   Thumb Code    40  main.o(i.vTaskUART)
    vTimerCallback                           0x08003881   Thumb Code    14  main.o(i.vTimerCallback)
    xPortStartScheduler                      0x08003895   Thumb Code   192  port.o(i.xPortStartScheduler)
    xQueueCreateMutex                        0x080039a5   Thumb Code    24  queue.o(i.xQueueCreateMutex)
    xQueueGenericCreate                      0x080039bd   Thumb Code    64  queue.o(i.xQueueGenericCreate)
    xQueueGenericReceive                     0x08003a29   Thumb Code   374  queue.o(i.xQueueGenericReceive)
    xQueueGenericReset                       0x08003bd1   Thumb Code   130  queue.o(i.xQueueGenericReset)
    xQueueGenericSend                        0x08003c85   Thumb Code   358  queue.o(i.xQueueGenericSend)
    xQueueGenericSendFromISR                 0x08003e1d   Thumb Code   200  queue.o(i.xQueueGenericSendFromISR)
    xTaskCheckForTimeOut                     0x08003f11   Thumb Code   104  tasks.o(i.xTaskCheckForTimeOut)
    xTaskCreate                              0x08003fa9   Thumb Code    96  tasks.o(i.xTaskCreate)
    xTaskGenericNotify                       0x08004009   Thumb Code   188  tasks.o(i.xTaskGenericNotify)
    xTaskGetSchedulerState                   0x080040fd   Thumb Code    24  tasks.o(i.xTaskGetSchedulerState)
    xTaskGetTickCount                        0x08004119   Thumb Code     6  tasks.o(i.xTaskGetTickCount)
    xTaskGetTickCountFromISR                 0x08004125   Thumb Code    12  tasks.o(i.xTaskGetTickCountFromISR)
    xTaskIncrementTick                       0x08004135   Thumb Code   192  tasks.o(i.xTaskIncrementTick)
    xTaskPriorityDisinherit                  0x08004229   Thumb Code   136  tasks.o(i.xTaskPriorityDisinherit)
    xTaskRemoveFromEventList                 0x080042e5   Thumb Code   108  tasks.o(i.xTaskRemoveFromEventList)
    xTaskResumeAll                           0x08004389   Thumb Code   184  tasks.o(i.xTaskResumeAll)
    xTimerCreate                             0x0800447d   Thumb Code    46  timers.o(i.xTimerCreate)
    xTimerCreateTimerTask                    0x080044ad   Thumb Code    58  timers.o(i.xTimerCreateTimerTask)
    xTimerGenericCommand                     0x08004525   Thumb Code   112  timers.o(i.xTimerGenericCommand)
    Region$$Table$$Base                      0x080045c4   Number         0  anon$$obj.o(Region$$Table)
    Region$$Table$$Limit                     0x080045e4   Number         0  anon$$obj.o(Region$$Table)
    SystemCoreClock                          0x20000000   Data           4  system_stm32f4xx.o(.data)
    AHBPrescTable                            0x20000004   Data          16  system_stm32f4xx.o(.data)
    xLED1TaskHandle                          0x20000024   Data           4  main.o(.data)
    xLED2TaskHandle                          0x20000028   Data           4  main.o(.data)
    xKeyTaskHandle                           0x2000002c   Data           4  main.o(.data)
    xInitTaskHandle                          0x20000030   Data           4  main.o(.data)
    xPeriodicTimer                           0x20000034   Data           4  main.o(.data)
    ulHighFrequencyTimerTicks                0x20000038   Data           4  main.o(.data)
    xUartRxQueue                             0x20000040   Data           4  usart1.o(.data)
    xUartMutex                               0x20000044   Data           4  usart1.o(.data)
    pxCurrentTCB                             0x20000048   Data           4  tasks.o(.data)
    __stdout                                 0x200000c4   Data           4  stdout.o(.data)
    xQueueRegistry                           0x20000134   Data          80  queue.o(.bss)
    __initial_sp                             0x20009890   Data           0  startup_stm32f40xx.o(STACK)



==============================================================================

Memory Map of the image

  Image Entry point : 0x08000189

  Load Region LR_IROM1 (Base: 0x08000000, Size: 0x000046ac, Max: 0x00080000, ABSOLUTE)

    Execution Region ER_IROM1 (Exec base: 0x08000000, Load base: 0x08000000, Size: 0x000045e4, Max: 0x00080000, ABSOLUTE)

    Exec Addr    Load Addr    Size         Type   Attr      Idx    E Section Name        Object

    0x08000000   0x08000000   0x00000188   Data   RO            3    RESET               startup_stm32f40xx.o
    0x08000188   0x08000188   0x00000000   Code   RO         6230  * .ARM.Collect$$$$00000000  mc_w.l(entry.o)
    0x08000188   0x08000188   0x00000004   Code   RO         6504    .ARM.Collect$$$$00000001  mc_w.l(entry2.o)
    0x0800018c   0x0800018c   0x00000004   Code   RO         6507    .ARM.Collect$$$$00000004  mc_w.l(entry5.o)
    0x08000190   0x08000190   0x00000000   Code   RO         6509    .ARM.Collect$$$$00000008  mc_w.l(entry7b.o)
    0x08000190   0x08000190   0x00000000   Code   RO         6511    .ARM.Collect$$$$0000000A  mc_w.l(entry8b.o)
    0x08000190   0x08000190   0x00000008   Code   RO         6512    .ARM.Collect$$$$0000000B  mc_w.l(entry9a.o)
    0x08000198   0x08000198   0x00000000   Code   RO         6514    .ARM.Collect$$$$0000000D  mc_w.l(entry10a.o)
    0x08000198   0x08000198   0x00000000   Code   RO         6516    .ARM.Collect$$$$0000000F  mc_w.l(entry11a.o)
    0x08000198   0x08000198   0x00000004   Code   RO         6505    .ARM.Collect$$$$00002712  mc_w.l(entry2.o)
    0x0800019c   0x0800019c   0x000000b6   Code   RO         6083    .emb_text           port.o
    0x08000252   0x08000252   0x00000002   PAD
    0x08000254   0x08000254   0x00000024   Code   RO            4    .text               startup_stm32f40xx.o
    0x08000278   0x08000278   0x00000024   Code   RO         6233    .text               mc_w.l(memcpya.o)
    0x0800029c   0x0800029c   0x00000024   Code   RO         6235    .text               mc_w.l(memseta.o)
    0x080002c0   0x080002c0   0x0000000e   Code   RO         6237    .text               mc_w.l(strlen.o)
    0x080002ce   0x080002ce   0x00000012   Code   RO         6239    .text               mc_w.l(strcpy.o)
    0x080002e0   0x080002e0   0x0000002c   Code   RO         6519    .text               mc_w.l(uidiv.o)
    0x0800030c   0x0800030c   0x00000062   Code   RO         6521    .text               mc_w.l(uldiv.o)
    0x0800036e   0x0800036e   0x00000000   Code   RO         6523    .text               mc_w.l(iusefp.o)
    0x0800036e   0x0800036e   0x0000014e   Code   RO         6524    .text               mf_w.l(dadd.o)
    0x080004bc   0x080004bc   0x000000e4   Code   RO         6526    .text               mf_w.l(dmul.o)
    0x080005a0   0x080005a0   0x000000de   Code   RO         6528    .text               mf_w.l(ddiv.o)
    0x0800067e   0x0800067e   0x00000030   Code   RO         6530    .text               mf_w.l(dfixul.o)
    0x080006ae   0x080006ae   0x00000002   PAD
    0x080006b0   0x080006b0   0x00000030   Code   RO         6532    .text               mf_w.l(cdrcmple.o)
    0x080006e0   0x080006e0   0x00000024   Code   RO         6534    .text               mc_w.l(init.o)
    0x08000704   0x08000704   0x0000001e   Code   RO         6536    .text               mc_w.l(llshl.o)
    0x08000722   0x08000722   0x00000020   Code   RO         6538    .text               mc_w.l(llushr.o)
    0x08000742   0x08000742   0x00000024   Code   RO         6540    .text               mc_w.l(llsshr.o)
    0x08000766   0x08000766   0x000000ba   Code   RO         6542    .text               mf_w.l(depilogue.o)
    0x08000820   0x08000820   0x00000002   Code   RO         4916    i.BusFault_Handler  stm32f4xx_it.o
    0x08000822   0x08000822   0x00000002   Code   RO         4917    i.DebugMon_Handler  stm32f4xx_it.o
    0x08000824   0x08000824   0x0000007c   Code   RO         1857    i.GPIO_Init         stm32f4xx_gpio.o
    0x080008a0   0x080008a0   0x00000020   Code   RO         1858    i.GPIO_PinAFConfig  stm32f4xx_gpio.o
    0x080008c0   0x080008c0   0x0000000e   Code   RO         1861    i.GPIO_ReadInputDataBit  stm32f4xx_gpio.o
    0x080008ce   0x080008ce   0x00000004   Code   RO         1865    i.GPIO_SetBits      stm32f4xx_gpio.o
    0x080008d2   0x080008d2   0x00000008   Code   RO         1867    i.GPIO_ToggleBits   stm32f4xx_gpio.o
    0x080008da   0x080008da   0x00000002   Code   RO         4918    i.HardFault_Handler  stm32f4xx_it.o
    0x080008dc   0x080008dc   0x00000002   Code   RO         4919    i.MemManage_Handler  stm32f4xx_it.o
    0x080008de   0x080008de   0x00000002   Code   RO         4920    i.NMI_Handler       stm32f4xx_it.o
    0x080008e0   0x080008e0   0x00000068   Code   RO          155    i.NVIC_Init         misc.o
    0x08000948   0x08000948   0x00000014   Code   RO          156    i.NVIC_PriorityGroupConfig  misc.o
    0x0800095c   0x0800095c   0x0000001c   Code   RO         2561    i.RCC_AHB1PeriphClockCmd  stm32f4xx_rcc.o
    0x08000978   0x08000978   0x0000001c   Code   RO         2570    i.RCC_APB1PeriphClockCmd  stm32f4xx_rcc.o
    0x08000994   0x08000994   0x0000001c   Code   RO         2573    i.RCC_APB2PeriphClockCmd  stm32f4xx_rcc.o
    0x080009b0   0x080009b0   0x000000a0   Code   RO         2582    i.RCC_GetClocksFreq  stm32f4xx_rcc.o
    0x08000a50   0x08000a50   0x000000e8   Code   RO         5027    i.Serial_Init       usart1.o
    0x08000b38   0x08000b38   0x0000001c   Code   RO         5029    i.Serial_Printf     usart1.o
    0x08000b54   0x08000b54   0x00000024   Code   RO         5030    i.Serial_ReceivePacket  usart1.o
    0x08000b78   0x08000b78   0x00000060   Code   RO         5032    i.Serial_SendByte   usart1.o
    0x08000bd8   0x08000bd8   0x00000074   Code   RO         5034    i.Serial_SendString  usart1.o
    0x08000c4c   0x08000c4c   0x000000b8   Code   RO           13    i.SetSysClock       system_stm32f4xx.o
    0x08000d04   0x08000d04   0x0000002c   Code   RO         6084    i.SysTick_Handler   port.o
    0x08000d30   0x08000d30   0x0000005c   Code   RO           15    i.SystemInit        system_stm32f4xx.o
    0x08000d8c   0x08000d8c   0x0000002c   Code   RO         4765    i.TIM2_IRQHandler   main.o
    0x08000db8   0x08000db8   0x00000006   Code   RO         3952    i.TIM_ClearITPendingBit  stm32f4xx_tim.o
    0x08000dbe   0x08000dbe   0x00000018   Code   RO         3957    i.TIM_Cmd           stm32f4xx_tim.o
    0x08000dd6   0x08000dd6   0x00000018   Code   RO         3978    i.TIM_GetITStatus   stm32f4xx_tim.o
    0x08000dee   0x08000dee   0x00000014   Code   RO         3982    i.TIM_ITConfig      stm32f4xx_tim.o
    0x08000e02   0x08000e02   0x00000002   PAD
    0x08000e04   0x08000e04   0x0000007c   Code   RO         4029    i.TIM_TimeBaseInit  stm32f4xx_tim.o
    0x08000e80   0x08000e80   0x00000104   Code   RO         5035    i.USART1_IRQHandler  usart1.o
    0x08000f84   0x08000f84   0x00000010   Code   RO         4508    i.USART_ClearITPendingBit  stm32f4xx_usart.o
    0x08000f94   0x08000f94   0x00000018   Code   RO         4511    i.USART_Cmd         stm32f4xx_usart.o
    0x08000fac   0x08000fac   0x0000000e   Code   RO         4514    i.USART_GetFlagStatus  stm32f4xx_usart.o
    0x08000fba   0x08000fba   0x00000040   Code   RO         4515    i.USART_GetITStatus  stm32f4xx_usart.o
    0x08000ffa   0x08000ffa   0x00000036   Code   RO         4517    i.USART_ITConfig    stm32f4xx_usart.o
    0x08001030   0x08001030   0x000000bc   Code   RO         4518    i.USART_Init        stm32f4xx_usart.o
    0x080010ec   0x080010ec   0x00000008   Code   RO         4525    i.USART_ReceiveData  stm32f4xx_usart.o
    0x080010f4   0x080010f4   0x00000008   Code   RO         4528    i.USART_SendData    stm32f4xx_usart.o
    0x080010fc   0x080010fc   0x00000002   Code   RO         4921    i.UsageFault_Handler  stm32f4xx_it.o
    0x080010fe   0x080010fe   0x00000002   PAD
    0x08001100   0x08001100   0x00000020   Code   RO         6332    i.__0printf$3       mc_w.l(printf3.o)
    0x08001120   0x08001120   0x00000028   Code   RO         6334    i.__0sprintf$3      mc_w.l(printf3.o)
    0x08001148   0x08001148   0x00000024   Code   RO         6482    i.__0vsprintf       mc_w.l(printfa.o)
    0x0800116c   0x0800116c   0x0000000e   Code   RO         6546    i.__scatterload_copy  mc_w.l(handlers.o)
    0x0800117a   0x0800117a   0x00000002   Code   RO         6547    i.__scatterload_null  mc_w.l(handlers.o)
    0x0800117c   0x0800117c   0x0000000e   Code   RO         6548    i.__scatterload_zeroinit  mc_w.l(handlers.o)
    0x0800118a   0x0800118a   0x00000002   PAD
    0x0800118c   0x0800118c   0x00000184   Code   RO         6483    i._fp_digits        mc_w.l(printfa.o)
    0x08001310   0x08001310   0x000001b8   Code   RO         6339    i._printf_core      mc_w.l(printf3.o)
    0x080014c8   0x080014c8   0x000006dc   Code   RO         6484    i._printf_core      mc_w.l(printfa.o)
    0x08001ba4   0x08001ba4   0x00000024   Code   RO         6485    i._printf_post_padding  mc_w.l(printfa.o)
    0x08001bc8   0x08001bc8   0x0000002e   Code   RO         6486    i._printf_pre_padding  mc_w.l(printfa.o)
    0x08001bf6   0x08001bf6   0x0000000a   Code   RO         6341    i._sputc            mc_w.l(printf3.o)
    0x08001c00   0x08001c00   0x0000000a   Code   RO         6488    i._sputc            mc_w.l(printfa.o)
    0x08001c0a   0x08001c0a   0x00000002   PAD
    0x08001c0c   0x08001c0c   0x00000094   Code   RO         5561    i.eTaskGetState     tasks.o
    0x08001ca0   0x08001ca0   0x0000000e   Code   RO         5036    i.fputc             usart1.o
    0x08001cae   0x08001cae   0x00000002   PAD
    0x08001cb0   0x08001cb0   0x0000000c   Code   RO         4766    i.getRunTimeCounterValue  main.o
    0x08001cbc   0x08001cbc   0x00000034   Code   RO         4997    i.key_get           key.o
    0x08001cf0   0x08001cf0   0x00000048   Code   RO         4998    i.key_init          key.o
    0x08001d38   0x08001d38   0x0000003c   Code   RO         4973    i.led_init          bsp_led.o
    0x08001d74   0x08001d74   0x000000a8   Code   RO         4767    i.main              main.o
    0x08001e1c   0x08001e1c   0x00000070   Code   RO         5563    i.prvAddCurrentTaskToDelayedList  tasks.o
    0x08001e8c   0x08001e8c   0x0000008c   Code   RO         5564    i.prvAddNewTaskToReadyList  tasks.o
    0x08001f18   0x08001f18   0x00000050   Code   RO         5941    i.prvCheckForValidListAndQueue  timers.o
    0x08001f68   0x08001f68   0x00000054   Code   RO         5565    i.prvCheckTasksWaitingTermination  tasks.o
    0x08001fbc   0x08001fbc   0x00000028   Code   RO         5318    i.prvCopyDataFromQueue  queue.o
    0x08001fe4   0x08001fe4   0x0000006e   Code   RO         5319    i.prvCopyDataToQueue  queue.o
    0x08002052   0x08002052   0x00000014   Code   RO         5566    i.prvDeleteTCB      tasks.o
    0x08002066   0x08002066   0x00000002   PAD
    0x08002068   0x08002068   0x00000024   Code   RO         5942    i.prvGetNextExpireTime  timers.o
    0x0800208c   0x0800208c   0x0000004c   Code   RO         6172    i.prvHeapInit       heap_4.o
    0x080020d8   0x080020d8   0x00000028   Code   RO         5567    i.prvIdleTask       tasks.o
    0x08002100   0x08002100   0x00000018   Code   RO         5320    i.prvInitialiseMutex  queue.o
    0x08002118   0x08002118   0x00000026   Code   RO         5321    i.prvInitialiseNewQueue  queue.o
    0x0800213e   0x0800213e   0x00000002   PAD
    0x08002140   0x08002140   0x000000c4   Code   RO         5568    i.prvInitialiseNewTask  tasks.o
    0x08002204   0x08002204   0x00000070   Code   RO         5943    i.prvInitialiseNewTimer  timers.o
    0x08002274   0x08002274   0x00000058   Code   RO         5569    i.prvInitialiseTaskLists  tasks.o
    0x080022cc   0x080022cc   0x00000054   Code   RO         6173    i.prvInsertBlockIntoFreeList  heap_4.o
    0x08002320   0x08002320   0x00000040   Code   RO         5944    i.prvInsertTimerInActiveList  timers.o
    0x08002360   0x08002360   0x0000001a   Code   RO         5322    i.prvIsQueueEmpty   queue.o
    0x0800237a   0x0800237a   0x0000001e   Code   RO         5323    i.prvIsQueueFull    queue.o
    0x08002398   0x08002398   0x0000005c   Code   RO         5570    i.prvListTasksWithinSingleList  tasks.o
    0x080023f4   0x080023f4   0x0000009c   Code   RO         5324    i.prvNotifyQueueSetContainer  queue.o
    0x08002490   0x08002490   0x00000084   Code   RO         5945    i.prvProcessExpiredTimer  timers.o
    0x08002514   0x08002514   0x000000f4   Code   RO         5946    i.prvProcessReceivedCommands  timers.o
    0x08002608   0x08002608   0x0000006c   Code   RO         5947    i.prvProcessTimerOrBlockTask  timers.o
    0x08002674   0x08002674   0x00000024   Code   RO         5571    i.prvResetNextTaskUnblockTime  tasks.o
    0x08002698   0x08002698   0x0000002c   Code   RO         5948    i.prvSampleTimeNow  timers.o
    0x080026c4   0x080026c4   0x00000094   Code   RO         5949    i.prvSwitchTimerLists  timers.o
    0x08002758   0x08002758   0x00000014   Code   RO         5572    i.prvTaskCheckFreeStackSpace  tasks.o
    0x0800276c   0x0800276c   0x00000064   Code   RO         6085    i.prvTaskExitError  port.o
    0x080027d0   0x080027d0   0x00000014   Code   RO         5950    i.prvTimerTask      timers.o
    0x080027e4   0x080027e4   0x0000007e   Code   RO         5325    i.prvUnlockQueue    queue.o
    0x08002862   0x08002862   0x00000024   Code   RO         5574    i.prvWriteNameToBuffer  tasks.o
    0x08002886   0x08002886   0x00000002   PAD
    0x08002888   0x08002888   0x0000010c   Code   RO         6174    i.pvPortMalloc      heap_4.o
    0x08002994   0x08002994   0x00000018   Code   RO         5575    i.pvTaskIncrementMutexHeldCount  tasks.o
    0x080029ac   0x080029ac   0x00000024   Code   RO         6086    i.pxPortInitialiseStack  port.o
    0x080029d0   0x080029d0   0x00000068   Code   RO         5576    i.ulTaskNotifyTake  tasks.o
    0x08002a38   0x08002a38   0x00000024   Code   RO         5269    i.uxListRemove      list.o
    0x08002a5c   0x08002a5c   0x000000ac   Code   RO         5578    i.uxTaskGetSystemState  tasks.o
    0x08002b08   0x08002b08   0x0000002c   Code   RO         4768    i.vInitHardware     main.o
    0x08002b34   0x08002b34   0x0000005c   Code   RO         4769    i.vInitStatsTimer   main.o
    0x08002b90   0x08002b90   0x00000134   Code   RO         4770    i.vInitTask         main.o
    0x08002cc4   0x08002cc4   0x00000016   Code   RO         5270    i.vListInitialise   list.o
    0x08002cda   0x08002cda   0x00000006   Code   RO         5271    i.vListInitialiseItem  list.o
    0x08002ce0   0x08002ce0   0x00000030   Code   RO         5272    i.vListInsert       list.o
    0x08002d10   0x08002d10   0x00000018   Code   RO         5273    i.vListInsertEnd    list.o
    0x08002d28   0x08002d28   0x00000078   Code   RO         6088    i.vPortEnterCritical  port.o
    0x08002da0   0x08002da0   0x00000068   Code   RO         6089    i.vPortExitCritical  port.o
    0x08002e08   0x08002e08   0x0000009c   Code   RO         6175    i.vPortFree         heap_4.o
    0x08002ea4   0x08002ea4   0x00000020   Code   RO         6090    i.vPortSetupTimerInterrupt  port.o
    0x08002ec4   0x08002ec4   0x0000008c   Code   RO         6091    i.vPortValidateInterruptPriority  port.o
    0x08002f50   0x08002f50   0x00000024   Code   RO         5331    i.vQueueAddToRegistry  queue.o
    0x08002f74   0x08002f74   0x00000046   Code   RO         5335    i.vQueueWaitForMessageRestricted  queue.o
    0x08002fba   0x08002fba   0x00000002   PAD
    0x08002fbc   0x08002fbc   0x000001a8   Code   RO         4771    i.vStatsTask        main.o
    0x08003164   0x08003164   0x0000001c   Code   RO         4772    i.vTask1            main.o
    0x08003180   0x08003180   0x0000001c   Code   RO         4773    i.vTask2            main.o
    0x0800319c   0x0800319c   0x00000044   Code   RO         4774    i.vTask3            main.o
    0x080031e0   0x080031e0   0x00000078   Code   RO         5583    i.vTaskDelay        tasks.o
    0x08003258   0x08003258   0x000000d4   Code   RO         5585    i.vTaskDelete       tasks.o
    0x0800332c   0x0800332c   0x00000078   Code   RO         5587    i.vTaskGetInfo      tasks.o
    0x080033a4   0x080033a4   0x000000c0   Code   RO         5588    i.vTaskGetRunTimeStats  tasks.o
    0x08003464   0x08003464   0x000000bc   Code   RO         5589    i.vTaskList         tasks.o
    0x08003520   0x08003520   0x0000000c   Code   RO         5590    i.vTaskMissedYield  tasks.o
    0x0800352c   0x0800352c   0x00000060   Code   RO         5592    i.vTaskPlaceOnEventList  tasks.o
    0x0800358c   0x0800358c   0x00000068   Code   RO         5593    i.vTaskPlaceOnEventListRestricted  tasks.o
    0x080035f4   0x080035f4   0x00000088   Code   RO         5595    i.vTaskPriorityInherit  tasks.o
    0x0800367c   0x0800367c   0x00000050   Code   RO         5599    i.vTaskSetTimeOutState  tasks.o
    0x080036cc   0x080036cc   0x0000009c   Code   RO         5600    i.vTaskStartScheduler  tasks.o
    0x08003768   0x08003768   0x00000010   Code   RO         5602    i.vTaskSuspendAll   tasks.o
    0x08003778   0x08003778   0x000000a0   Code   RO         5603    i.vTaskSwitchContext  tasks.o
    0x08003818   0x08003818   0x00000068   Code   RO         4775    i.vTaskUART         main.o
    0x08003880   0x08003880   0x00000014   Code   RO         4776    i.vTimerCallback    main.o
    0x08003894   0x08003894   0x00000110   Code   RO         6092    i.xPortStartScheduler  port.o
    0x080039a4   0x080039a4   0x00000018   Code   RO         5338    i.xQueueCreateMutex  queue.o
    0x080039bc   0x080039bc   0x0000006c   Code   RO         5340    i.xQueueGenericCreate  queue.o
    0x08003a28   0x08003a28   0x000001a8   Code   RO         5341    i.xQueueGenericReceive  queue.o
    0x08003bd0   0x08003bd0   0x000000b4   Code   RO         5342    i.xQueueGenericReset  queue.o
    0x08003c84   0x08003c84   0x00000198   Code   RO         5343    i.xQueueGenericSend  queue.o
    0x08003e1c   0x08003e1c   0x000000f4   Code   RO         5344    i.xQueueGenericSendFromISR  queue.o
    0x08003f10   0x08003f10   0x00000098   Code   RO         5604    i.xTaskCheckForTimeOut  tasks.o
    0x08003fa8   0x08003fa8   0x00000060   Code   RO         5605    i.xTaskCreate       tasks.o
    0x08004008   0x08004008   0x000000f4   Code   RO         5606    i.xTaskGenericNotify  tasks.o
    0x080040fc   0x080040fc   0x0000001c   Code   RO         5609    i.xTaskGetSchedulerState  tasks.o
    0x08004118   0x08004118   0x0000000c   Code   RO         5610    i.xTaskGetTickCount  tasks.o
    0x08004124   0x08004124   0x00000010   Code   RO         5611    i.xTaskGetTickCountFromISR  tasks.o
    0x08004134   0x08004134   0x000000f4   Code   RO         5612    i.xTaskIncrementTick  tasks.o
    0x08004228   0x08004228   0x000000bc   Code   RO         5615    i.xTaskPriorityDisinherit  tasks.o
    0x080042e4   0x080042e4   0x000000a4   Code   RO         5616    i.xTaskRemoveFromEventList  tasks.o
    0x08004388   0x08004388   0x000000f4   Code   RO         5618    i.xTaskResumeAll    tasks.o
    0x0800447c   0x0800447c   0x0000002e   Code   RO         5953    i.xTimerCreate      timers.o
    0x080044aa   0x080044aa   0x00000002   PAD
    0x080044ac   0x080044ac   0x00000078   Code   RO         5954    i.xTimerCreateTimerTask  timers.o
    0x08004524   0x08004524   0x000000a0   Code   RO         5955    i.xTimerGenericCommand  timers.o
    0x080045c4   0x080045c4   0x00000020   Data   RO         6544    Region$$Table       anon$$obj.o


    Execution Region RW_IRAM1 (Exec base: 0x20000000, Load base: 0x080045e4, Size: 0x00009890, Max: 0x00020000, ABSOLUTE)

    Exec Addr    Load Addr    Size         Type   Attr      Idx    E Section Name        Object

    0x20000000   0x080045e4   0x00000014   Data   RW           16    .data               system_stm32f4xx.o
    0x20000014   0x080045f8   0x00000010   Data   RW         2614    .data               stm32f4xx_rcc.o
    0x20000024   0x08004608   0x0000001c   Data   RW         4777    .data               main.o
    0x20000040   0x08004624   0x00000008   Data   RW         5038    .data               usart1.o
    0x20000048   0x0800462c   0x00000044   Data   RW         5621    .data               tasks.o
    0x2000008c   0x08004670   0x00000014   Data   RW         5963    .data               timers.o
    0x200000a0   0x08004684   0x0000000c   Data   RW         6093    .data               port.o
    0x200000ac   0x08004690   0x00000018   Data   RW         6180    .data               heap_4.o
    0x200000c4   0x080046a8   0x00000004   Data   RW         6518    .data               mc_w.l(stdout.o)
    0x200000c8        -       0x0000006c   Zero   RW         5037    .bss                usart1.o
    0x20000134        -       0x00000050   Zero   RW         5355    .bss                queue.o
    0x20000184        -       0x000002e4   Zero   RW         5620    .bss                tasks.o
    0x20000468        -       0x00000028   Zero   RW         5962    .bss                timers.o
    0x20000490        -       0x00009000   Zero   RW         6179    .bss                heap_4.o
    0x20009490        -       0x00000400   Zero   RW            1    STACK               startup_stm32f40xx.o


==============================================================================

Image component sizes


      Code (inc. data)   RO Data    RW Data    ZI Data      Debug   Object Name

        60          4          0          0          0        639   bsp_led.o
         0          0          0          0          0       9624   event_groups.o
       584        138          0         24      36864       4691   heap_4.o
       124         18          0          0          0       1325   key.o
       136          0          0          0          0       3862   list.o
      1340        612          0         28          0      26707   main.o
       124         16          0          0          0       2099   misc.o
      1030        384          0         12          0      11909   port.o
      2044        288          0          0         80      17173   queue.o
        36          8        392          0       1024       1036   startup_stm32f40xx.o
       182          0          0          0          0       4544   stm32f4xx_gpio.o
        12          0          0          0          0       3393   stm32f4xx_it.o
       244         30          0         16          0       5835   stm32f4xx_rcc.o
       198         28          0          0          0       4826   stm32f4xx_tim.o
       376          8          0          0          0       7915   stm32f4xx_usart.o
       276         34          0         20          0     294821   system_stm32f4xx.o
      4292        976          0         68        740      43459   tasks.o
      1314        350          0         20         40      12422   timers.o
       782         64          0          8        108       8401   usart1.o

    ----------------------------------------------------------------------
     13172       2958        424        196      38856     464681   Object Totals
         0          0         32          0          0          0   (incl. Generated)
        18          0          0          0          0          0   (incl. Padding)

    ----------------------------------------------------------------------

      Code (inc. data)   RO Data    RW Data    ZI Data      Debug   Library Member Name

         0          0          0          0          0          0   entry.o
         0          0          0          0          0          0   entry10a.o
         0          0          0          0          0          0   entry11a.o
         8          4          0          0          0          0   entry2.o
         4          0          0          0          0          0   entry5.o
         0          0          0          0          0          0   entry7b.o
         0          0          0          0          0          0   entry8b.o
         8          4          0          0          0          0   entry9a.o
        30          0          0          0          0          0   handlers.o
        36          8          0          0          0         68   init.o
         0          0          0          0          0          0   iusefp.o
        30          0          0          0          0         68   llshl.o
        36          0          0          0          0         68   llsshr.o
        32          0          0          0          0         68   llushr.o
        36          0          0          0          0         68   memcpya.o
        36          0          0          0          0        108   memseta.o
       522         20          0          0          0        336   printf3.o
      2272         86          0          0          0        516   printfa.o
         0          0          0          4          0          0   stdout.o
        18          0          0          0          0         68   strcpy.o
        14          0          0          0          0         68   strlen.o
        44          0          0          0          0         80   uidiv.o
        98          0          0          0          0         92   uldiv.o
        48          0          0          0          0         68   cdrcmple.o
       334          0          0          0          0        148   dadd.o
       222          0          0          0          0        100   ddiv.o
       186          0          0          0          0        176   depilogue.o
        48          0          0          0          0         68   dfixul.o
       228          0          0          0          0         96   dmul.o

    ----------------------------------------------------------------------
      4296        122          0          4          0       2264   Library Totals
         6          0          0          0          0          0   (incl. Padding)

    ----------------------------------------------------------------------

      Code (inc. data)   RO Data    RW Data    ZI Data      Debug   Library Name

      3224        122          0          4          0       1608   mc_w.l
      1066          0          0          0          0        656   mf_w.l

    ----------------------------------------------------------------------
      4296        122          0          4          0       2264   Library Totals

    ----------------------------------------------------------------------

==============================================================================


      Code (inc. data)   RO Data    RW Data    ZI Data      Debug   

     17468       3080        424        200      38856     452653   Grand Totals
     17468       3080        424        200      38856     452653   ELF Image Totals
     17468       3080        424        200          0          0   ROM Totals

==============================================================================

    Total RO  Size (Code + RO Data)                17892 (  17.47kB)
    Total RW  Size (RW Data + ZI Data)             39056 (  38.14kB)
    Total ROM Size (Code + RO Data + RW Data)      18092 (  17.67kB)

==============================================================================

