Component: ARM Compiler 5.06 update 5 (build 528) Tool: armlink [4d35e2]

==============================================================================

Section Cross References

    startup_stm32f40xx.o(RESET) refers to startup_stm32f40xx.o(STACK) for __initial_sp
    startup_stm32f40xx.o(RESET) refers to startup_stm32f40xx.o(.text) for Reset_Handler
    startup_stm32f40xx.o(RESET) refers to stm32f4xx_it.o(i.NMI_Handler) for NMI_Handler
    startup_stm32f40xx.o(RESET) refers to stm32f4xx_it.o(i.HardFault_Handler) for HardFault_Handler
    startup_stm32f40xx.o(RESET) refers to stm32f4xx_it.o(i.MemManage_Handler) for MemManage_Handler
    startup_stm32f40xx.o(RESET) refers to stm32f4xx_it.o(i.BusFault_Handler) for BusFault_Handler
    startup_stm32f40xx.o(RESET) refers to stm32f4xx_it.o(i.UsageFault_Handler) for UsageFault_Handler
    startup_stm32f40xx.o(RESET) refers to port.o(.emb_text) for SVC_Handler
    startup_stm32f40xx.o(RESET) refers to stm32f4xx_it.o(i.DebugMon_Handler) for DebugMon_Handler
    startup_stm32f40xx.o(RESET) refers to port.o(i.SysTick_Handler) for SysTick_Handler
    startup_stm32f40xx.o(RESET) refers to usart1.o(i.USART1_IRQHandler) for USART1_IRQHandler
    startup_stm32f40xx.o(.text) refers to system_stm32f4xx.o(i.SystemInit) for SystemInit
    startup_stm32f40xx.o(.text) refers to entry.o(.ARM.Collect$$$$00000000) for __main
    system_stm32f4xx.o(i.SystemCoreClockUpdate) refers to system_stm32f4xx.o(.data) for .data
    system_stm32f4xx.o(i.SystemInit) refers to system_stm32f4xx.o(i.SetSysClock) for SetSysClock
    stm32f4xx_adc.o(i.ADC_DeInit) refers to stm32f4xx_rcc.o(i.RCC_APB2PeriphResetCmd) for RCC_APB2PeriphResetCmd
    stm32f4xx_can.o(i.CAN_DeInit) refers to stm32f4xx_rcc.o(i.RCC_APB1PeriphResetCmd) for RCC_APB1PeriphResetCmd
    stm32f4xx_can.o(i.CAN_GetITStatus) refers to stm32f4xx_can.o(i.CheckITStatus) for CheckITStatus
    stm32f4xx_cryp.o(i.CRYP_DeInit) refers to stm32f4xx_rcc.o(i.RCC_AHB2PeriphResetCmd) for RCC_AHB2PeriphResetCmd
    stm32f4xx_cryp_aes.o(i.CRYP_AES_CBC) refers to stm32f4xx_cryp.o(i.CRYP_KeyStructInit) for CRYP_KeyStructInit
    stm32f4xx_cryp_aes.o(i.CRYP_AES_CBC) refers to stm32f4xx_cryp.o(i.CRYP_KeyInit) for CRYP_KeyInit
    stm32f4xx_cryp_aes.o(i.CRYP_AES_CBC) refers to stm32f4xx_cryp.o(i.CRYP_Init) for CRYP_Init
    stm32f4xx_cryp_aes.o(i.CRYP_AES_CBC) refers to stm32f4xx_cryp.o(i.CRYP_IVInit) for CRYP_IVInit
    stm32f4xx_cryp_aes.o(i.CRYP_AES_CBC) refers to stm32f4xx_cryp.o(i.CRYP_FIFOFlush) for CRYP_FIFOFlush
    stm32f4xx_cryp_aes.o(i.CRYP_AES_CBC) refers to stm32f4xx_cryp.o(i.CRYP_Cmd) for CRYP_Cmd
    stm32f4xx_cryp_aes.o(i.CRYP_AES_CBC) refers to stm32f4xx_cryp.o(i.CRYP_GetCmdStatus) for CRYP_GetCmdStatus
    stm32f4xx_cryp_aes.o(i.CRYP_AES_CBC) refers to stm32f4xx_cryp.o(i.CRYP_GetFlagStatus) for CRYP_GetFlagStatus
    stm32f4xx_cryp_aes.o(i.CRYP_AES_CBC) refers to stm32f4xx_cryp.o(i.CRYP_DataIn) for CRYP_DataIn
    stm32f4xx_cryp_aes.o(i.CRYP_AES_CBC) refers to stm32f4xx_cryp.o(i.CRYP_DataOut) for CRYP_DataOut
    stm32f4xx_cryp_aes.o(i.CRYP_AES_CCM) refers to stm32f4xx_cryp.o(i.CRYP_KeyStructInit) for CRYP_KeyStructInit
    stm32f4xx_cryp_aes.o(i.CRYP_AES_CCM) refers to stm32f4xx_cryp.o(i.CRYP_FIFOFlush) for CRYP_FIFOFlush
    stm32f4xx_cryp_aes.o(i.CRYP_AES_CCM) refers to stm32f4xx_cryp.o(i.CRYP_KeyInit) for CRYP_KeyInit
    stm32f4xx_cryp_aes.o(i.CRYP_AES_CCM) refers to stm32f4xx_cryp.o(i.CRYP_IVInit) for CRYP_IVInit
    stm32f4xx_cryp_aes.o(i.CRYP_AES_CCM) refers to stm32f4xx_cryp.o(i.CRYP_Init) for CRYP_Init
    stm32f4xx_cryp_aes.o(i.CRYP_AES_CCM) refers to stm32f4xx_cryp.o(i.CRYP_PhaseConfig) for CRYP_PhaseConfig
    stm32f4xx_cryp_aes.o(i.CRYP_AES_CCM) refers to stm32f4xx_cryp.o(i.CRYP_DataIn) for CRYP_DataIn
    stm32f4xx_cryp_aes.o(i.CRYP_AES_CCM) refers to stm32f4xx_cryp.o(i.CRYP_Cmd) for CRYP_Cmd
    stm32f4xx_cryp_aes.o(i.CRYP_AES_CCM) refers to stm32f4xx_cryp.o(i.CRYP_GetCmdStatus) for CRYP_GetCmdStatus
    stm32f4xx_cryp_aes.o(i.CRYP_AES_CCM) refers to stm32f4xx_cryp.o(i.CRYP_GetFlagStatus) for CRYP_GetFlagStatus
    stm32f4xx_cryp_aes.o(i.CRYP_AES_CCM) refers to stm32f4xx_cryp.o(i.CRYP_DataOut) for CRYP_DataOut
    stm32f4xx_cryp_aes.o(i.CRYP_AES_CTR) refers to stm32f4xx_cryp.o(i.CRYP_KeyStructInit) for CRYP_KeyStructInit
    stm32f4xx_cryp_aes.o(i.CRYP_AES_CTR) refers to stm32f4xx_cryp.o(i.CRYP_KeyInit) for CRYP_KeyInit
    stm32f4xx_cryp_aes.o(i.CRYP_AES_CTR) refers to stm32f4xx_cryp.o(i.CRYP_Init) for CRYP_Init
    stm32f4xx_cryp_aes.o(i.CRYP_AES_CTR) refers to stm32f4xx_cryp.o(i.CRYP_IVInit) for CRYP_IVInit
    stm32f4xx_cryp_aes.o(i.CRYP_AES_CTR) refers to stm32f4xx_cryp.o(i.CRYP_FIFOFlush) for CRYP_FIFOFlush
    stm32f4xx_cryp_aes.o(i.CRYP_AES_CTR) refers to stm32f4xx_cryp.o(i.CRYP_Cmd) for CRYP_Cmd
    stm32f4xx_cryp_aes.o(i.CRYP_AES_CTR) refers to stm32f4xx_cryp.o(i.CRYP_GetCmdStatus) for CRYP_GetCmdStatus
    stm32f4xx_cryp_aes.o(i.CRYP_AES_CTR) refers to stm32f4xx_cryp.o(i.CRYP_DataIn) for CRYP_DataIn
[...]
    ../clib/microlib/init/entry.s            0x00000000   Number         0  entry7a.o ABSOLUTE
    ../clib/microlib/init/entry.s            0x00000000   Number         0  entry7b.o ABSOLUTE
    ../clib/microlib/init/entry.s            0x00000000   Number         0  entry10b.o ABSOLUTE
    ../clib/microlib/init/entry.s            0x00000000   Number         0  entry11a.o ABSOLUTE
    ../clib/microlib/init/entry.s            0x00000000   Number         0  entry9b.o ABSOLUTE
    ../clib/microlib/init/entry.s            0x00000000   Number         0  entry11b.o ABSOLUTE
    ../clib/microlib/init/entry.s            0x00000000   Number         0  entry10a.o ABSOLUTE
    ../clib/microlib/init/entry.s            0x00000000   Number         0  entry9a.o ABSOLUTE
    ../clib/microlib/init/entry.s            0x00000000   Number         0  entry.o ABSOLUTE
    ../clib/microlib/init/entry.s            0x00000000   Number         0  entry2.o ABSOLUTE
    ../clib/microlib/longlong.c              0x00000000   Number         0  llsshr.o ABSOLUTE
    ../clib/microlib/longlong.c              0x00000000   Number         0  llushr.o ABSOLUTE
    ../clib/microlib/longlong.c              0x00000000   Number         0  llshl.o ABSOLUTE
    ../clib/microlib/printf/printf.c         0x00000000   Number         0  printf3.o ABSOLUTE
    ../clib/microlib/printf/printf.c         0x00000000   Number         0  printf4.o ABSOLUTE
    ../clib/microlib/printf/printf.c         0x00000000   Number         0  printf5.o ABSOLUTE
    ../clib/microlib/printf/printf.c         0x00000000   Number         0  printf6.o ABSOLUTE
    ../clib/microlib/printf/printf.c         0x00000000   Number         0  printfb.o ABSOLUTE
    ../clib/microlib/printf/printf.c         0x00000000   Number         0  printf0.o ABSOLUTE
    ../clib/microlib/printf/printf.c         0x00000000   Number         0  printf1.o ABSOLUTE
    ../clib/microlib/printf/printf.c         0x00000000   Number         0  printf2.o ABSOLUTE
    ../clib/microlib/printf/printf.c         0x00000000   Number         0  printfa.o ABSOLUTE
    ../clib/microlib/printf/printf.c         0x00000000   Number         0  printf8.o ABSOLUTE
    ../clib/microlib/printf/printf.c         0x00000000   Number         0  printf7.o ABSOLUTE
    ../clib/microlib/printf/stubs.s          0x00000000   Number         0  stubs.o ABSOLUTE
    ../clib/microlib/stdio/streams.c         0x00000000   Number         0  stdout.o ABSOLUTE
    ../clib/microlib/string/memcpy.c         0x00000000   Number         0  memcpya.o ABSOLUTE
    ../clib/microlib/string/memcpy.c         0x00000000   Number         0  memcpyb.o ABSOLUTE
    ../clib/microlib/stubs.s                 0x00000000   Number         0  iusefp.o ABSOLUTE
    ../fplib/microlib/fpadd.c                0x00000000   Number         0  dadd.o ABSOLUTE
    ../fplib/microlib/fpdiv.c                0x00000000   Number         0  ddiv.o ABSOLUTE
    ../fplib/microlib/fpepilogue.c           0x00000000   Number         0  depilogue.o ABSOLUTE
    ../fplib/microlib/fpfix.c                0x00000000   Number         0  dfixul.o ABSOLUTE
    ../fplib/microlib/fpmul.c                0x00000000   Number         0  dmul.o ABSOLUTE
    ..\..\FreeRTOS\port\MemMang\heap_4.c     0x00000000   Number         0  heap_4.o ABSOLUTE
    ..\..\FreeRTOS\port\RVDS\ARM_CM4F\port.c 0x00000000   Number         0  port.o ABSOLUTE
    ..\..\FreeRTOS\src\croutine.c            0x00000000   Number         0  croutine.o ABSOLUTE
    ..\..\FreeRTOS\src\event_groups.c        0x00000000   Number         0  event_groups.o ABSOLUTE
    ..\..\FreeRTOS\src\list.c                0x00000000   Number         0  list.o ABSOLUTE
    ..\..\FreeRTOS\src\queue.c               0x00000000   Number         0  queue.o ABSOLUTE
    ..\..\FreeRTOS\src\tasks.c               0x00000000   Number         0  tasks.o ABSOLUTE
    ..\..\FreeRTOS\src\timers.c              0x00000000   Number         0  timers.o ABSOLUTE
    ..\..\Libraries\CMSIS\Device\ST\STM32F4xx\Source\Templates\arm\startup_stm32f40xx.s 0x00000000   Number         0  startup_stm32f40xx.o ABSOLUTE
    ..\..\Libraries\CMSIS\Device\ST\STM32F4xx\Source\Templates\system_stm32f4xx.c 0x00000000   Number         0  system_stm32f4xx.o ABSOLUTE
    ..\..\Libraries\STM32F4xx_StdPeriph_Driver\src\misc.c 0x00000000   Number         0  misc.o ABSOLUTE
    ..\..\Libraries\STM32F4xx_StdPeriph_Driver\src\stm32f4xx_adc.c 0x00000000   Number         0  stm32f4xx_adc.o ABSOLUTE
    ..\..\Libraries\STM32F4xx_StdPeriph_Driver\src\stm32f4xx_can.c 0x00000000   Number         0  stm32f4xx_can.o ABSOLUTE
    ..\..\Libraries\STM32F4xx_StdPeriph_Driver\src\stm32f4xx_cec.c 0x00000000   Number         0  stm32f4xx_cec.o ABSOLUTE
    ..\..\Libraries\STM32F4xx_StdPeriph_Driver\src\stm32f4xx_crc.c 0x00000000   Number         0  stm32f4xx_crc.o ABSOLUTE
    ..\..\Libraries\STM32F4xx_StdPeriph_Driver\src\stm32f4xx_cryp.c 0x00000000   Number         0  stm32f4xx_cryp.o ABSOLUTE
    ..\..\Libraries\STM32F4xx_StdPeriph_Driver\src\stm32f4xx_cryp_aes.c 0x00000000   Number         0  stm32f4xx_cryp_aes.o ABSOLUTE
    ..\..\Libraries\STM32F4xx_StdPeriph_Driver\src\stm32f4xx_cryp_des.c 0x00000000   Number         0  stm32f4xx_cryp_des.o ABSOLUTE
    ..\..\Libraries\STM32F4xx_StdPeriph_Driver\src\stm32f4xx_cryp_tdes.c 0x00000000   Number         0  stm32f4xx_cryp_tdes.o ABSOLUTE
    ..\..\Libraries\STM32F4xx_StdPeriph_Driver\src\stm32f4xx_dac.c 0x00000000   Number         0  stm32f4xx_dac.o ABSOLUTE
    ..\..\Libraries\STM32F4xx_StdPeriph_Driver\src\stm32f4xx_dbgmcu.c 0x00000000   Number         0  stm32f4xx_dbgmcu.o ABSOLUTE
    ..\..\Libraries\STM32F4xx_StdPeriph_Driver\src\stm32f4xx_dcmi.c 0x00000000   Number         0  stm32f4xx_dcmi.o ABSOLUTE
    ..\..\Libraries\STM32F4xx_StdPeriph_Driver\src\stm32f4xx_dma.c 0x00000000   Number         0  stm32f4xx_dma.o ABSOLUTE
    ..\..\Libraries\STM32F4xx_StdPeriph_Driver\src\stm32f4xx_exti.c 0x00000000   Number         0  stm32f4xx_exti.o ABSOLUTE
    ..\..\Libraries\STM32F4xx_StdPeriph_Driver\src\stm32f4xx_flash.c 0x00000000   Number         0  stm32f4xx_flash.o ABSOLUTE
    ..\..\Libraries\STM32F4xx_StdPeriph_Driver\src\stm32f4xx_flash_ramfunc.c 0x00000000   Number         0  stm32f4xx_flash_ramfunc.o ABSOLUTE
    ..\..\Libraries\STM32F4xx_StdPeriph_Driver\src\stm32f4xx_fmpi2c.c 0x00000000   Number         0  stm32f4xx_fmpi2c.o ABSOLUTE
    ..\..\Libraries\STM32F4xx_StdPeriph_Driver\src\stm32f4xx_fsmc.c 0x00000000   Number         0  stm32f4xx_fsmc.o ABSOLUTE
    ..\..\Libraries\STM32F4xx_StdPeriph_Driver\src\stm32f4xx_gpio.c 0x00000000   Number         0  stm32f4xx_gpio.o ABSOLUTE
    ..\..\Libraries\STM32F4xx_StdPeriph_Driver\src\stm32f4xx_hash.c 0x00000000   Number         0  stm32f4xx_hash.o ABSOLUTE
    ..\..\Libraries\STM32F4xx_StdPeriph_Driver\src\stm32f4xx_hash_md5.c 0x00000000   Number         0  stm32f4xx_hash_md5.o ABSOLUTE
    ..\..\Libraries\STM32F4xx_StdPeriph_Driver\src\stm32f4xx_hash_sha1.c 0x00000000   Number         0  stm32f4xx_hash_sha1.o ABSOLUTE
    ..\..\Libraries\STM32F4xx_StdPeriph_Driver\src\stm32f4xx_i2c.c 0x00000000   Number         0  stm32f4xx_i2c.o ABSOLUTE
    ..\..\Libraries\STM32F4xx_StdPeriph_Driver\src\stm32f4xx_iwdg.c 0x00000000   Number         0  stm32f4xx_iwdg.o ABSOLUTE
    ..\..\Libraries\STM32F4xx_StdPeriph_Driver\src\stm32f4xx_pwr.c 0x00000000   Number         0  stm32f4xx_pwr.o ABSOLUTE
    ..\..\Libraries\STM32F4xx_StdPeriph_Driver\src\stm32f4xx_qspi.c 0x00000000   Number         0  stm32f4xx_qspi.o ABSOLUTE
    ..\..\Libraries\STM32F4xx_StdPeriph_Driver\src\stm32f4xx_rcc.c 0x00000000   Number         0  stm32f4xx_rcc.o ABSOLUTE
    ..\..\Libraries\STM32F4xx_StdPeriph_Driver\src\stm32f4xx_rng.c 0x00000000   Number         0  stm32f4xx_rng.o ABSOLUTE
    ..\..\Libraries\STM32F4xx_StdPeriph_Driver\src\stm32f4xx_rtc.c 0x00000000   Number         0  stm32f4xx_rtc.o ABSOLUTE
    ..\..\Libraries\STM32F4xx_StdPeriph_Driver\src\stm32f4xx_sai.c 0x00000000   Number         0  stm32f4xx_sai.o ABSOLUTE
    ..\..\Libraries\STM32F4xx_StdPeriph_Driver\src\stm32f4xx_sdio.c 0x00000000   Number         0  stm32f4xx_sdio.o ABSOLUTE
    ..\..\Libraries\STM32F4xx_StdPeriph_Driver\src\stm32f4xx_spdifrx.c 0x00000000   Number         0  stm32f4xx_spdifrx.o ABSOLUTE
    ..\..\Libraries\STM32F4xx_StdPeriph_Driver\src\stm32f4xx_spi.c 0x00000000   Number         0  stm32f4xx_spi.o ABSOLUTE
    ..\..\Libraries\STM32F4xx_StdPeriph_Driver\src\stm32f4xx_syscfg.c 0x00000000   Number         0  stm32f4xx_syscfg.o ABSOLUTE
    ..\..\Libraries\STM32F4xx_StdPeriph_Driver\src\stm32f4xx_tim.c 0x00000000   Number         0  stm32f4xx_tim.o ABSOLUTE
    ..\..\Libraries\STM32F4xx_StdPeriph_Driver\src\stm32f4xx_usart.c 0x00000000   Number         0  stm32f4xx_usart.o ABSOLUTE
    ..\..\Libraries\STM32F4xx_StdPeriph_Driver\src\stm32f4xx_wwdg.c 0x00000000   Number         0  stm32f4xx_wwdg.o ABSOLUTE
    ..\..\User\UART\usart1.c                 0x00000000   Number         0  usart1.o ABSOLUTE
    ..\..\User\key\key.c                     0x00000000   Number         0  key.o ABSOLUTE
    ..\..\User\led\bsp_led.c                 0x00000000   Number         0  bsp_led.o ABSOLUTE
    ..\..\User\main.c                        0x00000000   Number         0  main.o ABSOLUTE
    ..\..\User\stm32f4xx_it.c                0x00000000   Number         0  stm32f4xx_it.o ABSOLUTE
    ..\\..\\FreeRTOS\\port\\MemMang\\heap_4.c 0x00000000   Number         0  heap_4.o ABSOLUTE
    ..\\..\\FreeRTOS\\port\\RVDS\\ARM_CM4F\\port.c 0x00000000   Number         0  port.o ABSOLUTE
    ..\\..\\FreeRTOS\\src\\croutine.c        0x00000000   Number         0  croutine.o ABSOLUTE
    ..\\..\\FreeRTOS\\src\\event_groups.c    0x00000000   Number         0  event_groups.o ABSOLUTE
    ..\\..\\FreeRTOS\\src\\list.c            0x00000000   Number         0  list.o ABSOLUTE
    ..\\..\\FreeRTOS\\src\\queue.c           0x00000000   Number         0  queue.o ABSOLUTE
    ..\\..\\FreeRTOS\\src\\tasks.c           0x00000000   Number         0  tasks.o ABSOLUTE
    ..\\..\\FreeRTOS\\src\\timers.c          0x00000000   Number         0  timers.o ABSOLUTE
    ..\\..\\Libraries\\CMSIS\\Device\\ST\\STM32F4xx\\Source\\Templates\\system_stm32f4xx.c 0x00000000   Number         0  system_stm32f4xx.o ABSOLUTE
    ..\\..\\Libraries\\STM32F4xx_StdPeriph_Driver\\src\\misc.c 0x00000000   Number         0  misc.o ABSOLUTE
    ..\\..\\Libraries\\STM32F4xx_StdPeriph_Driver\\src\\stm32f4xx_adc.c 0x00000000   Number         0  stm32f4xx_adc.o ABSOLUTE
    ..\\..\\Libraries\\STM32F4xx_StdPeriph_Driver\\src\\stm32f4xx_can.c 0x00000000   Number         0  stm32f4xx_can.o ABSOLUTE
    ..\\..\\Libraries\\STM32F4xx_StdPeriph_Driver\\src\\stm32f4xx_cec.c 0x00000000   Number         0  stm32f4xx_cec.o ABSOLUTE
    ..\\..\\Libraries\\STM32F4xx_StdPeriph_Driver\\src\\stm32f4xx_crc.c 0x00000000   Number         0  stm32f4xx_crc.o ABSOLUTE
    ..\\..\\Libraries\\STM32F4xx_StdPeriph_Driver\\src\\stm32f4xx_cryp.c 0x00000000   Number         0  stm32f4xx_cryp.o ABSOLUTE
    ..\\..\\Libraries\\STM32F4xx_StdPeriph_Driver\\src\\stm32f4xx_cryp_aes.c 0x00000000   Number         0  stm32f4xx_cryp_aes.o ABSOLUTE
    ..\\..\\Libraries\\STM32F4xx_StdPeriph_Driver\\src\\stm32f4xx_cryp_des.c 0x00000000   Number         0  stm32f4xx_cryp_des.o ABSOLUTE
    ..\\..\\Libraries\\STM32F4xx_StdPeriph_Driver\\src\\stm32f4xx_cryp_tdes.c 0x00000000   Number         0  stm32f4xx_cryp_tdes.o ABSOLUTE
    ..\\..\\Libraries\\STM32F4xx_StdPeriph_Driver\\src\\stm32f4xx_dac.c 0x00000000   Number         0  stm32f4xx_dac.o ABSOLUTE
    ..\\..\\Libraries\\STM32F4xx_StdPeriph_Driver\\src\\stm32f4xx_dbgmcu.c 0x00000000   Number         0  stm32f4xx_dbgmcu.o ABSOLUTE
    ..\\..\\Libraries\\STM32F4xx_StdPeriph_Driver\\src\\stm32f4xx_dcmi.c 0x00000000   Number         0  stm32f4xx_dcmi.o ABSOLUTE
    ..\\..\\Libraries\\STM32F4xx_StdPeriph_Driver\\src\\stm32f4xx_dma.c 0x00000000   Number         0  stm32f4xx_dma.o ABSOLUTE
    ..\\..\\Libraries\\STM32F4xx_StdPeriph_Driver\\src\\stm32f4xx_exti.c 0x00000000   Number         0  stm32f4xx_exti.o ABSOLUTE
    ..\\..\\Libraries\\STM32F4xx_StdPeriph_Driver\\src\\stm32f4xx_flash.c 0x00000000   Number         0  stm32f4xx_flash.o ABSOLUTE
    ..\\..\\Libraries\\STM32F4xx_StdPeriph_Driver\\src\\stm32f4xx_flash_ramfunc.c 0x00000000   Number         0  stm32f4xx_flash_ramfunc.o ABSOLUTE
    ..\\..\\Libraries\\STM32F4xx_StdPeriph_Driver\\src\\stm32f4xx_fmpi2c.c 0x00000000   Number         0  stm32f4xx_fmpi2c.o ABSOLUTE
    ..\\..\\Libraries\\STM32F4xx_StdPeriph_Driver\\src\\stm32f4xx_fsmc.c 0x00000000   Number         0  stm32f4xx_fsmc.o ABSOLUTE
    ..\\..\\Libraries\\STM32F4xx_StdPeriph_Driver\\src\\stm32f4xx_gpio.c 0x00000000   Number         0  stm32f4xx_gpio.o ABSOLUTE
    ..\\..\\Libraries\\STM32F4xx_StdPeriph_Driver\\src\\stm32f4xx_hash.c 0x00000000   Number         0  stm32f4xx_hash.o ABSOLUTE
    ..\\..\\Libraries\\STM32F4xx_StdPeriph_Driver\\src\\stm32f4xx_hash_md5.c 0x00000000   Number         0  stm32f4xx_hash_md5.o ABSOLUTE
    ..\\..\\Libraries\\STM32F4xx_StdPeriph_Driver\\src\\stm32f4xx_hash_sha1.c 0x00000000   Number         0  stm32f4xx_hash_sha1.o ABSOLUTE
    ..\\..\\Libraries\\STM32F4xx_StdPeriph_Driver\\src\\stm32f4xx_i2c.c 0x00000000   Number         0  stm32f4xx_i2c.o ABSOLUTE
    ..\\..\\Libraries\\STM32F4xx_StdPeriph_Driver\\src\\stm32f4xx_iwdg.c 0x00000000   Number         0  stm32f4xx_iwdg.o ABSOLUTE
    ..\\..\\Libraries\\STM32F4xx_StdPeriph_Driver\\src\\stm32f4xx_pwr.c 0x00000000   Number         0  stm32f4xx_pwr.o ABSOLUTE
    ..\\..\\Libraries\\STM32F4xx_StdPeriph_Driver\\src\\stm32f4xx_qspi.c 0x00000000   Number         0  stm32f4xx_qspi.o ABSOLUTE
    ..\\..\\Libraries\\STM32F4xx_StdPeriph_Driver\\src\\stm32f4xx_rcc.c 0x00000000   Number         0  stm32f4xx_rcc.o ABSOLUTE
    ..\\..\\Libraries\\STM32F4xx_StdPeriph_Driver\\src\\stm32f4xx_rng.c 0x00000000   Number         0  stm32f4xx_rng.o ABSOLUTE
    ..\\..\\Libraries\\STM32F4xx_StdPeriph_Driver\\src\\stm32f4xx_rtc.c 0x00000000   Number         0  stm32f4xx_rtc.o ABSOLUTE
    ..\\..\\Libraries\\STM32F4xx_StdPeriph_Driver\\src\\stm32f4xx_sai.c 0x00000000   Number         0  stm32f4xx_sai.o ABSOLUTE
    ..\\..\\Libraries\\STM32F4xx_StdPeriph_Driver\\src\\stm32f4xx_sdio.c 0x00000000   Number         0  stm32f4xx_sdio.o ABSOLUTE
    ..\\..\\Libraries\\STM32F4xx_StdPeriph_Driver\\src\\stm32f4xx_spdifrx.c 0x00000000   Number         0  stm32f4xx_spdifrx.o ABSOLUTE
    ..\\..\\Libraries\\STM32F4xx_StdPeriph_Driver\\src\\stm32f4xx_spi.c 0x00000000   Number         0  stm32f4xx_spi.o ABSOLUTE
    ..\\..\\Libraries\\STM32F4xx_StdPeriph_Driver\\src\\stm32f4xx_syscfg.c 0x00000000   Number         0  stm32f4xx_syscfg.o ABSOLUTE
    ..\\..\\Libraries\\STM32F4xx_StdPeriph_Driver\\src\\stm32f4xx_tim.c 0x00000000   Number         0  stm32f4xx_tim.o ABSOLUTE
    ..\\..\\Libraries\\STM32F4xx_StdPeriph_Driver\\src\\stm32f4xx_usart.c 0x00000000   Number         0  stm32f4xx_usart.o ABSOLUTE
    ..\\..\\Libraries\\STM32F4xx_StdPeriph_Driver\\src\\stm32f4xx_wwdg.c 0x00000000   Number         0  stm32f4xx_wwdg.o ABSOLUTE
    ..\\..\\User\\UART\\usart1.c             0x00000000   Number         0  usart1.o ABSOLUTE
    ..\\..\\User\\key\\key.c                 0x00000000   Number         0  key.o ABSOLUTE
    ..\\..\\User\\led\\bsp_led.c             0x00000000   Number         0  bsp_led.o ABSOLUTE
    ..\\..\\User\\main.c                     0x00000000   Number         0  main.o ABSOLUTE
    ..\\..\\User\\stm32f4xx_it.c             0x00000000   Number         0  stm32f4xx_it.o ABSOLUTE
    cdrcmple.s                               0x00000000   Number         0  cdrcmple.o ABSOLUTE
    dc.s                                     0x00000000   Number         0  dc.o ABSOLUTE
    handlers.s                               0x00000000   Number         0  handlers.o ABSOLUTE
    init.s                                   0x00000000   Number         0  init.o ABSOLUTE
    RESET                                    0x08000000   Section      392  startup_stm32f40xx.o(RESET)
    .ARM.Collect$$$$00000000                 0x08000188   Section        0  entry.o(.ARM.Collect$$$$00000000)
    .ARM.Collect$$$$00000001                 0x08000188   Section        4  entry2.o(.ARM.Collect$$$$00000001)
    .ARM.Collect$$$$00000004                 0x0800018c   Section        4  entry5.o(.ARM.Collect$$$$00000004)
    .ARM.Collect$$$$00000008                 0x08000190   Section        0  entry7b.o(.ARM.Collect$$$$00000008)
    .ARM.Collect$$$$0000000A                 0x08000190   Section        0  entry8b.o(.ARM.Collect$$$$0000000A)
    .ARM.Collect$$$$0000000B                 0x08000190   Section        8  entry9a.o(.ARM.Collect$$$$0000000B)
    .ARM.Collect$$$$0000000D                 0x08000198   Section        0  entry10a.o(.ARM.Collect$$$$0000000D)
    .ARM.Collect$$$$0000000F                 0x08000198   Section        0  entry11a.o(.ARM.Collect$$$$0000000F)
    .ARM.Collect$$$$00002712                 0x08000198   Section        4  entry2.o(.ARM.Collect$$$$00002712)
    __lit__00000000                          0x08000198   Data           4  entry2.o(.ARM.Collect$$$$00002712)
    .emb_text                                0x0800019c   Section      182  port.o(.emb_text)
    $v0                                      0x0800019c   Number         0  port.o(.emb_text)
    .text                                    0x08000254   Section       36  startup_stm32f40xx.o(.text)
    $v0                                      0x08000254   Number         0  startup_stm32f40xx.o(.text)
    .text                                    0x08000278   Section        0  memcpya.o(.text)
    .text                                    0x0800029c   Section        0  uidiv.o(.text)
    .text                                    0x080002c8   Section        0  uldiv.o(.text)
    .text                                    0x0800032a   Section        0  iusefp.o(.text)
    .text                                    0x0800032a   Section        0  dadd.o(.text)
    .text                                    0x08000478   Section        0  dmul.o(.text)
    .text                                    0x0800055c   Section        0  ddiv.o(.text)
    .text                                    0x0800063a   Section        0  dfixul.o(.text)
    .text                                    0x0800066c   Section       48  cdrcmple.o(.text)
    .text                                    0x0800069c   Section       36  init.o(.text)
    .text                                    0x080006c0   Section        0  llshl.o(.text)
    .text                                    0x080006de   Section        0  llushr.o(.text)
    .text                                    0x080006fe   Section        0  llsshr.o(.text)
    .text                                    0x08000722   Section        0  depilogue.o(.text)
    i.BusFault_Handler                       0x080007dc   Section        0  stm32f4xx_it.o(i.BusFault_Handler)
    i.DebugMon_Handler                       0x080007de   Section        0  stm32f4xx_it.o(i.DebugMon_Handler)
    i.GPIO_Init                              0x080007e0   Section        0  stm32f4xx_gpio.o(i.GPIO_Init)
    i.GPIO_PinAFConfig                       0x0800085c   Section        0  stm32f4xx_gpio.o(i.GPIO_PinAFConfig)
    i.GPIO_ReadInputDataBit                  0x0800087c   Section        0  stm32f4xx_gpio.o(i.GPIO_ReadInputDataBit)
    i.GPIO_ReadOutputDataBit                 0x0800088a   Section        0  stm32f4xx_gpio.o(i.GPIO_ReadOutputDataBit)
    i.GPIO_SetBits                           0x08000898   Section        0  stm32f4xx_gpio.o(i.GPIO_SetBits)
    i.GPIO_ToggleBits                        0x0800089c   Section        0  stm32f4xx_gpio.o(i.GPIO_ToggleBits)
    i.GPIO_WriteBit                          0x080008a4   Section        0  stm32f4xx_gpio.o(i.GPIO_WriteBit)
    i.HardFault_Handler                      0x080008b0   Section        0  stm32f4xx_it.o(i.HardFault_Handler)
    i.MemManage_Handler                      0x080008b2   Section        0  stm32f4xx_it.o(i.MemManage_Handler)
    i.NMI_Handler                            0x080008b4   Section        0  stm32f4xx_it.o(i.NMI_Handler)
    i.NVIC_Init                              0x080008b8   Section        0  misc.o(i.NVIC_Init)
    i.NVIC_PriorityGroupConfig               0x08000920   Section        0  misc.o(i.NVIC_PriorityGroupConfig)
    i.RCC_AHB1PeriphClockCmd                 0x08000934   Section        0  stm32f4xx_rcc.o(i.RCC_AHB1PeriphClockCmd)
    i.RCC_APB2PeriphClockCmd                 0x08000950   Section        0  stm32f4xx_rcc.o(i.RCC_APB2PeriphClockCmd)
    i.RCC_GetClocksFreq                      0x0800096c   Section        0  stm32f4xx_rcc.o(i.RCC_GetClocksFreq)
    i.Serial_Init                            0x08000a0c   Section        0  usart1.o(i.Serial_Init)
    i.Serial_Printf                          0x08000af4   Section        0  usart1.o(i.Serial_Printf)
    i.Serial_ReceivePacket                   0x08000b10   Section        0  usart1.o(i.Serial_ReceivePacket)
    i.Serial_SendByte                        0x08000b34   Section        0  usart1.o(i.Serial_SendByte)
    i.Serial_SendString                      0x08000b94   Section        0  usart1.o(i.Serial_SendString)
    i.SetSysClock                            0x08000c08   Section        0  system_stm32f4xx.o(i.SetSysClock)
    SetSysClock                              0x08000c09   Thumb Code   168  system_stm32f4xx.o(i.SetSysClock)
    i.SysTick_Handler                        0x08000cc0   Section        0  port.o(i.SysTick_Handler)
    i.SystemInit                             0x08000cec   Section        0  system_stm32f4xx.o(i.SystemInit)
    i.USART1_IRQHandler                      0x08000d48   Section        0  usart1.o(i.USART1_IRQHandler)
    i.USART_ClearITPendingBit                0x08000e4c   Section        0  stm32f4xx_usart.o(i.USART_ClearITPendingBit)
    i.USART_Cmd                              0x08000e5c   Section        0  stm32f4xx_usart.o(i.USART_Cmd)
    i.USART_GetFlagStatus                    0x08000e74   Section        0  stm32f4xx_usart.o(i.USART_GetFlagStatus)
    i.USART_GetITStatus                      0x08000e82   Section        0  stm32f4xx_usart.o(i.USART_GetITStatus)
    i.USART_ITConfig                         0x08000ec2   Section        0  stm32f4xx_usart.o(i.USART_ITConfig)
    i.USART_Init                             0x08000ef8   Section        0  stm32f4xx_usart.o(i.USART_Init)
    i.USART_ReceiveData                      0x08000fb4   Section        0  stm32f4xx_usart.o(i.USART_ReceiveData)
    i.USART_SendData                         0x08000fbc   Section        0  stm32f4xx_usart.o(i.USART_SendData)
    i.UsageFault_Handler                     0x08000fc4   Section        0  stm32f4xx_it.o(i.UsageFault_Handler)
    i.__0printf$4                            0x08000fc8   Section        0  printf4.o(i.__0printf$4)
    i.__0sprintf$4                           0x08000fe8   Section        0  printf4.o(i.__0sprintf$4)
    i.__0vsprintf                            0x08001010   Section        0  printfa.o(i.__0vsprintf)
    i.__scatterload_copy                     0x08001034   Section       14  handlers.o(i.__scatterload_copy)
    i.__scatterload_null                     0x08001042   Section        2  handlers.o(i.__scatterload_null)
    i.__scatterload_zeroinit                 0x08001044   Section       14  handlers.o(i.__scatterload_zeroinit)
    i._fp_digits                             0x08001054   Section        0  printfa.o(i._fp_digits)
    _fp_digits                               0x08001055   Thumb Code   366  printfa.o(i._fp_digits)
    i._printf_core                           0x080011d8   Section        0  printf4.o(i._printf_core)
    _printf_core                             0x080011d9   Thumb Code   552  printf4.o(i._printf_core)
    i._printf_core                           0x08001404   Section        0  printfa.o(i._printf_core)
    _printf_core                             0x08001405   Thumb Code  1744  printfa.o(i._printf_core)
    i._printf_post_padding                   0x08001ae0   Section        0  printfa.o(i._printf_post_padding)
    _printf_post_padding                     0x08001ae1   Thumb Code    36  printfa.o(i._printf_post_padding)
    i._printf_pre_padding                    0x08001b04   Section        0  printfa.o(i._printf_pre_padding)
    _printf_pre_padding                      0x08001b05   Thumb Code    46  printfa.o(i._printf_pre_padding)
    i._sputc                                 0x08001b32   Section        0  printf4.o(i._sputc)
    _sputc                                   0x08001b33   Thumb Code    10  printf4.o(i._sputc)
    i._sputc                                 0x08001b3c   Section        0  printfa.o(i._sputc)
    _sputc                                   0x08001b3d   Thumb Code    10  printfa.o(i._sputc)
    i.fputc                                  0x08001b46   Section        0  usart1.o(i.fputc)
    i.key_get                                0x08001b54   Section        0  key.o(i.key_get)
    i.key_init                               0x08001b88   Section        0  key.o(i.key_init)
    i.led_init                               0x08001bd0   Section        0  bsp_led.o(i.led_init)
    i.main                                   0x08001c0c   Section        0  main.o(i.main)
    i.prvAddCurrentTaskToDelayedList         0x08001cd8   Section        0  tasks.o(i.prvAddCurrentTaskToDelayedList)
    prvAddCurrentTaskToDelayedList           0x08001cd9   Thumb Code   104  tasks.o(i.prvAddCurrentTaskToDelayedList)
    i.prvAddNewTaskToReadyList               0x08001d48   Section        0  tasks.o(i.prvAddNewTaskToReadyList)
    prvAddNewTaskToReadyList                 0x08001d49   Thumb Code   124  tasks.o(i.prvAddNewTaskToReadyList)
    i.prvCheckForValidListAndQueue           0x08001dd0   Section        0  timers.o(i.prvCheckForValidListAndQueue)
    prvCheckForValidListAndQueue             0x08001dd1   Thumb Code    62  timers.o(i.prvCheckForValidListAndQueue)
    i.prvCheckTasksWaitingTermination        0x08001e20   Section        0  tasks.o(i.prvCheckTasksWaitingTermination)
    prvCheckTasksWaitingTermination          0x08001e21   Thumb Code    74  tasks.o(i.prvCheckTasksWaitingTermination)
    i.prvCopyDataFromQueue                   0x08001e74   Section        0  queue.o(i.prvCopyDataFromQueue)
    prvCopyDataFromQueue                     0x08001e75   Thumb Code    40  queue.o(i.prvCopyDataFromQueue)
    i.prvCopyDataToQueue                     0x08001e9c   Section        0  queue.o(i.prvCopyDataToQueue)
    prvCopyDataToQueue                       0x08001e9d   Thumb Code   110  queue.o(i.prvCopyDataToQueue)
    i.prvDeleteTCB                           0x08001f0a   Section        0  tasks.o(i.prvDeleteTCB)
    prvDeleteTCB                             0x08001f0b   Thumb Code    20  tasks.o(i.prvDeleteTCB)
    i.prvGetNextExpireTime                   0x08001f20   Section        0  timers.o(i.prvGetNextExpireTime)
    prvGetNextExpireTime                     0x08001f21   Thumb Code    30  timers.o(i.prvGetNextExpireTime)
    i.prvHeapInit                            0x08001f44   Section        0  heap_4.o(i.prvHeapInit)
    prvHeapInit                              0x08001f45   Thumb Code    68  heap_4.o(i.prvHeapInit)
    i.prvIdleTask                            0x08001f90   Section        0  tasks.o(i.prvIdleTask)
    prvIdleTask                              0x08001f91   Thumb Code    30  tasks.o(i.prvIdleTask)
    i.prvInitialiseMutex                     0x08001fb8   Section        0  queue.o(i.prvInitialiseMutex)
    prvInitialiseMutex                       0x08001fb9   Thumb Code    24  queue.o(i.prvInitialiseMutex)
    i.prvInitialiseNewQueue                  0x08001fd0   Section        0  queue.o(i.prvInitialiseNewQueue)
    prvInitialiseNewQueue                    0x08001fd1   Thumb Code    32  queue.o(i.prvInitialiseNewQueue)
    i.prvInitialiseNewTask                   0x08001ff0   Section        0  tasks.o(i.prvInitialiseNewTask)
    prvInitialiseNewTask                     0x08001ff1   Thumb Code   138  tasks.o(i.prvInitialiseNewTask)
    i.prvInitialiseTaskLists                 0x080020a8   Section        0  tasks.o(i.prvInitialiseTaskLists)
    prvInitialiseTaskLists                   0x080020a9   Thumb Code    74  tasks.o(i.prvInitialiseTaskLists)
    i.prvInsertBlockIntoFreeList             0x08002100   Section        0  heap_4.o(i.prvInsertBlockIntoFreeList)
    prvInsertBlockIntoFreeList               0x08002101   Thumb Code    78  heap_4.o(i.prvInsertBlockIntoFreeList)
    i.prvInsertTimerInActiveList             0x08002154   Section        0  timers.o(i.prvInsertTimerInActiveList)
    prvInsertTimerInActiveList               0x08002155   Thumb Code    60  timers.o(i.prvInsertTimerInActiveList)
    i.prvIsQueueEmpty                        0x08002194   Section        0  queue.o(i.prvIsQueueEmpty)
    prvIsQueueEmpty                          0x08002195   Thumb Code    26  queue.o(i.prvIsQueueEmpty)
    i.prvIsQueueFull                         0x080021ae   Section        0  queue.o(i.prvIsQueueFull)
    prvIsQueueFull                           0x080021af   Thumb Code    30  queue.o(i.prvIsQueueFull)
    i.prvNotifyQueueSetContainer             0x080021cc   Section        0  queue.o(i.prvNotifyQueueSetContainer)
    prvNotifyQueueSetContainer               0x080021cd   Thumb Code   110  queue.o(i.prvNotifyQueueSetContainer)
    i.prvProcessExpiredTimer                 0x08002268   Section        0  timers.o(i.prvProcessExpiredTimer)
    prvProcessExpiredTimer                   0x08002269   Thumb Code    84  timers.o(i.prvProcessExpiredTimer)
    i.prvProcessReceivedCommands             0x080022ec   Section        0  timers.o(i.prvProcessReceivedCommands)
    prvProcessReceivedCommands               0x080022ed   Thumb Code   196  timers.o(i.prvProcessReceivedCommands)
    i.prvProcessTimerOrBlockTask             0x080023e0   Section        0  timers.o(i.prvProcessTimerOrBlockTask)
    prvProcessTimerOrBlockTask               0x080023e1   Thumb Code   100  timers.o(i.prvProcessTimerOrBlockTask)
    i.prvResetNextTaskUnblockTime            0x0800244c   Section        0  tasks.o(i.prvResetNextTaskUnblockTime)
    prvResetNextTaskUnblockTime              0x0800244d   Thumb Code    30  tasks.o(i.prvResetNextTaskUnblockTime)
    i.prvSampleTimeNow                       0x08002470   Section        0  timers.o(i.prvSampleTimeNow)
    prvSampleTimeNow                         0x08002471   Thumb Code    38  timers.o(i.prvSampleTimeNow)
    i.prvSwitchTimerLists                    0x0800249c   Section        0  timers.o(i.prvSwitchTimerLists)
    prvSwitchTimerLists                      0x0800249d   Thumb Code   100  timers.o(i.prvSwitchTimerLists)
    i.prvTaskExitError                       0x08002530   Section        0  port.o(i.prvTaskExitError)
    prvTaskExitError                         0x08002531   Thumb Code    36  port.o(i.prvTaskExitError)
    i.prvTimerTask                           0x08002594   Section        0  timers.o(i.prvTimerTask)
    prvTimerTask                             0x08002595   Thumb Code    20  timers.o(i.prvTimerTask)
    i.prvUnlockQueue                         0x080025a8   Section        0  queue.o(i.prvUnlockQueue)
    prvUnlockQueue                           0x080025a9   Thumb Code   126  queue.o(i.prvUnlockQueue)
    i.pvPortMalloc                           0x08002628   Section        0  heap_4.o(i.pvPortMalloc)
    i.pvTaskIncrementMutexHeldCount          0x08002734   Section        0  tasks.o(i.pvTaskIncrementMutexHeldCount)
    i.pxPortInitialiseStack                  0x0800274c   Section        0  port.o(i.pxPortInitialiseStack)
    i.uxListRemove                           0x08002770   Section        0  list.o(i.uxListRemove)
    i.uxQueueMessagesWaiting                 0x08002794   Section        0  queue.o(i.uxQueueMessagesWaiting)
    i.vListInitialise                        0x080027e4   Section        0  list.o(i.vListInitialise)
    i.vListInitialiseItem                    0x080027fa   Section        0  list.o(i.vListInitialiseItem)
    i.vListInsert                            0x08002800   Section        0  list.o(i.vListInsert)
    i.vListInsertEnd                         0x08002830   Section        0  list.o(i.vListInsertEnd)
    i.vPortEnterCritical                     0x08002848   Section        0  port.o(i.vPortEnterCritical)
    i.vPortExitCritical                      0x080028c0   Section        0  port.o(i.vPortExitCritical)
    i.vPortFree                              0x08002928   Section        0  heap_4.o(i.vPortFree)
    i.vPortSetupTimerInterrupt               0x080029c4   Section        0  port.o(i.vPortSetupTimerInterrupt)
    i.vPortValidateInterruptPriority         0x080029e4   Section        0  port.o(i.vPortValidateInterruptPriority)
    i.vQueueAddToRegistry                    0x08002a70   Section        0  queue.o(i.vQueueAddToRegistry)
    i.vQueueWaitForMessageRestricted         0x08002a94   Section        0  queue.o(i.vQueueWaitForMessageRestricted)
    i.vTask1                                 0x08002adc   Section        0  main.o(i.vTask1)
    i.vTask2                                 0x08002c04   Section        0  main.o(i.vTask2)
    i.vTask3                                 0x08002cf0   Section        0  main.o(i.vTask3)
    i.vTaskDelay                             0x08002ea4   Section        0  tasks.o(i.vTaskDelay)
    i.vTaskMissedYield                       0x08002f1c   Section        0  tasks.o(i.vTaskMissedYield)
    i.vTaskPlaceOnEventList                  0x08002f28   Section        0  tasks.o(i.vTaskPlaceOnEventList)
    i.vTaskPlaceOnEventListRestricted        0x08002f88   Section        0  tasks.o(i.vTaskPlaceOnEventListRestricted)
    i.vTaskPriorityInherit                   0x08002ff0   Section        0  tasks.o(i.vTaskPriorityInherit)
    i.vTaskSetTimeOutState                   0x08003078   Section        0  tasks.o(i.vTaskSetTimeOutState)
    i.vTaskStartScheduler                    0x080030c8   Section        0  tasks.o(i.vTaskStartScheduler)
    i.vTaskSuspendAll                        0x08003164   Section        0  tasks.o(i.vTaskSuspendAll)
    i.vTaskSwitchContext                     0x08003174   Section        0  tasks.o(i.vTaskSwitchContext)
    i.vTaskUART                              0x080031fc   Section        0  main.o(i.vTaskUART)
    i.xPortStartScheduler                    0x08003264   Section        0  port.o(i.xPortStartScheduler)
    i.xQueueCreateCountingSemaphore          0x08003374   Section        0  queue.o(i.xQueueCreateCountingSemaphore)
    i.xQueueCreateMutex                      0x080033d8   Section        0  queue.o(i.xQueueCreateMutex)
    i.xQueueGenericCreate                    0x080033f0   Section        0  queue.o(i.xQueueGenericCreate)
    i.xQueueGenericReceive                   0x0800345c   Section        0  queue.o(i.xQueueGenericReceive)
    i.xQueueGenericReset                     0x08003604   Section        0  queue.o(i.xQueueGenericReset)
    i.xQueueGenericSend                      0x080036b8   Section        0  queue.o(i.xQueueGenericSend)
    i.xQueueGenericSendFromISR               0x08003850   Section        0  queue.o(i.xQueueGenericSendFromISR)
    i.xTaskCheckForTimeOut                   0x08003944   Section        0  tasks.o(i.xTaskCheckForTimeOut)
    i.xTaskCreate                            0x080039dc   Section        0  tasks.o(i.xTaskCreate)
    i.xTaskGetSchedulerState                 0x08003a3c   Section        0  tasks.o(i.xTaskGetSchedulerState)
    i.xTaskGetTickCount                      0x08003a58   Section        0  tasks.o(i.xTaskGetTickCount)
    i.xTaskGetTickCountFromISR               0x08003a64   Section        0  tasks.o(i.xTaskGetTickCountFromISR)
    i.xTaskIncrementTick                     0x08003a74   Section        0  tasks.o(i.xTaskIncrementTick)
    i.xTaskPriorityDisinherit                0x08003b68   Section        0  tasks.o(i.xTaskPriorityDisinherit)
    i.xTaskRemoveFromEventList               0x08003c24   Section        0  tasks.o(i.xTaskRemoveFromEventList)
    i.xTaskResumeAll                         0x08003cc8   Section        0  tasks.o(i.xTaskResumeAll)
    i.xTimerCreateTimerTask                  0x08003dbc   Section        0  timers.o(i.xTimerCreateTimerTask)
    i.xTimerGenericCommand                   0x08003e34   Section        0  timers.o(i.xTimerGenericCommand)
    .data                                    0x20000000   Section       20  system_stm32f4xx.o(.data)
    .data                                    0x20000014   Section       16  stm32f4xx_rcc.o(.data)
    APBAHBPrescTable                         0x20000014   Data          16  stm32f4xx_rcc.o(.data)
    .data                                    0x20000024   Section       12  main.o(.data)
    .data                                    0x20000030   Section        8  usart1.o(.data)
    .data                                    0x20000038   Section       60  tasks.o(.data)
    uxDeletedTasksWaitingCleanUp             0x2000003c   Data           4  tasks.o(.data)
    uxCurrentNumberOfTasks                   0x20000040   Data           4  tasks.o(.data)
    xTickCount                               0x20000044   Data           4  tasks.o(.data)
    uxTopReadyPriority                       0x20000048   Data           4  tasks.o(.data)
    xSchedulerRunning                        0x2000004c   Data           4  tasks.o(.data)
    uxPendedTicks                            0x20000050   Data           4  tasks.o(.data)
    xYieldPending                            0x20000054   Data           4  tasks.o(.data)
    xNumOfOverflows                          0x20000058   Data           4  tasks.o(.data)
    uxTaskNumber                             0x2000005c   Data           4  tasks.o(.data)
    xNextTaskUnblockTime                     0x20000060   Data           4  tasks.o(.data)
    xIdleTaskHandle                          0x20000064   Data           4  tasks.o(.data)
    uxSchedulerSuspended                     0x20000068   Data           4  tasks.o(.data)
    pxDelayedTaskList                        0x2000006c   Data           4  tasks.o(.data)
    pxOverflowDelayedTaskList                0x20000070   Data           4  tasks.o(.data)
    .data                                    0x20000074   Section       20  timers.o(.data)
    xTimerQueue                              0x20000074   Data           4  timers.o(.data)
    xTimerTaskHandle                         0x20000078   Data           4  timers.o(.data)
    xLastTime                                0x2000007c   Data           4  timers.o(.data)
    pxCurrentTimerList                       0x20000080   Data           4  timers.o(.data)
    pxOverflowTimerList                      0x20000084   Data           4  timers.o(.data)
    .data                                    0x20000088   Section       12  port.o(.data)
    ucMaxSysCallPriority                     0x20000088   Data           1  port.o(.data)
    uxCriticalNesting                        0x2000008c   Data           4  port.o(.data)
    ulMaxPRIGROUPValue                       0x20000090   Data           4  port.o(.data)
    .data                                    0x20000094   Section       24  heap_4.o(.data)
    pxEnd                                    0x20000094   Data           4  heap_4.o(.data)
    xFreeBytesRemaining                      0x20000098   Data           4  heap_4.o(.data)
    xMinimumEverFreeBytesRemaining           0x2000009c   Data           4  heap_4.o(.data)
    xBlockAllocatedBit                       0x200000a0   Data           4  heap_4.o(.data)
    xStart                                   0x200000a4   Data           8  heap_4.o(.data)
    .data                                    0x200000ac   Section        4  stdout.o(.data)
    .bss                                     0x200000b0   Section      108  usart1.o(.bss)
    uart_sm                                  0x200000b0   Data         108  usart1.o(.bss)
    .bss                                     0x2000011c   Section       80  queue.o(.bss)
    .bss                                     0x2000016c   Section      740  tasks.o(.bss)
    pxReadyTasksLists                        0x2000016c   Data         640  tasks.o(.bss)
    xDelayedTaskList1                        0x200003ec   Data          20  tasks.o(.bss)
    xDelayedTaskList2                        0x20000400   Data          20  tasks.o(.bss)
    xPendingReadyList                        0x20000414   Data          20  tasks.o(.bss)
    xTasksWaitingTermination                 0x20000428   Data          20  tasks.o(.bss)
    xSuspendedTaskList                       0x2000043c   Data          20  tasks.o(.bss)
    .bss                                     0x20000450   Section       40  timers.o(.bss)
    xActiveTimerList1                        0x20000450   Data          20  timers.o(.bss)
    xActiveTimerList2                        0x20000464   Data          20  timers.o(.bss)
    .bss                                     0x20000478   Section    36864  heap_4.o(.bss)
    ucHeap                                   0x20000478   Data       36864  heap_4.o(.bss)
    STACK                                    0x20009478   Section     1024  startup_stm32f40xx.o(STACK)

    Global Symbols

    Symbol Name                              Value     Ov Type        Size  Object(Section)

    BuildAttributes$$THM_ISAv4$E$P$D$K$B$S$7EM$VFPi3$EXTD16$VFPS$VFMA$PE$A:L22UL41UL21$X:L11$S22US41US21$IEEE1$IW$USESV6$~STKCKD$USESV7$~SHL$OSPACE$ROPI$EBA8$MICROLIB$REQ8$PRES8$EABIv2 0x00000000   Number         0  anon$$obj.o ABSOLUTE
    __ARM_use_no_argv                        0x00000000   Number         0  main.o ABSOLUTE
    _printf_a                                0x00000000   Number         0  stubs.o ABSOLUTE
    _printf_c                                0x00000000   Number         0  stubs.o ABSOLUTE
    _printf_charcount                        0x00000000   Number         0  stubs.o ABSOLUTE
    _printf_d                                0x00000000   Number         0  stubs.o ABSOLUTE
    _printf_e                                0x00000000   Number         0  stubs.o ABSOLUTE
    _printf_f                                0x00000000   Number         0  stubs.o ABSOLUTE
    _printf_flags                            0x00000000   Number         0  stubs.o ABSOLUTE
    _printf_fp_dec                           0x00000000   Number         0  stubs.o ABSOLUTE
    _printf_fp_hex                           0x00000000   Number         0  stubs.o ABSOLUTE
    _printf_g                                0x00000000   Number         0  stubs.o ABSOLUTE
    _printf_i                                0x00000000   Number         0  stubs.o ABSOLUTE
    _printf_int_dec                          0x00000000   Number         0  stubs.o ABSOLUTE
    _printf_l                                0x00000000   Number         0  stubs.o ABSOLUTE
    _printf_lc                               0x00000000   Number         0  stubs.o ABSOLUTE
    _printf_ll                               0x00000000   Number         0  stubs.o ABSOLUTE
    _printf_lld                              0x00000000   Number         0  stubs.o ABSOLUTE
    _printf_lli                              0x00000000   Number         0  stubs.o ABSOLUTE
    _printf_llo                              0x00000000   Number         0  stubs.o ABSOLUTE
    _printf_llu                              0x00000000   Number         0  stubs.o ABSOLUTE
    _printf_llx                              0x00000000   Number         0  stubs.o ABSOLUTE
    _printf_longlong_dec                     0x00000000   Number         0  stubs.o ABSOLUTE
    _printf_longlong_hex                     0x00000000   Number         0  stubs.o ABSOLUTE
    _printf_longlong_oct                     0x00000000   Number         0  stubs.o ABSOLUTE
    _printf_ls                               0x00000000   Number         0  stubs.o ABSOLUTE
    _printf_mbtowc                           0x00000000   Number         0  stubs.o ABSOLUTE
    _printf_n                                0x00000000   Number         0  stubs.o ABSOLUTE
    _printf_o                                0x00000000   Number         0  stubs.o ABSOLUTE
    _printf_p                                0x00000000   Number         0  stubs.o ABSOLUTE
    _printf_percent                          0x00000000   Number         0  stubs.o ABSOLUTE
    _printf_pre_padding                      0x00000000   Number         0  stubs.o ABSOLUTE
    _printf_return_value                     0x00000000   Number         0  stubs.o ABSOLUTE
    _printf_s                                0x00000000   Number         0  stubs.o ABSOLUTE
    _printf_sizespec                         0x00000000   Number         0  stubs.o ABSOLUTE
    _printf_str                              0x00000000   Number         0  stubs.o ABSOLUTE
    _printf_truncate_signed                  0x00000000   Number         0  stubs.o ABSOLUTE
    _printf_truncate_unsigned                0x00000000   Number         0  stubs.o ABSOLUTE
    _printf_u                                0x00000000   Number         0  stubs.o ABSOLUTE
    _printf_wc                               0x00000000   Number         0  stubs.o ABSOLUTE
    _printf_wctomb                           0x00000000   Number         0  stubs.o ABSOLUTE
    _printf_widthprec                        0x00000000   Number         0  stubs.o ABSOLUTE
    _printf_x                                0x00000000   Number         0  stubs.o ABSOLUTE
    __cpp_initialize__aeabi_                  - Undefined Weak Reference
    __cxa_finalize                            - Undefined Weak Reference
    __decompress                              - Undefined Weak Reference
    _clock_init                               - Undefined Weak Reference
    _microlib_exit                            - Undefined Weak Reference
    __Vectors_Size                           0x00000188   Number         0  startup_stm32f40xx.o ABSOLUTE
    __Vectors                                0x08000000   Data           4  startup_stm32f40xx.o(RESET)
    __Vectors_End                            0x08000188   Data           0  startup_stm32f40xx.o(RESET)
    __main                                   0x08000189   Thumb Code     0  entry.o(.ARM.Collect$$$$00000000)
    _main_stk                                0x08000189   Thumb Code     0  entry2.o(.ARM.Collect$$$$00000001)
    _main_scatterload                        0x0800018d   Thumb Code     0  entry5.o(.ARM.Collect$$$$00000004)
    __main_after_scatterload                 0x08000191   Thumb Code     0  entry5.o(.ARM.Collect$$$$00000004)
    _main_clock                              0x08000191   Thumb Code     0  entry7b.o(.ARM.Collect$$$$00000008)
    _main_cpp_init                           0x08000191   Thumb Code     0  entry8b.o(.ARM.Collect$$$$0000000A)
    _main_init                               0x08000191   Thumb Code     0  entry9a.o(.ARM.Collect$$$$0000000B)
    __rt_final_cpp                           0x08000199   Thumb Code     0  entry10a.o(.ARM.Collect$$$$0000000D)
    __rt_final_exit                          0x08000199   Thumb Code     0  entry11a.o(.ARM.Collect$$$$0000000F)
    SVC_Handler                              0x0800019d   Thumb Code    28  port.o(.emb_text)
    __asm___6_port_c_39a90d8d__prvStartFirstTask 0x080001bd   Thumb Code    28  port.o(.emb_text)
    __asm___6_port_c_39a90d8d__prvEnableVFP  0x080001dd   Thumb Code    16  port.o(.emb_text)
    PendSV_Handler                           0x080001f1   Thumb Code    88  port.o(.emb_text)
    vPortGetIPSR                             0x0800024d   Thumb Code     6  port.o(.emb_text)
    Reset_Handler                            0x08000255   Thumb Code     8  startup_stm32f40xx.o(.text)
    ADC_IRQHandler                           0x0800026f   Thumb Code     0  startup_stm32f40xx.o(.text)
    CAN1_RX0_IRQHandler                      0x0800026f   Thumb Code     0  startup_stm32f40xx.o(.text)
    CAN1_RX1_IRQHandler                      0x0800026f   Thumb Code     0  startup_stm32f40xx.o(.text)
    CAN1_SCE_IRQHandler                      0x0800026f   Thumb Code     0  startup_stm32f40xx.o(.text)
    CAN1_TX_IRQHandler                       0x0800026f   Thumb Code     0  startup_stm32f40xx.o(.text)
    CAN2_RX0_IRQHandler                      0x0800026f   Thumb Code     0  startup_stm32f40xx.o(.text)
    CAN2_RX1_IRQHandler                      0x0800026f   Thumb Code     0  startup_stm32f40xx.o(.text)
    CAN2_SCE_IRQHandler                      0x0800026f   Thumb Code     0  startup_stm32f40xx.o(.text)
    CAN2_TX_IRQHandler                       0x0800026f   Thumb Code     0  startup_stm32f40xx.o(.text)
    CRYP_IRQHandler                          0x0800026f   Thumb Code     0  startup_stm32f40xx.o(.text)
    DCMI_IRQHandler                          0x0800026f   Thumb Code     0  startup_stm32f40xx.o(.text)
    DMA1_Stream0_IRQHandler                  0x0800026f   Thumb Code     0  startup_stm32f40xx.o(.text)
    DMA1_Stream1_IRQHandler                  0x0800026f   Thumb Code     0  startup_stm32f40xx.o(.text)
    DMA1_Stream2_IRQHandler                  0x0800026f   Thumb Code     0  startup_stm32f40xx.o(.text)
    DMA1_Stream3_IRQHandler                  0x0800026f   Thumb Code     0  startup_stm32f40xx.o(.text)
    DMA1_Stream4_IRQHandler                  0x0800026f   Thumb Code     0  startup_stm32f40xx.o(.text)
    DMA1_Stream5_IRQHandler                  0x0800026f   Thumb Code     0  startup_stm32f40xx.o(.text)
    DMA1_Stream6_IRQHandler                  0x0800026f   Thumb Code     0  startup_stm32f40xx.o(.text)
    DMA1_Stream7_IRQHandler                  0x0800026f   Thumb Code     0  startup_stm32f40xx.o(.text)
    DMA2_Stream0_IRQHandler                  0x0800026f   Thumb Code     0  startup_stm32f40xx.o(.text)
    DMA2_Stream1_IRQHandler                  0x0800026f   Thumb Code     0  startup_stm32f40xx.o(.text)
    DMA2_Stream2_IRQHandler                  0x0800026f   Thumb Code     0  startup_stm32f40xx.o(.text)
    DMA2_Stream3_IRQHandler                  0x0800026f   Thumb Code     0  startup_stm32f40xx.o(.text)
    DMA2_Stream4_IRQHandler                  0x0800026f   Thumb Code     0  startup_stm32f40xx.o(.text)
    DMA2_Stream5_IRQHandler                  0x0800026f   Thumb Code     0  startup_stm32f40xx.o(.text)
    DMA2_Stream6_IRQHandler                  0x0800026f   Thumb Code     0  startup_stm32f40xx.o(.text)
    DMA2_Stream7_IRQHandler                  0x0800026f   Thumb Code     0  startup_stm32f40xx.o(.text)
    ETH_IRQHandler                           0x0800026f   Thumb Code     0  startup_stm32f40xx.o(.text)
    ETH_WKUP_IRQHandler                      0x0800026f   Thumb Code     0  startup_stm32f40xx.o(.text)
    EXTI0_IRQHandler                         0x0800026f   Thumb Code     0  startup_stm32f40xx.o(.text)
    EXTI15_10_IRQHandler                     0x0800026f   Thumb Code     0  startup_stm32f40xx.o(.text)
    EXTI1_IRQHandler                         0x0800026f   Thumb Code     0  startup_stm32f40xx.o(.text)
    EXTI2_IRQHandler                         0x0800026f   Thumb Code     0  startup_stm32f40xx.o(.text)
    EXTI3_IRQHandler                         0x0800026f   Thumb Code     0  startup_stm32f40xx.o(.text)
    EXTI4_IRQHandler                         0x0800026f   Thumb Code     0  startup_stm32f40xx.o(.text)
    EXTI9_5_IRQHandler                       0x0800026f   Thumb Code     0  startup_stm32f40xx.o(.text)
    FLASH_IRQHandler                         0x0800026f   Thumb Code     0  startup_stm32f40xx.o(.text)
    FPU_IRQHandler                           0x0800026f   Thumb Code     0  startup_stm32f40xx.o(.text)
    FSMC_IRQHandler                          0x0800026f   Thumb Code     0  startup_stm32f40xx.o(.text)
    HASH_RNG_IRQHandler                      0x0800026f   Thumb Code     0  startup_stm32f40xx.o(.text)
    I2C1_ER_IRQHandler                       0x0800026f   Thumb Code     0  startup_stm32f40xx.o(.text)
    I2C1_EV_IRQHandler                       0x0800026f   Thumb Code     0  startup_stm32f40xx.o(.text)
    I2C2_ER_IRQHandler                       0x0800026f   Thumb Code     0  startup_stm32f40xx.o(.text)
    I2C2_EV_IRQHandler                       0x0800026f   Thumb Code     0  startup_stm32f40xx.o(.text)
    I2C3_ER_IRQHandler                       0x0800026f   Thumb Code     0  startup_stm32f40xx.o(.text)
    I2C3_EV_IRQHandler                       0x0800026f   Thumb Code     0  startup_stm32f40xx.o(.text)
    OTG_FS_IRQHandler                        0x0800026f   Thumb Code     0  startup_stm32f40xx.o(.text)
    OTG_FS_WKUP_IRQHandler                   0x0800026f   Thumb Code     0  startup_stm32f40xx.o(.text)
    OTG_HS_EP1_IN_IRQHandler                 0x0800026f   Thumb Code     0  startup_stm32f40xx.o(.text)
    OTG_HS_EP1_OUT_IRQHandler                0x0800026f   Thumb Code     0  startup_stm32f40xx.o(.text)
    OTG_HS_IRQHandler                        0x0800026f   Thumb Code     0  startup_stm32f40xx.o(.text)
    OTG_HS_WKUP_IRQHandler                   0x0800026f   Thumb Code     0  startup_stm32f40xx.o(.text)
    PVD_IRQHandler                           0x0800026f   Thumb Code     0  startup_stm32f40xx.o(.text)
    RCC_IRQHandler                           0x0800026f   Thumb Code     0  startup_stm32f40xx.o(.text)
    RTC_Alarm_IRQHandler                     0x0800026f   Thumb Code     0  startup_stm32f40xx.o(.text)
    RTC_WKUP_IRQHandler                      0x0800026f   Thumb Code     0  startup_stm32f40xx.o(.text)
    SDIO_IRQHandler                          0x0800026f   Thumb Code     0  startup_stm32f40xx.o(.text)
    SPI1_IRQHandler                          0x0800026f   Thumb Code     0  startup_stm32f40xx.o(.text)
    SPI2_IRQHandler                          0x0800026f   Thumb Code     0  startup_stm32f40xx.o(.text)
    SPI3_IRQHandler                          0x0800026f   Thumb Code     0  startup_stm32f40xx.o(.text)
    TAMP_STAMP_IRQHandler                    0x0800026f   Thumb Code     0  startup_stm32f40xx.o(.text)
    TIM1_BRK_TIM9_IRQHandler                 0x0800026f   Thumb Code     0  startup_stm32f40xx.o(.text)
    TIM1_CC_IRQHandler                       0x0800026f   Thumb Code     0  startup_stm32f40xx.o(.text)
    TIM1_TRG_COM_TIM11_IRQHandler            0x0800026f   Thumb Code     0  startup_stm32f40xx.o(.text)
    TIM1_UP_TIM10_IRQHandler                 0x0800026f   Thumb Code     0  startup_stm32f40xx.o(.text)
    TIM2_IRQHandler                          0x0800026f   Thumb Code     0  startup_stm32f40xx.o(.text)
    TIM3_IRQHandler                          0x0800026f   Thumb Code     0  startup_stm32f40xx.o(.text)
    TIM4_IRQHandler                          0x0800026f   Thumb Code     0  startup_stm32f40xx.o(.text)
    TIM5_IRQHandler                          0x0800026f   Thumb Code     0  startup_stm32f40xx.o(.text)
    TIM6_DAC_IRQHandler                      0x0800026f   Thumb Code     0  startup_stm32f40xx.o(.text)
    TIM7_IRQHandler                          0x0800026f   Thumb Code     0  startup_stm32f40xx.o(.text)
    TIM8_BRK_TIM12_IRQHandler                0x0800026f   Thumb Code     0  startup_stm32f40xx.o(.text)
    TIM8_CC_IRQHandler                       0x0800026f   Thumb Code     0  startup_stm32f40xx.o(.text)
    TIM8_TRG_COM_TIM14_IRQHandler            0x0800026f   Thumb Code     0  startup_stm32f40xx.o(.text)
    TIM8_UP_TIM13_IRQHandler                 0x0800026f   Thumb Code     0  startup_stm32f40xx.o(.text)
    UART4_IRQHandler                         0x0800026f   Thumb Code     0  startup_stm32f40xx.o(.text)
    UART5_IRQHandler                         0x0800026f   Thumb Code     0  startup_stm32f40xx.o(.text)
    USART2_IRQHandler                        0x0800026f   Thumb Code     0  startup_stm32f40xx.o(.text)
    USART3_IRQHandler                        0x0800026f   Thumb Code     0  startup_stm32f40xx.o(.text)
    USART6_IRQHandler                        0x0800026f   Thumb Code     0  startup_stm32f40xx.o(.text)
    WWDG_IRQHandler                          0x0800026f   Thumb Code     0  startup_stm32f40xx.o(.text)
    __aeabi_memcpy                           0x08000279   Thumb Code    36  memcpya.o(.text)
    __aeabi_memcpy4                          0x08000279   Thumb Code     0  memcpya.o(.text)
    __aeabi_memcpy8                          0x08000279   Thumb Code     0  memcpya.o(.text)
    __aeabi_uidiv                            0x0800029d   Thumb Code     0  uidiv.o(.text)
    __aeabi_uidivmod                         0x0800029d   Thumb Code    44  uidiv.o(.text)
    __aeabi_uldivmod                         0x080002c9   Thumb Code    98  uldiv.o(.text)
    __I$use$fp                               0x0800032b   Thumb Code     0  iusefp.o(.text)
    __aeabi_dadd                             0x0800032b   Thumb Code   322  dadd.o(.text)
    __aeabi_dsub                             0x0800046d   Thumb Code     6  dadd.o(.text)
    __aeabi_drsub                            0x08000473   Thumb Code     6  dadd.o(.text)
    __aeabi_dmul                             0x08000479   Thumb Code   228  dmul.o(.text)
    __aeabi_ddiv                             0x0800055d   Thumb Code   222  ddiv.o(.text)
    __aeabi_d2ulz                            0x0800063b   Thumb Code    48  dfixul.o(.text)
    __aeabi_cdrcmple                         0x0800066d   Thumb Code    48  cdrcmple.o(.text)
    __scatterload                            0x0800069d   Thumb Code    28  init.o(.text)
    __scatterload_rt2                        0x0800069d   Thumb Code     0  init.o(.text)
    __aeabi_llsl                             0x080006c1   Thumb Code    30  llshl.o(.text)
    _ll_shift_l                              0x080006c1   Thumb Code     0  llshl.o(.text)
    __aeabi_llsr                             0x080006df   Thumb Code    32  llushr.o(.text)
    _ll_ushift_r                             0x080006df   Thumb Code     0  llushr.o(.text)
    __aeabi_lasr                             0x080006ff   Thumb Code    36  llsshr.o(.text)
    _ll_sshift_r                             0x080006ff   Thumb Code     0  llsshr.o(.text)
    _double_round                            0x08000723   Thumb Code    30  depilogue.o(.text)
    _double_epilogue                         0x08000741   Thumb Code   156  depilogue.o(.text)
    BusFault_Handler                         0x080007dd   Thumb Code     2  stm32f4xx_it.o(i.BusFault_Handler)
    DebugMon_Handler                         0x080007df   Thumb Code     2  stm32f4xx_it.o(i.DebugMon_Handler)
    GPIO_Init                                0x080007e1   Thumb Code   124  stm32f4xx_gpio.o(i.GPIO_Init)
    GPIO_PinAFConfig                         0x0800085d   Thumb Code    32  stm32f4xx_gpio.o(i.GPIO_PinAFConfig)
    GPIO_ReadInputDataBit                    0x0800087d   Thumb Code    14  stm32f4xx_gpio.o(i.GPIO_ReadInputDataBit)
    GPIO_ReadOutputDataBit                   0x0800088b   Thumb Code    14  stm32f4xx_gpio.o(i.GPIO_ReadOutputDataBit)
    GPIO_SetBits                             0x08000899   Thumb Code     4  stm32f4xx_gpio.o(i.GPIO_SetBits)
    GPIO_ToggleBits                          0x0800089d   Thumb Code     8  stm32f4xx_gpio.o(i.GPIO_ToggleBits)
    GPIO_WriteBit                            0x080008a5   Thumb Code    12  stm32f4xx_gpio.o(i.GPIO_WriteBit)
    HardFault_Handler                        0x080008b1   Thumb Code     2  stm32f4xx_it.o(i.HardFault_Handler)
    MemManage_Handler                        0x080008b3   Thumb Code     2  stm32f4xx_it.o(i.MemManage_Handler)
    NMI_Handler                              0x080008b5   Thumb Code     2  stm32f4xx_it.o(i.NMI_Handler)
    NVIC_Init                                0x080008b9   Thumb Code    98  misc.o(i.NVIC_Init)
    NVIC_PriorityGroupConfig                 0x08000921   Thumb Code    10  misc.o(i.NVIC_PriorityGroupConfig)
    RCC_AHB1PeriphClockCmd                   0x08000935   Thumb Code    22  stm32f4xx_rcc.o(i.RCC_AHB1PeriphClockCmd)
    RCC_APB2PeriphClockCmd                   0x08000951   Thumb Code    22  stm32f4xx_rcc.o(i.RCC_APB2PeriphClockCmd)
    RCC_GetClocksFreq                        0x0800096d   Thumb Code   148  stm32f4xx_rcc.o(i.RCC_GetClocksFreq)
    Serial_Init                              0x08000a0d   Thumb Code   218  usart1.o(i.Serial_Init)
    Serial_Printf                            0x08000af5   Thumb Code    28  usart1.o(i.Serial_Printf)
    Serial_ReceivePacket                     0x08000b11   Thumb Code    32  usart1.o(i.Serial_ReceivePacket)
    Serial_SendByte                          0x08000b35   Thumb Code    82  usart1.o(i.Serial_SendByte)
    Serial_SendString                        0x08000b95   Thumb Code   102  usart1.o(i.Serial_SendString)
    SysTick_Handler                          0x08000cc1   Thumb Code    38  port.o(i.SysTick_Handler)
    SystemInit                               0x08000ced   Thumb Code    74  system_stm32f4xx.o(i.SystemInit)
    USART1_IRQHandler                        0x08000d49   Thumb Code   242  usart1.o(i.USART1_IRQHandler)
    USART_ClearITPendingBit                  0x08000e4d   Thumb Code    16  stm32f4xx_usart.o(i.USART_ClearITPendingBit)
    USART_Cmd                                0x08000e5d   Thumb Code    24  stm32f4xx_usart.o(i.USART_Cmd)
    USART_GetFlagStatus                      0x08000e75   Thumb Code    14  stm32f4xx_usart.o(i.USART_GetFlagStatus)
    USART_GetITStatus                        0x08000e83   Thumb Code    64  stm32f4xx_usart.o(i.USART_GetITStatus)
    USART_ITConfig                           0x08000ec3   Thumb Code    54  stm32f4xx_usart.o(i.USART_ITConfig)
    USART_Init                               0x08000ef9   Thumb Code   180  stm32f4xx_usart.o(i.USART_Init)
    USART_ReceiveData                        0x08000fb5   Thumb Code     8  stm32f4xx_usart.o(i.USART_ReceiveData)
    USART_SendData                           0x08000fbd   Thumb Code     8  stm32f4xx_usart.o(i.USART_SendData)
    UsageFault_Handler                       0x08000fc5   Thumb Code     2  stm32f4xx_it.o(i.UsageFault_Handler)
    __0printf$4                              0x08000fc9   Thumb Code    22  printf4.o(i.__0printf$4)
    __1printf$4                              0x08000fc9   Thumb Code     0  printf4.o(i.__0printf$4)
    __2printf                                0x08000fc9   Thumb Code     0  printf4.o(i.__0printf$4)
    __0sprintf$4                             0x08000fe9   Thumb Code    34  printf4.o(i.__0sprintf$4)
    __1sprintf$4                             0x08000fe9   Thumb Code     0  printf4.o(i.__0sprintf$4)
    __2sprintf                               0x08000fe9   Thumb Code     0  printf4.o(i.__0sprintf$4)
    __0vsprintf                              0x08001011   Thumb Code    30  printfa.o(i.__0vsprintf)
    __1vsprintf                              0x08001011   Thumb Code     0  printfa.o(i.__0vsprintf)
    __2vsprintf                              0x08001011   Thumb Code     0  printfa.o(i.__0vsprintf)
    __c89vsprintf                            0x08001011   Thumb Code     0  printfa.o(i.__0vsprintf)
    vsprintf                                 0x08001011   Thumb Code     0  printfa.o(i.__0vsprintf)
    __scatterload_copy                       0x08001035   Thumb Code    14  handlers.o(i.__scatterload_copy)
    __scatterload_null                       0x08001043   Thumb Code     2  handlers.o(i.__scatterload_null)
    __scatterload_zeroinit                   0x08001045   Thumb Code    14  handlers.o(i.__scatterload_zeroinit)
    fputc                                    0x08001b47   Thumb Code    14  usart1.o(i.fputc)
    key_get                                  0x08001b55   Thumb Code    42  key.o(i.key_get)
    key_init                                 0x08001b89   Thumb Code    64  key.o(i.key_init)
    led_init                                 0x08001bd1   Thumb Code    56  bsp_led.o(i.led_init)
    main                                     0x08001c0d   Thumb Code   132  main.o(i.main)
    pvPortMalloc                             0x08002629   Thumb Code   206  heap_4.o(i.pvPortMalloc)
    pvTaskIncrementMutexHeldCount            0x08002735   Thumb Code    20  tasks.o(i.pvTaskIncrementMutexHeldCount)
    pxPortInitialiseStack                    0x0800274d   Thumb Code    30  port.o(i.pxPortInitialiseStack)
    uxListRemove                             0x08002771   Thumb Code    36  list.o(i.uxListRemove)
    uxQueueMessagesWaiting                   0x08002795   Thumb Code    34  queue.o(i.uxQueueMessagesWaiting)
    vListInitialise                          0x080027e5   Thumb Code    22  list.o(i.vListInitialise)
    vListInitialiseItem                      0x080027fb   Thumb Code     6  list.o(i.vListInitialiseItem)
    vListInsert                              0x08002801   Thumb Code    48  list.o(i.vListInsert)
    vListInsertEnd                           0x08002831   Thumb Code    24  list.o(i.vListInsertEnd)
    vPortEnterCritical                       0x08002849   Thumb Code    50  port.o(i.vPortEnterCritical)
    vPortExitCritical                        0x080028c1   Thumb Code    38  port.o(i.vPortExitCritical)
    vPortFree                                0x08002929   Thumb Code    94  heap_4.o(i.vPortFree)
    vPortSetupTimerInterrupt                 0x080029c5   Thumb Code    26  port.o(i.vPortSetupTimerInterrupt)
    vPortValidateInterruptPriority           0x080029e5   Thumb Code    70  port.o(i.vPortValidateInterruptPriority)
    vQueueAddToRegistry                      0x08002a71   Thumb Code    32  queue.o(i.vQueueAddToRegistry)
    vQueueWaitForMessageRestricted           0x08002a95   Thumb Code    70  queue.o(i.vQueueWaitForMessageRestricted)
    vTask1                                   0x08002add   Thumb Code   140  main.o(i.vTask1)
    vTask2                                   0x08002c05   Thumb Code    88  main.o(i.vTask2)
    vTask3                                   0x08002cf1   Thumb Code   180  main.o(i.vTask3)
    vTaskDelay                               0x08002ea5   Thumb Code    66  tasks.o(i.vTaskDelay)
    vTaskMissedYield                         0x08002f1d   Thumb Code     8  tasks.o(i.vTaskMissedYield)
    vTaskPlaceOnEventList                    0x08002f29   Thumb Code    46  tasks.o(i.vTaskPlaceOnEventList)
    vTaskPlaceOnEventListRestricted          0x08002f89   Thumb Code    54  tasks.o(i.vTaskPlaceOnEventListRestricted)
    vTaskPriorityInherit                     0x08002ff1   Thumb Code   126  tasks.o(i.vTaskPriorityInherit)
    vTaskSetTimeOutState                     0x08003079   Thumb Code    32  tasks.o(i.vTaskSetTimeOutState)
    vTaskStartScheduler                      0x080030c9   Thumb Code    96  tasks.o(i.vTaskStartScheduler)
    vTaskSuspendAll                          0x08003165   Thumb Code    10  tasks.o(i.vTaskSuspendAll)
    vTaskSwitchContext                       0x08003175   Thumb Code    84  tasks.o(i.vTaskSwitchContext)
    vTaskUART                                0x080031fd   Thumb Code    40  main.o(i.vTaskUART)
    xPortStartScheduler                      0x08003265   Thumb Code   192  port.o(i.xPortStartScheduler)
    xQueueCreateCountingSemaphore            0x08003375   Thumb Code    56  queue.o(i.xQueueCreateCountingSemaphore)
    xQueueCreateMutex                        0x080033d9   Thumb Code    24  queue.o(i.xQueueCreateMutex)
    xQueueGenericCreate                      0x080033f1   Thumb Code    64  queue.o(i.xQueueGenericCreate)
    xQueueGenericReceive                     0x0800345d   Thumb Code   374  queue.o(i.xQueueGenericReceive)
    xQueueGenericReset                       0x08003605   Thumb Code   130  queue.o(i.xQueueGenericReset)
    xQueueGenericSend                        0x080036b9   Thumb Code   358  queue.o(i.xQueueGenericSend)
    xQueueGenericSendFromISR                 0x08003851   Thumb Code   200  queue.o(i.xQueueGenericSendFromISR)
    xTaskCheckForTimeOut                     0x08003945   Thumb Code   104  tasks.o(i.xTaskCheckForTimeOut)
    xTaskCreate                              0x080039dd   Thumb Code    96  tasks.o(i.xTaskCreate)
    xTaskGetSchedulerState                   0x08003a3d   Thumb Code    24  tasks.o(i.xTaskGetSchedulerState)
    xTaskGetTickCount                        0x08003a59   Thumb Code     6  tasks.o(i.xTaskGetTickCount)
    xTaskGetTickCountFromISR                 0x08003a65   Thumb Code    12  tasks.o(i.xTaskGetTickCountFromISR)
    xTaskIncrementTick                       0x08003a75   Thumb Code   192  tasks.o(i.xTaskIncrementTick)
    xTaskPriorityDisinherit                  0x08003b69   Thumb Code   136  tasks.o(i.xTaskPriorityDisinherit)
    xTaskRemoveFromEventList                 0x08003c25   Thumb Code   108  tasks.o(i.xTaskRemoveFromEventList)
    xTaskResumeAll                           0x08003cc9   Thumb Code   184  tasks.o(i.xTaskResumeAll)
    xTimerCreateTimerTask                    0x08003dbd   Thumb Code    58  timers.o(i.xTimerCreateTimerTask)
    xTimerGenericCommand                     0x08003e35   Thumb Code   112  timers.o(i.xTimerGenericCommand)
    Region$$Table$$Base                      0x08003ed4   Number         0  anon$$obj.o(Region$$Table)
    Region$$Table$$Limit                     0x08003ef4   Number         0  anon$$obj.o(Region$$Table)
    SystemCoreClock                          0x20000000   Data           4  system_stm32f4xx.o(.data)
    AHBPrescTable                            0x20000004   Data          16  system_stm32f4xx.o(.data)
    xSuspendableTaskHandle                   0x20000024   Data           4  main.o(.data)
    LED_S_Handle                             0x20000028   Data           4  main.o(.data)
    Key_Num                                  0x2000002c   Data           4  main.o(.data)
    xUartRxQueue                             0x20000030   Data           4  usart1.o(.data)
    xUartMutex                               0x20000034   Data           4  usart1.o(.data)
    pxCurrentTCB                             0x20000038   Data           4  tasks.o(.data)
    __stdout                                 0x200000ac   Data           4  stdout.o(.data)
    xQueueRegistry                           0x2000011c   Data          80  queue.o(.bss)
    __initial_sp                             0x20009878   Data           0  startup_stm32f40xx.o(STACK)



==============================================================================

Memory Map of the image

  Image Entry point : 0x08000189

  Load Region LR_IROM1 (Base: 0x08000000, Size: 0x00003fa4, Max: 0x00080000, ABSOLUTE)

    Execution Region ER_IROM1 (Exec base: 0x08000000, Load base: 0x08000000, Size: 0x00003ef4, Max: 0x00080000, ABSOLUTE)

    Exec Addr    Load Addr    Size         Type   Attr      Idx    E Section Name        Object

    0x08000000   0x08000000   0x00000188   Data   RO            3    RESET               startup_stm32f40xx.o
    0x08000188   0x08000188   0x00000000   Code   RO         6099  * .ARM.Collect$$$$00000000  mc_w.l(entry.o)
    0x08000188   0x08000188   0x00000004   Code   RO         6367    .ARM.Collect$$$$00000001  mc_w.l(entry2.o)
    0x0800018c   0x0800018c   0x00000004   Code   RO         6370    .ARM.Collect$$$$00000004  mc_w.l(entry5.o)
    0x08000190   0x08000190   0x00000000   Code   RO         6372    .ARM.Collect$$$$00000008  mc_w.l(entry7b.o)
    0x08000190   0x08000190   0x00000000   Code   RO         6374    .ARM.Collect$$$$0000000A  mc_w.l(entry8b.o)
    0x08000190   0x08000190   0x00000008   Code   RO         6375    .ARM.Collect$$$$0000000B  mc_w.l(entry9a.o)
    0x08000198   0x08000198   0x00000000   Code   RO         6377    .ARM.Collect$$$$0000000D  mc_w.l(entry10a.o)
    0x08000198   0x08000198   0x00000000   Code   RO         6379    .ARM.Collect$$$$0000000F  mc_w.l(entry11a.o)
    0x08000198   0x08000198   0x00000004   Code   RO         6368    .ARM.Collect$$$$00002712  mc_w.l(entry2.o)
    0x0800019c   0x0800019c   0x000000b6   Code   RO         5952    .emb_text           port.o
    0x08000252   0x08000252   0x00000002   PAD
    0x08000254   0x08000254   0x00000024   Code   RO            4    .text               startup_stm32f40xx.o
    0x08000278   0x08000278   0x00000024   Code   RO         6102    .text               mc_w.l(memcpya.o)
    0x0800029c   0x0800029c   0x0000002c   Code   RO         6382    .text               mc_w.l(uidiv.o)
    0x080002c8   0x080002c8   0x00000062   Code   RO         6384    .text               mc_w.l(uldiv.o)
    0x0800032a   0x0800032a   0x00000000   Code   RO         6386    .text               mc_w.l(iusefp.o)
    0x0800032a   0x0800032a   0x0000014e   Code   RO         6387    .text               mf_w.l(dadd.o)
    0x08000478   0x08000478   0x000000e4   Code   RO         6389    .text               mf_w.l(dmul.o)
    0x0800055c   0x0800055c   0x000000de   Code   RO         6391    .text               mf_w.l(ddiv.o)
    0x0800063a   0x0800063a   0x00000030   Code   RO         6393    .text               mf_w.l(dfixul.o)
    0x0800066a   0x0800066a   0x00000002   PAD
    0x0800066c   0x0800066c   0x00000030   Code   RO         6395    .text               mf_w.l(cdrcmple.o)
    0x0800069c   0x0800069c   0x00000024   Code   RO         6397    .text               mc_w.l(init.o)
    0x080006c0   0x080006c0   0x0000001e   Code   RO         6399    .text               mc_w.l(llshl.o)
    0x080006de   0x080006de   0x00000020   Code   RO         6401    .text               mc_w.l(llushr.o)
    0x080006fe   0x080006fe   0x00000024   Code   RO         6403    .text               mc_w.l(llsshr.o)
    0x08000722   0x08000722   0x000000ba   Code   RO         6405    .text               mf_w.l(depilogue.o)
    0x080007dc   0x080007dc   0x00000002   Code   RO         4869    i.BusFault_Handler  stm32f4xx_it.o
    0x080007de   0x080007de   0x00000002   Code   RO         4870    i.DebugMon_Handler  stm32f4xx_it.o
    0x080007e0   0x080007e0   0x0000007c   Code   RO         1857    i.GPIO_Init         stm32f4xx_gpio.o
    0x0800085c   0x0800085c   0x00000020   Code   RO         1858    i.GPIO_PinAFConfig  stm32f4xx_gpio.o
    0x0800087c   0x0800087c   0x0000000e   Code   RO         1861    i.GPIO_ReadInputDataBit  stm32f4xx_gpio.o
    0x0800088a   0x0800088a   0x0000000e   Code   RO         1863    i.GPIO_ReadOutputDataBit  stm32f4xx_gpio.o
    0x08000898   0x08000898   0x00000004   Code   RO         1865    i.GPIO_SetBits      stm32f4xx_gpio.o
    0x0800089c   0x0800089c   0x00000008   Code   RO         1867    i.GPIO_ToggleBits   stm32f4xx_gpio.o
    0x080008a4   0x080008a4   0x0000000c   Code   RO         1869    i.GPIO_WriteBit     stm32f4xx_gpio.o
    0x080008b0   0x080008b0   0x00000002   Code   RO         4871    i.HardFault_Handler  stm32f4xx_it.o
    0x080008b2   0x080008b2   0x00000002   Code   RO         4872    i.MemManage_Handler  stm32f4xx_it.o
    0x080008b4   0x080008b4   0x00000002   Code   RO         4873    i.NMI_Handler       stm32f4xx_it.o
    0x080008b6   0x080008b6   0x00000002   PAD
    0x080008b8   0x080008b8   0x00000068   Code   RO          155    i.NVIC_Init         misc.o
    0x08000920   0x08000920   0x00000014   Code   RO          156    i.NVIC_PriorityGroupConfig  misc.o
    0x08000934   0x08000934   0x0000001c   Code   RO         2561    i.RCC_AHB1PeriphClockCmd  stm32f4xx_rcc.o
    0x08000950   0x08000950   0x0000001c   Code   RO         2573    i.RCC_APB2PeriphClockCmd  stm32f4xx_rcc.o
    0x0800096c   0x0800096c   0x000000a0   Code   RO         2582    i.RCC_GetClocksFreq  stm32f4xx_rcc.o
    0x08000a0c   0x08000a0c   0x000000e8   Code   RO         4980    i.Serial_Init       usart1.o
    0x08000af4   0x08000af4   0x0000001c   Code   RO         4982    i.Serial_Printf     usart1.o
    0x08000b10   0x08000b10   0x00000024   Code   RO         4983    i.Serial_ReceivePacket  usart1.o
    0x08000b34   0x08000b34   0x00000060   Code   RO         4985    i.Serial_SendByte   usart1.o
    0x08000b94   0x08000b94   0x00000074   Code   RO         4987    i.Serial_SendString  usart1.o
    0x08000c08   0x08000c08   0x000000b8   Code   RO           13    i.SetSysClock       system_stm32f4xx.o
    0x08000cc0   0x08000cc0   0x0000002c   Code   RO         5953    i.SysTick_Handler   port.o
    0x08000cec   0x08000cec   0x0000005c   Code   RO           15    i.SystemInit        system_stm32f4xx.o
    0x08000d48   0x08000d48   0x00000104   Code   RO         4988    i.USART1_IRQHandler  usart1.o
    0x08000e4c   0x08000e4c   0x00000010   Code   RO         4508    i.USART_ClearITPendingBit  stm32f4xx_usart.o
    0x08000e5c   0x08000e5c   0x00000018   Code   RO         4511    i.USART_Cmd         stm32f4xx_usart.o
    0x08000e74   0x08000e74   0x0000000e   Code   RO         4514    i.USART_GetFlagStatus  stm32f4xx_usart.o
    0x08000e82   0x08000e82   0x00000040   Code   RO         4515    i.USART_GetITStatus  stm32f4xx_usart.o
    0x08000ec2   0x08000ec2   0x00000036   Code   RO         4517    i.USART_ITConfig    stm32f4xx_usart.o
    0x08000ef8   0x08000ef8   0x000000bc   Code   RO         4518    i.USART_Init        stm32f4xx_usart.o
    0x08000fb4   0x08000fb4   0x00000008   Code   RO         4525    i.USART_ReceiveData  stm32f4xx_usart.o
    0x08000fbc   0x08000fbc   0x00000008   Code   RO         4528    i.USART_SendData    stm32f4xx_usart.o
    0x08000fc4   0x08000fc4   0x00000002   Code   RO         4874    i.UsageFault_Handler  stm32f4xx_it.o
    0x08000fc6   0x08000fc6   0x00000002   PAD
    0x08000fc8   0x08000fc8   0x00000020   Code   RO         6217    i.__0printf$4       mc_w.l(printf4.o)
    0x08000fe8   0x08000fe8   0x00000028   Code   RO         6219    i.__0sprintf$4      mc_w.l(printf4.o)
    0x08001010   0x08001010   0x00000024   Code   RO         6345    i.__0vsprintf       mc_w.l(printfa.o)
    0x08001034   0x08001034   0x0000000e   Code   RO         6409    i.__scatterload_copy  mc_w.l(handlers.o)
    0x08001042   0x08001042   0x00000002   Code   RO         6410    i.__scatterload_null  mc_w.l(handlers.o)
    0x08001044   0x08001044   0x0000000e   Code   RO         6411    i.__scatterload_zeroinit  mc_w.l(handlers.o)
    0x08001052   0x08001052   0x00000002   PAD
    0x08001054   0x08001054   0x00000184   Code   RO         6346    i._fp_digits        mc_w.l(printfa.o)
    0x080011d8   0x080011d8   0x0000022c   Code   RO         6224    i._printf_core      mc_w.l(printf4.o)
    0x08001404   0x08001404   0x000006dc   Code   RO         6347    i._printf_core      mc_w.l(printfa.o)
    0x08001ae0   0x08001ae0   0x00000024   Code   RO         6348    i._printf_post_padding  mc_w.l(printfa.o)
    0x08001b04   0x08001b04   0x0000002e   Code   RO         6349    i._printf_pre_padding  mc_w.l(printfa.o)
    0x08001b32   0x08001b32   0x0000000a   Code   RO         6226    i._sputc            mc_w.l(printf4.o)
    0x08001b3c   0x08001b3c   0x0000000a   Code   RO         6351    i._sputc            mc_w.l(printfa.o)
    0x08001b46   0x08001b46   0x0000000e   Code   RO         4989    i.fputc             usart1.o
    0x08001b54   0x08001b54   0x00000034   Code   RO         4950    i.key_get           key.o
    0x08001b88   0x08001b88   0x00000048   Code   RO         4951    i.key_init          key.o
    0x08001bd0   0x08001bd0   0x0000003c   Code   RO         4926    i.led_init          bsp_led.o
    0x08001c0c   0x08001c0c   0x000000cc   Code   RO         4765    i.main              main.o
    0x08001cd8   0x08001cd8   0x00000070   Code   RO         5483    i.prvAddCurrentTaskToDelayedList  tasks.o
    0x08001d48   0x08001d48   0x00000088   Code   RO         5484    i.prvAddNewTaskToReadyList  tasks.o
    0x08001dd0   0x08001dd0   0x00000050   Code   RO         5810    i.prvCheckForValidListAndQueue  timers.o
    0x08001e20   0x08001e20   0x00000054   Code   RO         5485    i.prvCheckTasksWaitingTermination  tasks.o
    0x08001e74   0x08001e74   0x00000028   Code   RO         5256    i.prvCopyDataFromQueue  queue.o
    0x08001e9c   0x08001e9c   0x0000006e   Code   RO         5257    i.prvCopyDataToQueue  queue.o
    0x08001f0a   0x08001f0a   0x00000014   Code   RO         5486    i.prvDeleteTCB      tasks.o
    0x08001f1e   0x08001f1e   0x00000002   PAD
    0x08001f20   0x08001f20   0x00000024   Code   RO         5811    i.prvGetNextExpireTime  timers.o
    0x08001f44   0x08001f44   0x0000004c   Code   RO         6041    i.prvHeapInit       heap_4.o
    0x08001f90   0x08001f90   0x00000028   Code   RO         5487    i.prvIdleTask       tasks.o
    0x08001fb8   0x08001fb8   0x00000018   Code   RO         5258    i.prvInitialiseMutex  queue.o
    0x08001fd0   0x08001fd0   0x00000020   Code   RO         5259    i.prvInitialiseNewQueue  queue.o
    0x08001ff0   0x08001ff0   0x000000b8   Code   RO         5488    i.prvInitialiseNewTask  tasks.o
    0x080020a8   0x080020a8   0x00000058   Code   RO         5489    i.prvInitialiseTaskLists  tasks.o
    0x08002100   0x08002100   0x00000054   Code   RO         6042    i.prvInsertBlockIntoFreeList  heap_4.o
    0x08002154   0x08002154   0x00000040   Code   RO         5813    i.prvInsertTimerInActiveList  timers.o
    0x08002194   0x08002194   0x0000001a   Code   RO         5260    i.prvIsQueueEmpty   queue.o
    0x080021ae   0x080021ae   0x0000001e   Code   RO         5261    i.prvIsQueueFull    queue.o
    0x080021cc   0x080021cc   0x0000009c   Code   RO         5262    i.prvNotifyQueueSetContainer  queue.o
    0x08002268   0x08002268   0x00000084   Code   RO         5814    i.prvProcessExpiredTimer  timers.o
    0x080022ec   0x080022ec   0x000000f4   Code   RO         5815    i.prvProcessReceivedCommands  timers.o
    0x080023e0   0x080023e0   0x0000006c   Code   RO         5816    i.prvProcessTimerOrBlockTask  timers.o
    0x0800244c   0x0800244c   0x00000024   Code   RO         5490    i.prvResetNextTaskUnblockTime  tasks.o
    0x08002470   0x08002470   0x0000002c   Code   RO         5817    i.prvSampleTimeNow  timers.o
    0x0800249c   0x0800249c   0x00000094   Code   RO         5818    i.prvSwitchTimerLists  timers.o
    0x08002530   0x08002530   0x00000064   Code   RO         5954    i.prvTaskExitError  port.o
    0x08002594   0x08002594   0x00000014   Code   RO         5819    i.prvTimerTask      timers.o
    0x080025a8   0x080025a8   0x0000007e   Code   RO         5263    i.prvUnlockQueue    queue.o
    0x08002626   0x08002626   0x00000002   PAD
    0x08002628   0x08002628   0x0000010c   Code   RO         6043    i.pvPortMalloc      heap_4.o
    0x08002734   0x08002734   0x00000018   Code   RO         5492    i.pvTaskIncrementMutexHeldCount  tasks.o
    0x0800274c   0x0800274c   0x00000024   Code   RO         5955    i.pxPortInitialiseStack  port.o
    0x08002770   0x08002770   0x00000024   Code   RO         5207    i.uxListRemove      list.o
    0x08002794   0x08002794   0x00000050   Code   RO         5264    i.uxQueueMessagesWaiting  queue.o
    0x080027e4   0x080027e4   0x00000016   Code   RO         5208    i.vListInitialise   list.o
    0x080027fa   0x080027fa   0x00000006   Code   RO         5209    i.vListInitialiseItem  list.o
    0x08002800   0x08002800   0x00000030   Code   RO         5210    i.vListInsert       list.o
    0x08002830   0x08002830   0x00000018   Code   RO         5211    i.vListInsertEnd    list.o
    0x08002848   0x08002848   0x00000078   Code   RO         5957    i.vPortEnterCritical  port.o
    0x080028c0   0x080028c0   0x00000068   Code   RO         5958    i.vPortExitCritical  port.o
    0x08002928   0x08002928   0x0000009c   Code   RO         6044    i.vPortFree         heap_4.o
    0x080029c4   0x080029c4   0x00000020   Code   RO         5959    i.vPortSetupTimerInterrupt  port.o
    0x080029e4   0x080029e4   0x0000008c   Code   RO         5960    i.vPortValidateInterruptPriority  port.o
    0x08002a70   0x08002a70   0x00000024   Code   RO         5267    i.vQueueAddToRegistry  queue.o
    0x08002a94   0x08002a94   0x00000046   Code   RO         5270    i.vQueueWaitForMessageRestricted  queue.o
    0x08002ada   0x08002ada   0x00000002   PAD
    0x08002adc   0x08002adc   0x00000128   Code   RO         4766    i.vTask1            main.o
    0x08002c04   0x08002c04   0x000000ec   Code   RO         4767    i.vTask2            main.o
    0x08002cf0   0x08002cf0   0x000001b4   Code   RO         4768    i.vTask3            main.o
    0x08002ea4   0x08002ea4   0x00000078   Code   RO         5498    i.vTaskDelay        tasks.o
    0x08002f1c   0x08002f1c   0x0000000c   Code   RO         5502    i.vTaskMissedYield  tasks.o
    0x08002f28   0x08002f28   0x00000060   Code   RO         5504    i.vTaskPlaceOnEventList  tasks.o
    0x08002f88   0x08002f88   0x00000068   Code   RO         5505    i.vTaskPlaceOnEventListRestricted  tasks.o
    0x08002ff0   0x08002ff0   0x00000088   Code   RO         5507    i.vTaskPriorityInherit  tasks.o
    0x08003078   0x08003078   0x00000050   Code   RO         5510    i.vTaskSetTimeOutState  tasks.o
    0x080030c8   0x080030c8   0x0000009c   Code   RO         5511    i.vTaskStartScheduler  tasks.o
    0x08003164   0x08003164   0x00000010   Code   RO         5513    i.vTaskSuspendAll   tasks.o
    0x08003174   0x08003174   0x00000088   Code   RO         5514    i.vTaskSwitchContext  tasks.o
    0x080031fc   0x080031fc   0x00000068   Code   RO         4769    i.vTaskUART         main.o
    0x08003264   0x08003264   0x00000110   Code   RO         5961    i.xPortStartScheduler  port.o
    0x08003374   0x08003374   0x00000064   Code   RO         5272    i.xQueueCreateCountingSemaphore  queue.o
    0x080033d8   0x080033d8   0x00000018   Code   RO         5273    i.xQueueCreateMutex  queue.o
    0x080033f0   0x080033f0   0x0000006c   Code   RO         5275    i.xQueueGenericCreate  queue.o
    0x0800345c   0x0800345c   0x000001a8   Code   RO         5276    i.xQueueGenericReceive  queue.o
    0x08003604   0x08003604   0x000000b4   Code   RO         5277    i.xQueueGenericReset  queue.o
    0x080036b8   0x080036b8   0x00000198   Code   RO         5278    i.xQueueGenericSend  queue.o
    0x08003850   0x08003850   0x000000f4   Code   RO         5279    i.xQueueGenericSendFromISR  queue.o
    0x08003944   0x08003944   0x00000098   Code   RO         5515    i.xTaskCheckForTimeOut  tasks.o
    0x080039dc   0x080039dc   0x00000060   Code   RO         5516    i.xTaskCreate       tasks.o
    0x08003a3c   0x08003a3c   0x0000001c   Code   RO         5520    i.xTaskGetSchedulerState  tasks.o
    0x08003a58   0x08003a58   0x0000000c   Code   RO         5521    i.xTaskGetTickCount  tasks.o
    0x08003a64   0x08003a64   0x00000010   Code   RO         5522    i.xTaskGetTickCountFromISR  tasks.o
    0x08003a74   0x08003a74   0x000000f4   Code   RO         5523    i.xTaskIncrementTick  tasks.o
    0x08003b68   0x08003b68   0x000000bc   Code   RO         5526    i.xTaskPriorityDisinherit  tasks.o
    0x08003c24   0x08003c24   0x000000a4   Code   RO         5527    i.xTaskRemoveFromEventList  tasks.o
    0x08003cc8   0x08003cc8   0x000000f4   Code   RO         5529    i.xTaskResumeAll    tasks.o
    0x08003dbc   0x08003dbc   0x00000078   Code   RO         5823    i.xTimerCreateTimerTask  timers.o
    0x08003e34   0x08003e34   0x000000a0   Code   RO         5824    i.xTimerGenericCommand  timers.o
    0x08003ed4   0x08003ed4   0x00000020   Data   RO         6407    Region$$Table       anon$$obj.o


    Execution Region RW_IRAM1 (Exec base: 0x20000000, Load base: 0x08003ef4, Size: 0x00009878, Max: 0x00020000, ABSOLUTE)

    Exec Addr    Load Addr    Size         Type   Attr      Idx    E Section Name        Object

    0x20000000   0x08003ef4   0x00000014   Data   RW           16    .data               system_stm32f4xx.o
    0x20000014   0x08003f08   0x00000010   Data   RW         2614    .data               stm32f4xx_rcc.o
    0x20000024   0x08003f18   0x0000000c   Data   RW         4770    .data               main.o
    0x20000030   0x08003f24   0x00000008   Data   RW         4991    .data               usart1.o
    0x20000038   0x08003f2c   0x0000003c   Data   RW         5532    .data               tasks.o
    0x20000074   0x08003f68   0x00000014   Data   RW         5832    .data               timers.o
    0x20000088   0x08003f7c   0x0000000c   Data   RW         5962    .data               port.o
    0x20000094   0x08003f88   0x00000018   Data   RW         6049    .data               heap_4.o
    0x200000ac   0x08003fa0   0x00000004   Data   RW         6381    .data               mc_w.l(stdout.o)
    0x200000b0        -       0x0000006c   Zero   RW         4990    .bss                usart1.o
    0x2000011c        -       0x00000050   Zero   RW         5290    .bss                queue.o
    0x2000016c        -       0x000002e4   Zero   RW         5531    .bss                tasks.o
    0x20000450        -       0x00000028   Zero   RW         5831    .bss                timers.o
    0x20000478        -       0x00009000   Zero   RW         6048    .bss                heap_4.o
    0x20009478        -       0x00000400   Zero   RW            1    STACK               startup_stm32f40xx.o


==============================================================================

Image component sizes


      Code (inc. data)   RO Data    RW Data    ZI Data      Debug   Object Name

        60          4          0          0          0        631   bsp_led.o
         0          0          0          0          0      12092   event_groups.o
       584        138          0         24      36864       4635   heap_4.o
       124         18          0          0          0       1305   key.o
       136          0          0          0          0       3802   list.o
      1276        696          0         12          0      20022   main.o
       124         16          0          0          0       2071   misc.o
      1030        384          0         12          0      11789   port.o
      2218        378          0          0         80      18482   queue.o
        36          8        392          0       1024       1028   startup_stm32f40xx.o
       208          0          0          0          0       6069   stm32f4xx_gpio.o
        12          0          0          0          0       3337   stm32f4xx_it.o
       216         24          0         16          0       5014   stm32f4xx_rcc.o
       376          8          0          0          0       7835   stm32f4xx_usart.o
       276         34          0         20          0     274821   system_stm32f4xx.o
      2724        726          0         60        740      33036   tasks.o
      1156        306          0         20         40      10339   timers.o
       782         64          0          8        108       8321   usart1.o

    ----------------------------------------------------------------------
     11350       2804        424        172      38856     424629   Object Totals
         0          0         32          0          0          0   (incl. Generated)
        12          0          0          0          0          0   (incl. Padding)

    ----------------------------------------------------------------------

      Code (inc. data)   RO Data    RW Data    ZI Data      Debug   Library Member Name

         0          0          0          0          0          0   entry.o
         0          0          0          0          0          0   entry10a.o
         0          0          0          0          0          0   entry11a.o
         8          4          0          0          0          0   entry2.o
         4          0          0          0          0          0   entry5.o
         0          0          0          0          0          0   entry7b.o
         0          0          0          0          0          0   entry8b.o
         8          4          0          0          0          0   entry9a.o
        30          0          0          0          0          0   handlers.o
        36          8          0          0          0         68   init.o
         0          0          0          0          0          0   iusefp.o
        30          0          0          0          0         68   llshl.o
        36          0          0          0          0         68   llsshr.o
        32          0          0          0          0         68   llushr.o
        36          0          0          0          0         68   memcpya.o
       638         20          0          0          0        336   printf4.o
      2272         86          0          0          0        516   printfa.o
         0          0          0          4          0          0   stdout.o
        44          0          0          0          0         80   uidiv.o
        98          0          0          0          0         92   uldiv.o
        48          0          0          0          0         68   cdrcmple.o
       334          0          0          0          0        148   dadd.o
       222          0          0          0          0        100   ddiv.o
       186          0          0          0          0        176   depilogue.o
        48          0          0          0          0         68   dfixul.o
       228          0          0          0          0         96   dmul.o

    ----------------------------------------------------------------------
      4342        122          0          4          0       2020   Library Totals
         4          0          0          0          0          0   (incl. Padding)

    ----------------------------------------------------------------------

      Code (inc. data)   RO Data    RW Data    ZI Data      Debug   Library Name

      3272        122          0          4          0       1364   mc_w.l
      1066          0          0          0          0        656   mf_w.l

    ----------------------------------------------------------------------
      4342        122          0          4          0       2020   Library Totals

    ----------------------------------------------------------------------

==============================================================================


      Code (inc. data)   RO Data    RW Data    ZI Data      Debug   

     15692       2926        424        176      38856     414661   Grand Totals
     15692       2926        424        176      38856     414661   ELF Image Totals
     15692       2926        424        176          0          0   ROM Totals

==============================================================================

    Total RO  Size (Code + RO Data)                16116 (  15.74kB)
    Total RW  Size (RW Data + ZI Data)             39032 (  38.12kB)
    Total ROM Size (Code + RO Data + RW Data)      16292 (  15.91kB)

==============================================================================

