<html>
<body>
<pre>
<h1>礦ision Build Log</h1>
<h2>Tool Versions:</h2>
IDE-Version: μVision V5.39.0.0
Copyright (C) 2023 ARM Ltd and ARM Germany GmbH. All rights reserved.
License Information: SRV,JHKUSD 2046138442@qq.com, WEGC, LIC=RC93N-YKRNX-JJM6S-LG9BX-HBEK6-CXEQS
 
Tool Versions:
Toolchain:       MDK-ARM Plus  Version: 5.39.0.0
Toolchain Path:  D:\UV4\ARM\ARMCC\Bin
C Compiler:      Armcc.exe V5.06 update 5 (build 528)
Assembler:       Armasm.exe V5.06 update 5 (build 528)
Linker/Locator:  ArmLink.exe V5.06 update 5 (build 528)
Library Manager: ArmAr.exe V5.06 update 5 (build 528)
Hex Converter:   FromElf.exe V5.06 update 5 (build 528)
CPU DLL:         SARMCM3.DLL V5.39.0.0
Dialog DLL:      DCM.DLL V1.17.5.0
Target DLL:      CMSIS_AGDI.dll V1.33.16.0
Dialog DLL:      TCM.DLL V1.56.4.0
 
<h2>Project:</h2>
D:\AAA野火资料\AAA野火F103ZET6霸道V2网盘20230504\F407\FreeRtos\12-GPIO输出—使用固件库点亮LED灯\Project\RVMDK（uv5）\BH-F407.uvprojx
Project File Date:  10/31/2025

<h2>Output:</h2>
*** Using Compiler 'V5.06 update 5 (build 528)', folder: 'D:\UV4\ARM\ARMCC\Bin'
Rebuild target '多彩流水灯'
assembling startup_stm32f40xx.s...
compiling system_stm32f4xx.c...
compiling stm32f4xx_cec.c...
compiling stm32f4xx_cryp_tdes.c...
compiling stm32f4xx_dcmi.c...
compiling misc.c...
compiling stm32f4xx_crc.c...
compiling stm32f4xx_cryp_des.c...
compiling stm32f4xx_can.c...
compiling stm32f4xx_dbgmcu.c...
compiling stm32f4xx_adc.c...
compiling stm32f4xx_dac.c...
compiling stm32f4xx_dma.c...
compiling stm32f4xx_cryp.c...
compiling stm32f4xx_cryp_aes.c...
compiling stm32f4xx_exti.c...
compiling stm32f4xx_flash_ramfunc.c...
compiling stm32f4xx_flash.c...
compiling stm32f4xx_fmpi2c.c...
compiling stm32f4xx_gpio.c...
compiling stm32f4xx_fsmc.c...
compiling stm32f4xx_iwdg.c...
compiling stm32f4xx_hash_md5.c...
compiling stm32f4xx_hash_sha1.c...
compiling stm32f4xx_hash.c...
compiling stm32f4xx_pwr.c...
compiling stm32f4xx_qspi.c...
compiling stm32f4xx_i2c.c...
compiling stm32f4xx_rng.c...
compiling stm32f4xx_rcc.c...
compiling stm32f4xx_sai.c...
compiling stm32f4xx_rtc.c...
compiling stm32f4xx_sdio.c...
compiling stm32f4xx_spdifrx.c...
compiling stm32f4xx_spi.c...
compiling stm32f4xx_syscfg.c...
compiling stm32f4xx_usart.c...
compiling bsp_led.c...
..\..\User\led\bsp_led.c(31): warning:  #1-D: last line of file ends without a newline
  }
..\..\User\led\bsp_led.c: 1 warning, 0 errors
compiling stm32f4xx_wwdg.c...
compiling key.c...
..\..\User\key\key.h(9): warning:  #1-D: last line of file ends without a newline
  #endif
..\..\User\key\key.c(35): warning:  #188-D: enumerated type mixed with another type
      GPIO_InitStructure.GPIO_Mode  = GPIO_PuPd_DOWN ;
..\..\User\key\key.c: 2 warnings, 0 errors
compiling stm32f4xx_it.c...
..\..\User\FreeRTOSConfig.h(169): warning:  #1-D: last line of file ends without a newline
  #endif /* FREERTOS_CONFIG_H */
..\..\User\stm32f4xx_it.c(139): warning:  #1-D: last line of file ends without a newline
  /************************ (C) COPYRIGHT STMicroelectronics *****END OF FILE****/
..\..\User\stm32f4xx_it.c: 2 warnings, 0 errors
compiling main.c...
..\..\User\FreeRTOSConfig.h(169): warning:  #1-D: last line of file ends without a newline
  #endif /* FREERTOS_CONFIG_H */
..\..\User\key\key.h(9): warning:  #1-D: last line of file ends without a newline
  #endif
..\..\User\main.c(184): warning:  #1-D: last line of file ends without a newline
  }
..\..\User\main.c: 3 warnings, 0 errors
compiling stm32f4xx_tim.c...
compiling croutine.c...
..\..\User\FreeRTOSConfig.h(169): warning:  #1-D: last line of file ends without a newline
  #endif /* FREERTOS_CONFIG_H */
..\..\FreeRTOS\src\croutine.c: 1 warning, 0 errors
compiling event_groups.c...
..\..\User\FreeRTOSConfig.h(169): warning:  #1-D: last line of file ends without a newline
  #endif /* FREERTOS_CONFIG_H */
..\..\FreeRTOS\src\event_groups.c: 1 warning, 0 errors
compiling list.c...
..\..\User\FreeRTOSConfig.h(169): warning:  #1-D: last line of file ends without a newline
  #endif /* FREERTOS_CONFIG_H */
..\..\FreeRTOS\src\list.c: 1 warning, 0 errors
compiling queue.c...
..\..\User\FreeRTOSConfig.h(169): warning:  #1-D: last line of file ends without a newline
  #endif /* FREERTOS_CONFIG_H */
..\..\FreeRTOS\src\queue.c: 1 warning, 0 errors
compiling tasks.c...
..\..\User\FreeRTOSConfig.h(169): warning:  #1-D: last line of file ends without a newline
  #endif /* FREERTOS_CONFIG_H */
..\..\FreeRTOS\src\tasks.c: 1 warning, 0 errors
compiling timers.c...
..\..\User\FreeRTOSConfig.h(169): warning:  #1-D: last line of file ends without a newline
  #endif /* FREERTOS_CONFIG_H */
..\..\FreeRTOS\src\timers.c: 1 warning, 0 errors
compiling port.c...
..\..\User\FreeRTOSConfig.h(169): warning:  #1-D: last line of file ends without a newline
  #endif /* FREERTOS_CONFIG_H */
..\..\FreeRTOS\port\RVDS\ARM_CM4F\port.c: 1 warning, 0 errors
compiling heap_4.c...
..\..\User\FreeRTOSConfig.h(169): warning:  #1-D: last line of file ends without a newline
  #endif /* FREERTOS_CONFIG_H */
..\..\FreeRTOS\port\MemMang\heap_4.c: 1 warning, 0 errors
linking...
Program Size: Code=9960 RO-data=424 RW-data=148 ZI-data=38748  
FromELF: creating hex file...
"..\..\Output\Template.axf" - 0 Error(s), 16 Warning(s).

<h2>Software Packages used:</h2>

Package Vendor: Keil
                https://www.keil.com/pack/Keil.STM32F4xx_DFP.3.1.0.pack
                Keil::STM32F4xx_DFP@3.1.0
                STMicroelectronics STM32F4 Series Device Support

<h2>Collection of Component include folders:</h2>

<h2>Collection of Component Files used:</h2>
Build Time Elapsed:  00:00:04
</pre>
</body>
</html>
